127.0.0.1 - - [22/Jun/2020:14:40:57 +0800] "PUT /nacos/v1/ns/instance/beat?beat=%7B%22cluster%22%3A%22DEFAULT%22%2C%22ip%22%3A%22192.168.8.184%22%2C%22metadata%22%3A%7B%22preserved.register.source%22%3A%22SPRING_CLOUD%22%7D%2C%22period%22%3A5000%2C%22port%22%3A8080%2C%22scheduled%22%3Afalse%2C%22serviceName%22%3A%22DEFAULT_GROUP%40%40GATEWAY-SERVER%22%2C%22stopped%22%3Afalse%2C%22weight%22%3A1.0%7D&app=unknown&serviceName=DEFAULT_GROUP%40%40GATEWAY-SERVER&encoding=UTF-8&namespaceId=public HTTP/1.1" 200 75 6 Nacos-Java-Client:v1.1.4
0:0:0:0:0:0:0:1 - - [22/Jun/2020:14:40:58 +0800] "GET /nacos/v1/cs/configs?dataId=&group=&appName=&config_tags=&pageNo=1&pageSize=10&tenant=fb00e33b-00f2-415a-9cd7-70408bf45f05&search=accurate&accessToken=eyJhbGciOiJIUzI1NiJ9.eyJzdWIiOiJuYWNvcyIsImV4cCI6MTU5MjgyMzk1NX0.yajrss_LacCbOpuOBnTtsC-utezL1sNOe6Q6MtDLh4c HTTP/1.1" 200 2778 5 Mozilla/5.0 (Windows NT 10.0; WOW64) AppleWebKit/537.36 (KHTML, like Gecko) Chrome/72.0.3626.121 Safari/537.36
0:0:0:0:0:0:0:1 - - [22/Jun/2020:14:41:01 +0800] "GET /nacos/v1/cs/configs?dataId=GATEWAY-SERVER.yaml&group=develop&namespaceId=fb00e33b-00f2-415a-9cd7-70408bf45f05&tenant=fb00e33b-00f2-415a-9cd7-70408bf45f05&beta=true&accessToken=eyJhbGciOiJIUzI1NiJ9.eyJzdWIiOiJuYWNvcyIsImV4cCI6MTU5MjgyMzk1NX0.yajrss_LacCbOpuOBnTtsC-utezL1sNOe6Q6MtDLh4c HTTP/1.1" 200 60 3 Mozilla/5.0 (Windows NT 10.0; WOW64) AppleWebKit/537.36 (KHTML, like Gecko) Chrome/72.0.3626.121 Safari/537.36
0:0:0:0:0:0:0:1 - - [22/Jun/2020:14:41:01 +0800] "GET /nacos/v1/cs/configs?dataId=GATEWAY-SERVER.yaml&group=develop&namespaceId=fb00e33b-00f2-415a-9cd7-70408bf45f05&tenant=fb00e33b-00f2-415a-9cd7-70408bf45f05&show=all&accessToken=eyJhbGciOiJIUzI1NiJ9.eyJzdWIiOiJuYWNvcyIsImV4cCI6MTU5MjgyMzk1NX0.yajrss_LacCbOpuOBnTtsC-utezL1sNOe6Q6MtDLh4c HTTP/1.1" 200 1627 3 Mozilla/5.0 (Windows NT 10.0; WOW64) AppleWebKit/537.36 (KHTML, like Gecko) Chrome/72.0.3626.121 Safari/537.36
127.0.0.1 - - [22/Jun/2020:14:41:02 +0800] "PUT /nacos/v1/ns/instance/beat?beat=%7B%22cluster%22%3A%22DEFAULT%22%2C%22ip%22%3A%22192.168.8.184%22%2C%22metadata%22%3A%7B%22preserved.register.source%22%3A%22SPRING_CLOUD%22%7D%2C%22period%22%3A5000%2C%22port%22%3A8080%2C%22scheduled%22%3Afalse%2C%22serviceName%22%3A%22DEFAULT_GROUP%40%40GATEWAY-SERVER%22%2C%22stopped%22%3Afalse%2C%22weight%22%3A1.0%7D&app=unknown&serviceName=DEFAULT_GROUP%40%40GATEWAY-SERVER&encoding=UTF-8&namespaceId=public HTTP/1.1" 200 75 3 Nacos-Java-Client:v1.1.4
127.0.0.1 - - [22/Jun/2020:14:41:07 +0800] "PUT /nacos/v1/ns/instance/beat?beat=%7B%22cluster%22%3A%22DEFAULT%22%2C%22ip%22%3A%22192.168.8.184%22%2C%22metadata%22%3A%7B%22preserved.register.source%22%3A%22SPRING_CLOUD%22%7D%2C%22period%22%3A5000%2C%22port%22%3A8080%2C%22scheduled%22%3Afalse%2C%22serviceName%22%3A%22DEFAULT_GROUP%40%40GATEWAY-SERVER%22%2C%22stopped%22%3Afalse%2C%22weight%22%3A1.0%7D&app=unknown&serviceName=DEFAULT_GROUP%40%40GATEWAY-SERVER&encoding=UTF-8&namespaceId=public HTTP/1.1" 200 75 4 Nacos-Java-Client:v1.1.4
127.0.0.1 - - [22/Jun/2020:14:41:12 +0800] "PUT /nacos/v1/ns/instance/beat?beat=%7B%22cluster%22%3A%22DEFAULT%22%2C%22ip%22%3A%22192.168.8.184%22%2C%22metadata%22%3A%7B%22preserved.register.source%22%3A%22SPRING_CLOUD%22%7D%2C%22period%22%3A5000%2C%22port%22%3A8080%2C%22scheduled%22%3Afalse%2C%22serviceName%22%3A%22DEFAULT_GROUP%40%40GATEWAY-SERVER%22%2C%22stopped%22%3Afalse%2C%22weight%22%3A1.0%7D&app=unknown&serviceName=DEFAULT_GROUP%40%40GATEWAY-SERVER&encoding=UTF-8&namespaceId=public HTTP/1.1" 200 75 7 Nacos-Java-Client:v1.1.4
127.0.0.1 - - [22/Jun/2020:14:41:17 +0800] "POST /nacos/v1/cs/configs/listener HTTP/1.1" 200 - 29501 Java/1.8.0_91
127.0.0.1 - - [22/Jun/2020:14:41:17 +0800] "PUT /nacos/v1/ns/instance/beat?beat=%7B%22cluster%22%3A%22DEFAULT%22%2C%22ip%22%3A%22192.168.8.184%22%2C%22metadata%22%3A%7B%22preserved.register.source%22%3A%22SPRING_CLOUD%22%7D%2C%22period%22%3A5000%2C%22port%22%3A8080%2C%22scheduled%22%3Afalse%2C%22serviceName%22%3A%22DEFAULT_GROUP%40%40GATEWAY-SERVER%22%2C%22stopped%22%3Afalse%2C%22weight%22%3A1.0%7D&app=unknown&serviceName=DEFAULT_GROUP%40%40GATEWAY-SERVER&encoding=UTF-8&namespaceId=public HTTP/1.1" 200 75 2 Nacos-Java-Client:v1.1.4
127.0.0.1 - - [22/Jun/2020:14:41:22 +0800] "PUT /nacos/v1/ns/instance/beat?beat=%7B%22cluster%22%3A%22DEFAULT%22%2C%22ip%22%3A%22192.168.8.184%22%2C%22metadata%22%3A%7B%22preserved.register.source%22%3A%22SPRING_CLOUD%22%7D%2C%22period%22%3A5000%2C%22port%22%3A8080%2C%22scheduled%22%3Afalse%2C%22serviceName%22%3A%22DEFAULT_GROUP%40%40GATEWAY-SERVER%22%2C%22stopped%22%3Afalse%2C%22weight%22%3A1.0%7D&app=unknown&serviceName=DEFAULT_GROUP%40%40GATEWAY-SERVER&encoding=UTF-8&namespaceId=public HTTP/1.1" 200 75 8 Nacos-Java-Client:v1.1.4
127.0.0.1 - - [22/Jun/2020:14:41:27 +0800] "PUT /nacos/v1/ns/instance/beat?beat=%7B%22cluster%22%3A%22DEFAULT%22%2C%22ip%22%3A%22192.168.8.184%22%2C%22metadata%22%3A%7B%22preserved.register.source%22%3A%22SPRING_CLOUD%22%7D%2C%22period%22%3A5000%2C%22port%22%3A8080%2C%22scheduled%22%3Afalse%2C%22serviceName%22%3A%22DEFAULT_GROUP%40%40GATEWAY-SERVER%22%2C%22stopped%22%3Afalse%2C%22weight%22%3A1.0%7D&app=unknown&serviceName=DEFAULT_GROUP%40%40GATEWAY-SERVER&encoding=UTF-8&namespaceId=public HTTP/1.1" 200 75 3 Nacos-Java-Client:v1.1.4
127.0.0.1 - - [22/Jun/2020:14:41:32 +0800] "PUT /nacos/v1/ns/instance/beat?beat=%7B%22cluster%22%3A%22DEFAULT%22%2C%22ip%22%3A%22192.168.8.184%22%2C%22metadata%22%3A%7B%22preserved.register.source%22%3A%22SPRING_CLOUD%22%7D%2C%22period%22%3A5000%2C%22port%22%3A8080%2C%22scheduled%22%3Afalse%2C%22serviceName%22%3A%22DEFAULT_GROUP%40%40GATEWAY-SERVER%22%2C%22stopped%22%3Afalse%2C%22weight%22%3A1.0%7D&app=unknown&serviceName=DEFAULT_GROUP%40%40GATEWAY-SERVER&encoding=UTF-8&namespaceId=public HTTP/1.1" 200 75 3 Nacos-Java-Client:v1.1.4
127.0.0.1 - - [22/Jun/2020:14:41:37 +0800] "PUT /nacos/v1/ns/instance/beat?beat=%7B%22cluster%22%3A%22DEFAULT%22%2C%22ip%22%3A%22192.168.8.184%22%2C%22metadata%22%3A%7B%22preserved.register.source%22%3A%22SPRING_CLOUD%22%7D%2C%22period%22%3A5000%2C%22port%22%3A8080%2C%22scheduled%22%3Afalse%2C%22serviceName%22%3A%22DEFAULT_GROUP%40%40GATEWAY-SERVER%22%2C%22stopped%22%3Afalse%2C%22weight%22%3A1.0%7D&app=unknown&serviceName=DEFAULT_GROUP%40%40GATEWAY-SERVER&encoding=UTF-8&namespaceId=public HTTP/1.1" 200 75 8 Nacos-Java-Client:v1.1.4
127.0.0.1 - - [22/Jun/2020:14:41:42 +0800] "PUT /nacos/v1/ns/instance/beat?beat=%7B%22cluster%22%3A%22DEFAULT%22%2C%22ip%22%3A%22192.168.8.184%22%2C%22metadata%22%3A%7B%22preserved.register.source%22%3A%22SPRING_CLOUD%22%7D%2C%22period%22%3A5000%2C%22port%22%3A8080%2C%22scheduled%22%3Afalse%2C%22serviceName%22%3A%22DEFAULT_GROUP%40%40GATEWAY-SERVER%22%2C%22stopped%22%3Afalse%2C%22weight%22%3A1.0%7D&app=unknown&serviceName=DEFAULT_GROUP%40%40GATEWAY-SERVER&encoding=UTF-8&namespaceId=public HTTP/1.1" 200 75 3 Nacos-Java-Client:v1.1.4
127.0.0.1 - - [22/Jun/2020:14:41:46 +0800] "POST /nacos/v1/cs/configs/listener HTTP/1.1" 200 - 29504 Java/1.8.0_91
127.0.0.1 - - [22/Jun/2020:14:41:47 +0800] "PUT /nacos/v1/ns/instance/beat?beat=%7B%22cluster%22%3A%22DEFAULT%22%2C%22ip%22%3A%22192.168.8.184%22%2C%22metadata%22%3A%7B%22preserved.register.source%22%3A%22SPRING_CLOUD%22%7D%2C%22period%22%3A5000%2C%22port%22%3A8080%2C%22scheduled%22%3Afalse%2C%22serviceName%22%3A%22DEFAULT_GROUP%40%40GATEWAY-SERVER%22%2C%22stopped%22%3Afalse%2C%22weight%22%3A1.0%7D&app=unknown&serviceName=DEFAULT_GROUP%40%40GATEWAY-SERVER&encoding=UTF-8&namespaceId=public HTTP/1.1" 200 75 4 Nacos-Java-Client:v1.1.4
127.0.0.1 - - [22/Jun/2020:14:41:52 +0800] "PUT /nacos/v1/ns/instance/beat?beat=%7B%22cluster%22%3A%22DEFAULT%22%2C%22ip%22%3A%22192.168.8.184%22%2C%22metadata%22%3A%7B%22preserved.register.source%22%3A%22SPRING_CLOUD%22%7D%2C%22period%22%3A5000%2C%22port%22%3A8080%2C%22scheduled%22%3Afalse%2C%22serviceName%22%3A%22DEFAULT_GROUP%40%40GATEWAY-SERVER%22%2C%22stopped%22%3Afalse%2C%22weight%22%3A1.0%7D&app=unknown&serviceName=DEFAULT_GROUP%40%40GATEWAY-SERVER&encoding=UTF-8&namespaceId=public HTTP/1.1" 200 75 7 Nacos-Java-Client:v1.1.4
0:0:0:0:0:0:0:1 - - [22/Jun/2020:14:41:53 +0800] "POST /nacos/v1/cs/configs?accessToken=eyJhbGciOiJIUzI1NiJ9.eyJzdWIiOiJuYWNvcyIsImV4cCI6MTU5MjgyMzk1NX0.yajrss_LacCbOpuOBnTtsC-utezL1sNOe6Q6MtDLh4c HTTP/1.1" 200 14 10 Mozilla/5.0 (Windows NT 10.0; WOW64) AppleWebKit/537.36 (KHTML, like Gecko) Chrome/72.0.3626.121 Safari/537.36
0:0:0:0:0:0:0:1 - - [22/Jun/2020:14:41:53 +0800] "GET /nacos/v1/cs/configs?dataId=GATEWAY-SERVER.yaml&group=develop&namespaceId=fb00e33b-00f2-415a-9cd7-70408bf45f05&tenant=fb00e33b-00f2-415a-9cd7-70408bf45f05&show=all&accessToken=eyJhbGciOiJIUzI1NiJ9.eyJzdWIiOiJuYWNvcyIsImV4cCI6MTU5MjgyMzk1NX0.yajrss_LacCbOpuOBnTtsC-utezL1sNOe6Q6MtDLh4c HTTP/1.1" 200 1469 3 Mozilla/5.0 (Windows NT 10.0; WOW64) AppleWebKit/537.36 (KHTML, like Gecko) Chrome/72.0.3626.121 Safari/537.36
127.0.0.1 - - [22/Jun/2020:14:41:57 +0800] "PUT /nacos/v1/ns/instance/beat?beat=%7B%22cluster%22%3A%22DEFAULT%22%2C%22ip%22%3A%22192.168.8.184%22%2C%22metadata%22%3A%7B%22preserved.register.source%22%3A%22SPRING_CLOUD%22%7D%2C%22period%22%3A5000%2C%22port%22%3A8080%2C%22scheduled%22%3Afalse%2C%22serviceName%22%3A%22DEFAULT_GROUP%40%40GATEWAY-SERVER%22%2C%22stopped%22%3Afalse%2C%22weight%22%3A1.0%7D&app=unknown&serviceName=DEFAULT_GROUP%40%40GATEWAY-SERVER&encoding=UTF-8&namespaceId=public HTTP/1.1" 200 75 2 Nacos-Java-Client:v1.1.4
127.0.0.1 - - [22/Jun/2020:14:42:02 +0800] "PUT /nacos/v1/ns/instance/beat?beat=%7B%22cluster%22%3A%22DEFAULT%22%2C%22ip%22%3A%22192.168.8.184%22%2C%22metadata%22%3A%7B%22preserved.register.source%22%3A%22SPRING_CLOUD%22%7D%2C%22period%22%3A5000%2C%22port%22%3A8080%2C%22scheduled%22%3Afalse%2C%22serviceName%22%3A%22DEFAULT_GROUP%40%40GATEWAY-SERVER%22%2C%22stopped%22%3Afalse%2C%22weight%22%3A1.0%7D&app=unknown&serviceName=DEFAULT_GROUP%40%40GATEWAY-SERVER&encoding=UTF-8&namespaceId=public HTTP/1.1" 200 75 4 Nacos-Java-Client:v1.1.4
127.0.0.1 - - [22/Jun/2020:14:42:07 +0800] "PUT /nacos/v1/ns/instance/beat?beat=%7B%22cluster%22%3A%22DEFAULT%22%2C%22ip%22%3A%22192.168.8.184%22%2C%22metadata%22%3A%7B%22preserved.register.source%22%3A%22SPRING_CLOUD%22%7D%2C%22period%22%3A5000%2C%22port%22%3A8080%2C%22scheduled%22%3Afalse%2C%22serviceName%22%3A%22DEFAULT_GROUP%40%40GATEWAY-SERVER%22%2C%22stopped%22%3Afalse%2C%22weight%22%3A1.0%7D&app=unknown&serviceName=DEFAULT_GROUP%40%40GATEWAY-SERVER&encoding=UTF-8&namespaceId=public HTTP/1.1" 200 75 2 Nacos-Java-Client:v1.1.4
127.0.0.1 - - [22/Jun/2020:14:42:12 +0800] "PUT /nacos/v1/ns/instance/beat?beat=%7B%22cluster%22%3A%22DEFAULT%22%2C%22ip%22%3A%22192.168.8.184%22%2C%22metadata%22%3A%7B%22preserved.register.source%22%3A%22SPRING_CLOUD%22%7D%2C%22period%22%3A5000%2C%22port%22%3A8080%2C%22scheduled%22%3Afalse%2C%22serviceName%22%3A%22DEFAULT_GROUP%40%40GATEWAY-SERVER%22%2C%22stopped%22%3Afalse%2C%22weight%22%3A1.0%7D&app=unknown&serviceName=DEFAULT_GROUP%40%40GATEWAY-SERVER&encoding=UTF-8&namespaceId=public HTTP/1.1" 200 75 2 Nacos-Java-Client:v1.1.4
127.0.0.1 - - [22/Jun/2020:14:42:16 +0800] "POST /nacos/v1/cs/configs/listener HTTP/1.1" 200 - 29504 Java/1.8.0_91
127.0.0.1 - - [22/Jun/2020:14:42:17 +0800] "PUT /nacos/v1/ns/instance/beat?beat=%7B%22cluster%22%3A%22DEFAULT%22%2C%22ip%22%3A%22192.168.8.184%22%2C%22metadata%22%3A%7B%22preserved.register.source%22%3A%22SPRING_CLOUD%22%7D%2C%22period%22%3A5000%2C%22port%22%3A8080%2C%22scheduled%22%3Afalse%2C%22serviceName%22%3A%22DEFAULT_GROUP%40%40GATEWAY-SERVER%22%2C%22stopped%22%3Afalse%2C%22weight%22%3A1.0%7D&app=unknown&serviceName=DEFAULT_GROUP%40%40GATEWAY-SERVER&encoding=UTF-8&namespaceId=public HTTP/1.1" 200 75 6 Nacos-Java-Client:v1.1.4
127.0.0.1 - - [22/Jun/2020:14:42:22 +0800] "PUT /nacos/v1/ns/instance/beat?beat=%7B%22cluster%22%3A%22DEFAULT%22%2C%22ip%22%3A%22192.168.8.184%22%2C%22metadata%22%3A%7B%22preserved.register.source%22%3A%22SPRING_CLOUD%22%7D%2C%22period%22%3A5000%2C%22port%22%3A8080%2C%22scheduled%22%3Afalse%2C%22serviceName%22%3A%22DEFAULT_GROUP%40%40GATEWAY-SERVER%22%2C%22stopped%22%3Afalse%2C%22weight%22%3A1.0%7D&app=unknown&serviceName=DEFAULT_GROUP%40%40GATEWAY-SERVER&encoding=UTF-8&namespaceId=public HTTP/1.1" 200 75 3 Nacos-Java-Client:v1.1.4
127.0.0.1 - - [22/Jun/2020:14:42:27 +0800] "DELETE /nacos/v1/ns/instance?app=unknown&namespaceId=public&port=8080&clusterName=DEFAULT&ip=192.168.8.184&ephemeral=true&serviceName=DEFAULT_GROUP%40%40GATEWAY-SERVER&encoding=UTF-8 HTTP/1.1" 200 2 3 Nacos-Java-Client:v1.1.4
127.0.0.1 - - [22/Jun/2020:14:42:34 +0800] "GET /nacos/v1/cs/configs?dataId=GATEWAY-SERVER&group=develop&tenant=GATEWAY-SERVER HTTP/1.1" 404 23 3 Java/1.8.0_91
127.0.0.1 - - [22/Jun/2020:14:42:34 +0800] "GET /nacos/v1/cs/configs?dataId=GATEWAY-SERVER.properties&group=develop&tenant=GATEWAY-SERVER HTTP/1.1" 404 23 2 Java/1.8.0_91
127.0.0.1 - - [22/Jun/2020:14:42:38 +0800] "POST /nacos/v1/ns/instance?app=unknown&metadata=%7B%22preserved.register.source%22%3A%22SPRING_CLOUD%22%7D&ip=192.168.8.184&weight=1.0&ephemeral=true&serviceName=DEFAULT_GROUP%40%40GATEWAY-SERVER&encoding=UTF-8&groupName=DEFAULT_GROUP&namespaceId=public&port=8080&enable=true&healthy=true&clusterName=DEFAULT HTTP/1.1" 200 2 3 Nacos-Java-Client:v1.1.4
127.0.0.1 - - [22/Jun/2020:14:42:38 +0800] "POST /nacos/v1/cs/configs/listener HTTP/1.1" 200 - 1 Java/1.8.0_91
127.0.0.1 - - [22/Jun/2020:14:42:43 +0800] "PUT /nacos/v1/ns/instance/beat?beat=%7B%22cluster%22%3A%22DEFAULT%22%2C%22ip%22%3A%22192.168.8.184%22%2C%22metadata%22%3A%7B%22preserved.register.source%22%3A%22SPRING_CLOUD%22%7D%2C%22period%22%3A5000%2C%22port%22%3A8080%2C%22scheduled%22%3Afalse%2C%22serviceName%22%3A%22DEFAULT_GROUP%40%40GATEWAY-SERVER%22%2C%22stopped%22%3Afalse%2C%22weight%22%3A1.0%7D&app=unknown&serviceName=DEFAULT_GROUP%40%40GATEWAY-SERVER&encoding=UTF-8&namespaceId=public HTTP/1.1" 200 75 4 Nacos-Java-Client:v1.1.4
0:0:0:0:0:0:0:1 - - [22/Jun/2020:14:42:44 +0800] "GET /nacos/v1/cs/configs?dataId=&group=&appName=&config_tags=&pageNo=1&pageSize=10&tenant=fb00e33b-00f2-415a-9cd7-70408bf45f05&search=accurate&accessToken=eyJhbGciOiJIUzI1NiJ9.eyJzdWIiOiJuYWNvcyIsImV4cCI6MTU5MjgyMzk1NX0.yajrss_LacCbOpuOBnTtsC-utezL1sNOe6Q6MtDLh4c HTTP/1.1" 200 2620 4 Mozilla/5.0 (Windows NT 10.0; WOW64) AppleWebKit/537.36 (KHTML, like Gecko) Chrome/72.0.3626.121 Safari/537.36
127.0.0.1 - - [22/Jun/2020:14:42:45 +0800] "POST /nacos/v1/cs/configs/listener HTTP/1.1" 500 - 29505 Java/1.8.0_91
0:0:0:0:0:0:0:1 - - [22/Jun/2020:14:42:47 +0800] "GET /nacos/v1/ns/catalog/services?hasIpCount=true&withInstances=false&pageNo=1&pageSize=10&serviceNameParam=&groupNameParam=&accessToken=eyJhbGciOiJIUzI1NiJ9.eyJzdWIiOiJuYWNvcyIsImV4cCI6MTU5MjgyMzk1NX0.yajrss_LacCbOpuOBnTtsC-utezL1sNOe6Q6MtDLh4c&namespaceId=fb00e33b-00f2-415a-9cd7-70408bf45f05 HTTP/1.1" 200 39 3 Mozilla/5.0 (Windows NT 10.0; WOW64) AppleWebKit/537.36 (KHTML, like Gecko) Chrome/72.0.3626.121 Safari/537.36
127.0.0.1 - - [22/Jun/2020:14:42:48 +0800] "PUT /nacos/v1/ns/instance/beat?beat=%7B%22cluster%22%3A%22DEFAULT%22%2C%22ip%22%3A%22192.168.8.184%22%2C%22metadata%22%3A%7B%22preserved.register.source%22%3A%22SPRING_CLOUD%22%7D%2C%22period%22%3A5000%2C%22port%22%3A8080%2C%22scheduled%22%3Afalse%2C%22serviceName%22%3A%22DEFAULT_GROUP%40%40GATEWAY-SERVER%22%2C%22stopped%22%3Afalse%2C%22weight%22%3A1.0%7D&app=unknown&serviceName=DEFAULT_GROUP%40%40GATEWAY-SERVER&encoding=UTF-8&namespaceId=public HTTP/1.1" 200 75 2 Nacos-Java-Client:v1.1.4
0:0:0:0:0:0:0:1 - - [22/Jun/2020:14:42:48 +0800] "GET /nacos/index.html HTTP/1.1" 304 - 17 Mozilla/5.0 (Windows NT 10.0; WOW64) AppleWebKit/537.36 (KHTML, like Gecko) Chrome/72.0.3626.121 Safari/537.36
0:0:0:0:0:0:0:1 - - [22/Jun/2020:14:42:48 +0800] "GET /nacos/v1/console/namespaces?&accessToken=eyJhbGciOiJIUzI1NiJ9.eyJzdWIiOiJuYWNvcyIsImV4cCI6MTU5MjgyMzk1NX0.yajrss_LacCbOpuOBnTtsC-utezL1sNOe6Q6MtDLh4c&namespaceId=fb00e33b-00f2-415a-9cd7-70408bf45f05 HTTP/1.1" 200 257 4 Mozilla/5.0 (Windows NT 10.0; WOW64) AppleWebKit/537.36 (KHTML, like Gecko) Chrome/72.0.3626.121 Safari/537.36
0:0:0:0:0:0:0:1 - - [22/Jun/2020:14:42:48 +0800] "GET /nacos/v1/console/server/state?accessToken=eyJhbGciOiJIUzI1NiJ9.eyJzdWIiOiJuYWNvcyIsImV4cCI6MTU5MjgyMzk1NX0.yajrss_LacCbOpuOBnTtsC-utezL1sNOe6Q6MtDLh4c HTTP/1.1" 200 82 3 Mozilla/5.0 (Windows NT 10.0; WOW64) AppleWebKit/537.36 (KHTML, like Gecko) Chrome/72.0.3626.121 Safari/537.36
0:0:0:0:0:0:0:1 - - [22/Jun/2020:14:42:48 +0800] "GET /nacos/console-fe/public/icons/icon-font.woff2 HTTP/1.1" 404 177 30 Mozilla/5.0 (Windows NT 10.0; WOW64) AppleWebKit/537.36 (KHTML, like Gecko) Chrome/72.0.3626.121 Safari/537.36
0:0:0:0:0:0:0:1 - - [22/Jun/2020:14:42:48 +0800] "GET /nacos/v1/ns/catalog/services?hasIpCount=true&withInstances=false&pageNo=1&pageSize=10&serviceNameParam=&groupNameParam=&accessToken=eyJhbGciOiJIUzI1NiJ9.eyJzdWIiOiJuYWNvcyIsImV4cCI6MTU5MjgyMzk1NX0.yajrss_LacCbOpuOBnTtsC-utezL1sNOe6Q6MtDLh4c&namespaceId=fb00e33b-00f2-415a-9cd7-70408bf45f05 HTTP/1.1" 200 39 3 Mozilla/5.0 (Windows NT 10.0; WOW64) AppleWebKit/537.36 (KHTML, like Gecko) Chrome/72.0.3626.121 Safari/537.36
0:0:0:0:0:0:0:1 - - [22/Jun/2020:14:42:49 +0800] "GET /nacos/console-fe/public/img/favicon.ico HTTP/1.1" 200 4286 15 Mozilla/5.0 (Windows NT 10.0; WOW64) AppleWebKit/537.36 (KHTML, like Gecko) Chrome/72.0.3626.121 Safari/537.36
0:0:0:0:0:0:0:1 - - [22/Jun/2020:14:42:49 +0800] "GET /nacos/index.html HTTP/1.1" 304 - 16 Mozilla/5.0 (Windows NT 10.0; WOW64) AppleWebKit/537.36 (KHTML, like Gecko) Chrome/72.0.3626.121 Safari/537.36
0:0:0:0:0:0:0:1 - - [22/Jun/2020:14:42:49 +0800] "GET /nacos/v1/console/namespaces?&accessToken=eyJhbGciOiJIUzI1NiJ9.eyJzdWIiOiJuYWNvcyIsImV4cCI6MTU5MjgyMzk1NX0.yajrss_LacCbOpuOBnTtsC-utezL1sNOe6Q6MtDLh4c&namespaceId=fb00e33b-00f2-415a-9cd7-70408bf45f05 HTTP/1.1" 200 257 3 Mozilla/5.0 (Windows NT 10.0; WOW64) AppleWebKit/537.36 (KHTML, like Gecko) Chrome/72.0.3626.121 Safari/537.36
0:0:0:0:0:0:0:1 - - [22/Jun/2020:14:42:49 +0800] "GET /nacos/v1/console/server/state?accessToken=eyJhbGciOiJIUzI1NiJ9.eyJzdWIiOiJuYWNvcyIsImV4cCI6MTU5MjgyMzk1NX0.yajrss_LacCbOpuOBnTtsC-utezL1sNOe6Q6MtDLh4c HTTP/1.1" 200 82 2 Mozilla/5.0 (Windows NT 10.0; WOW64) AppleWebKit/537.36 (KHTML, like Gecko) Chrome/72.0.3626.121 Safari/537.36
0:0:0:0:0:0:0:1 - - [22/Jun/2020:14:42:49 +0800] "GET /nacos/console-fe/public/icons/icon-font.woff2 HTTP/1.1" 404 177 37 Mozilla/5.0 (Windows NT 10.0; WOW64) AppleWebKit/537.36 (KHTML, like Gecko) Chrome/72.0.3626.121 Safari/537.36
0:0:0:0:0:0:0:1 - - [22/Jun/2020:14:42:49 +0800] "GET /nacos/v1/ns/catalog/services?hasIpCount=true&withInstances=false&pageNo=1&pageSize=10&serviceNameParam=&groupNameParam=&accessToken=eyJhbGciOiJIUzI1NiJ9.eyJzdWIiOiJuYWNvcyIsImV4cCI6MTU5MjgyMzk1NX0.yajrss_LacCbOpuOBnTtsC-utezL1sNOe6Q6MtDLh4c&namespaceId=fb00e33b-00f2-415a-9cd7-70408bf45f05 HTTP/1.1" 200 39 2 Mozilla/5.0 (Windows NT 10.0; WOW64) AppleWebKit/537.36 (KHTML, like Gecko) Chrome/72.0.3626.121 Safari/537.36
0:0:0:0:0:0:0:1 - - [22/Jun/2020:14:42:49 +0800] "GET /nacos/console-fe/public/img/favicon.ico HTTP/1.1" 200 4286 14 Mozilla/5.0 (Windows NT 10.0; WOW64) AppleWebKit/537.36 (KHTML, like Gecko) Chrome/72.0.3626.121 Safari/537.36
0:0:0:0:0:0:0:1 - - [22/Jun/2020:14:42:50 +0800] "GET /nacos/index.html HTTP/1.1" 304 - 14 Mozilla/5.0 (Windows NT 10.0; WOW64) AppleWebKit/537.36 (KHTML, like Gecko) Chrome/72.0.3626.121 Safari/537.36
0:0:0:0:0:0:0:1 - - [22/Jun/2020:14:42:50 +0800] "GET /nacos/v1/console/namespaces?&accessToken=eyJhbGciOiJIUzI1NiJ9.eyJzdWIiOiJuYWNvcyIsImV4cCI6MTU5MjgyMzk1NX0.yajrss_LacCbOpuOBnTtsC-utezL1sNOe6Q6MtDLh4c&namespaceId=fb00e33b-00f2-415a-9cd7-70408bf45f05 HTTP/1.1" 200 257 3 Mozilla/5.0 (Windows NT 10.0; WOW64) AppleWebKit/537.36 (KHTML, like Gecko) Chrome/72.0.3626.121 Safari/537.36
0:0:0:0:0:0:0:1 - - [22/Jun/2020:14:42:50 +0800] "GET /nacos/v1/console/server/state?accessToken=eyJhbGciOiJIUzI1NiJ9.eyJzdWIiOiJuYWNvcyIsImV4cCI6MTU5MjgyMzk1NX0.yajrss_LacCbOpuOBnTtsC-utezL1sNOe6Q6MtDLh4c HTTP/1.1" 200 82 2 Mozilla/5.0 (Windows NT 10.0; WOW64) AppleWebKit/537.36 (KHTML, like Gecko) Chrome/72.0.3626.121 Safari/537.36
0:0:0:0:0:0:0:1 - - [22/Jun/2020:14:42:50 +0800] "GET /nacos/console-fe/public/icons/icon-font.woff2 HTTP/1.1" 404 177 28 Mozilla/5.0 (Windows NT 10.0; WOW64) AppleWebKit/537.36 (KHTML, like Gecko) Chrome/72.0.3626.121 Safari/537.36
0:0:0:0:0:0:0:1 - - [22/Jun/2020:14:42:50 +0800] "GET /nacos/v1/ns/catalog/services?hasIpCount=true&withInstances=false&pageNo=1&pageSize=10&serviceNameParam=&groupNameParam=&accessToken=eyJhbGciOiJIUzI1NiJ9.eyJzdWIiOiJuYWNvcyIsImV4cCI6MTU5MjgyMzk1NX0.yajrss_LacCbOpuOBnTtsC-utezL1sNOe6Q6MtDLh4c&namespaceId=fb00e33b-00f2-415a-9cd7-70408bf45f05 HTTP/1.1" 200 39 3 Mozilla/5.0 (Windows NT 10.0; WOW64) AppleWebKit/537.36 (KHTML, like Gecko) Chrome/72.0.3626.121 Safari/537.36
0:0:0:0:0:0:0:1 - - [22/Jun/2020:14:42:50 +0800] "GET /nacos/console-fe/public/img/favicon.ico HTTP/1.1" 200 4286 14 Mozilla/5.0 (Windows NT 10.0; WOW64) AppleWebKit/537.36 (KHTML, like Gecko) Chrome/72.0.3626.121 Safari/537.36
0:0:0:0:0:0:0:1 - - [22/Jun/2020:14:42:50 +0800] "GET /nacos/index.html HTTP/1.1" 304 - 16 Mozilla/5.0 (Windows NT 10.0; WOW64) AppleWebKit/537.36 (KHTML, like Gecko) Chrome/72.0.3626.121 Safari/537.36
0:0:0:0:0:0:0:1 - - [22/Jun/2020:14:42:50 +0800] "GET /nacos/v1/console/namespaces?&accessToken=eyJhbGciOiJIUzI1NiJ9.eyJzdWIiOiJuYWNvcyIsImV4cCI6MTU5MjgyMzk1NX0.yajrss_LacCbOpuOBnTtsC-utezL1sNOe6Q6MtDLh4c&namespaceId=fb00e33b-00f2-415a-9cd7-70408bf45f05 HTTP/1.1" 200 257 3 Mozilla/5.0 (Windows NT 10.0; WOW64) AppleWebKit/537.36 (KHTML, like Gecko) Chrome/72.0.3626.121 Safari/537.36
0:0:0:0:0:0:0:1 - - [22/Jun/2020:14:42:50 +0800] "GET /nacos/v1/console/server/state?accessToken=eyJhbGciOiJIUzI1NiJ9.eyJzdWIiOiJuYWNvcyIsImV4cCI6MTU5MjgyMzk1NX0.yajrss_LacCbOpuOBnTtsC-utezL1sNOe6Q6MtDLh4c HTTP/1.1" 200 82 2 Mozilla/5.0 (Windows NT 10.0; WOW64) AppleWebKit/537.36 (KHTML, like Gecko) Chrome/72.0.3626.121 Safari/537.36
0:0:0:0:0:0:0:1 - - [22/Jun/2020:14:42:50 +0800] "GET /nacos/console-fe/public/icons/icon-font.woff2 HTTP/1.1" 404 177 30 Mozilla/5.0 (Windows NT 10.0; WOW64) AppleWebKit/537.36 (KHTML, like Gecko) Chrome/72.0.3626.121 Safari/537.36
0:0:0:0:0:0:0:1 - - [22/Jun/2020:14:42:50 +0800] "GET /nacos/v1/ns/catalog/services?hasIpCount=true&withInstances=false&pageNo=1&pageSize=10&serviceNameParam=&groupNameParam=&accessToken=eyJhbGciOiJIUzI1NiJ9.eyJzdWIiOiJuYWNvcyIsImV4cCI6MTU5MjgyMzk1NX0.yajrss_LacCbOpuOBnTtsC-utezL1sNOe6Q6MtDLh4c&namespaceId=fb00e33b-00f2-415a-9cd7-70408bf45f05 HTTP/1.1" 200 39 3 Mozilla/5.0 (Windows NT 10.0; WOW64) AppleWebKit/537.36 (KHTML, like Gecko) Chrome/72.0.3626.121 Safari/537.36
0:0:0:0:0:0:0:1 - - [22/Jun/2020:14:42:51 +0800] "GET /nacos/console-fe/public/img/favicon.ico HTTP/1.1" 200 4286 16 Mozilla/5.0 (Windows NT 10.0; WOW64) AppleWebKit/537.36 (KHTML, like Gecko) Chrome/72.0.3626.121 Safari/537.36
127.0.0.1 - - [22/Jun/2020:14:42:53 +0800] "PUT /nacos/v1/ns/instance/beat?beat=%7B%22cluster%22%3A%22DEFAULT%22%2C%22ip%22%3A%22192.168.8.184%22%2C%22metadata%22%3A%7B%22preserved.register.source%22%3A%22SPRING_CLOUD%22%7D%2C%22period%22%3A5000%2C%22port%22%3A8080%2C%22scheduled%22%3Afalse%2C%22serviceName%22%3A%22DEFAULT_GROUP%40%40GATEWAY-SERVER%22%2C%22stopped%22%3Afalse%2C%22weight%22%3A1.0%7D&app=unknown&serviceName=DEFAULT_GROUP%40%40GATEWAY-SERVER&encoding=UTF-8&namespaceId=public HTTP/1.1" 200 75 9 Nacos-Java-Client:v1.1.4
0:0:0:0:0:0:0:1 - - [22/Jun/2020:14:42:53 +0800] "GET /nacos/v1/ns/catalog/services?hasIpCount=true&withInstances=false&pageNo=1&pageSize=10&serviceNameParam=&groupNameParam=&accessToken=eyJhbGciOiJIUzI1NiJ9.eyJzdWIiOiJuYWNvcyIsImV4cCI6MTU5MjgyMzk1NX0.yajrss_LacCbOpuOBnTtsC-utezL1sNOe6Q6MtDLh4c&namespaceId=fb00e33b-00f2-415a-9cd7-70408bf45f05 HTTP/1.1" 200 39 3 Mozilla/5.0 (Windows NT 10.0; WOW64) AppleWebKit/537.36 (KHTML, like Gecko) Chrome/72.0.3626.121 Safari/537.36
0:0:0:0:0:0:0:1 - - [22/Jun/2020:14:42:54 +0800] "GET /nacos/index.html HTTP/1.1" 304 - 16 Mozilla/5.0 (Windows NT 10.0; WOW64) AppleWebKit/537.36 (KHTML, like Gecko) Chrome/72.0.3626.121 Safari/537.36
0:0:0:0:0:0:0:1 - - [22/Jun/2020:14:42:54 +0800] "GET /nacos/v1/console/namespaces?&accessToken=eyJhbGciOiJIUzI1NiJ9.eyJzdWIiOiJuYWNvcyIsImV4cCI6MTU5MjgyMzk1NX0.yajrss_LacCbOpuOBnTtsC-utezL1sNOe6Q6MtDLh4c&namespaceId=fb00e33b-00f2-415a-9cd7-70408bf45f05 HTTP/1.1" 200 257 3 Mozilla/5.0 (Windows NT 10.0; WOW64) AppleWebKit/537.36 (KHTML, like Gecko) Chrome/72.0.3626.121 Safari/537.36
0:0:0:0:0:0:0:1 - - [22/Jun/2020:14:42:54 +0800] "GET /nacos/v1/console/server/state?accessToken=eyJhbGciOiJIUzI1NiJ9.eyJzdWIiOiJuYWNvcyIsImV4cCI6MTU5MjgyMzk1NX0.yajrss_LacCbOpuOBnTtsC-utezL1sNOe6Q6MtDLh4c HTTP/1.1" 200 82 10 Mozilla/5.0 (Windows NT 10.0; WOW64) AppleWebKit/537.36 (KHTML, like Gecko) Chrome/72.0.3626.121 Safari/537.36
0:0:0:0:0:0:0:1 - - [22/Jun/2020:14:42:54 +0800] "GET /nacos/console-fe/public/icons/icon-font.woff2 HTTP/1.1" 404 177 40 Mozilla/5.0 (Windows NT 10.0; WOW64) AppleWebKit/537.36 (KHTML, like Gecko) Chrome/72.0.3626.121 Safari/537.36
0:0:0:0:0:0:0:1 - - [22/Jun/2020:14:42:54 +0800] "GET /nacos/v1/ns/catalog/services?hasIpCount=true&withInstances=false&pageNo=1&pageSize=10&serviceNameParam=&groupNameParam=&accessToken=eyJhbGciOiJIUzI1NiJ9.eyJzdWIiOiJuYWNvcyIsImV4cCI6MTU5MjgyMzk1NX0.yajrss_LacCbOpuOBnTtsC-utezL1sNOe6Q6MtDLh4c&namespaceId=fb00e33b-00f2-415a-9cd7-70408bf45f05 HTTP/1.1" 200 39 2 Mozilla/5.0 (Windows NT 10.0; WOW64) AppleWebKit/537.36 (KHTML, like Gecko) Chrome/72.0.3626.121 Safari/537.36
0:0:0:0:0:0:0:1 - - [22/Jun/2020:14:42:54 +0800] "GET /nacos/console-fe/public/img/favicon.ico HTTP/1.1" 200 4286 14 Mozilla/5.0 (Windows NT 10.0; WOW64) AppleWebKit/537.36 (KHTML, like Gecko) Chrome/72.0.3626.121 Safari/537.36
0:0:0:0:0:0:0:1 - - [22/Jun/2020:14:42:55 +0800] "GET /nacos/index.html HTTP/1.1" 304 - 14 Mozilla/5.0 (Windows NT 10.0; WOW64) AppleWebKit/537.36 (KHTML, like Gecko) Chrome/72.0.3626.121 Safari/537.36
0:0:0:0:0:0:0:1 - - [22/Jun/2020:14:42:55 +0800] "GET /nacos/v1/console/namespaces?&accessToken=eyJhbGciOiJIUzI1NiJ9.eyJzdWIiOiJuYWNvcyIsImV4cCI6MTU5MjgyMzk1NX0.yajrss_LacCbOpuOBnTtsC-utezL1sNOe6Q6MtDLh4c&namespaceId=fb00e33b-00f2-415a-9cd7-70408bf45f05 HTTP/1.1" 200 257 2 Mozilla/5.0 (Windows NT 10.0; WOW64) AppleWebKit/537.36 (KHTML, like Gecko) Chrome/72.0.3626.121 Safari/537.36
0:0:0:0:0:0:0:1 - - [22/Jun/2020:14:42:55 +0800] "GET /nacos/v1/console/server/state?accessToken=eyJhbGciOiJIUzI1NiJ9.eyJzdWIiOiJuYWNvcyIsImV4cCI6MTU5MjgyMzk1NX0.yajrss_LacCbOpuOBnTtsC-utezL1sNOe6Q6MtDLh4c HTTP/1.1" 200 82 2 Mozilla/5.0 (Windows NT 10.0; WOW64) AppleWebKit/537.36 (KHTML, like Gecko) Chrome/72.0.3626.121 Safari/537.36
0:0:0:0:0:0:0:1 - - [22/Jun/2020:14:42:55 +0800] "GET /nacos/console-fe/public/icons/icon-font.woff2 HTTP/1.1" 404 177 29 Mozilla/5.0 (Windows NT 10.0; WOW64) AppleWebKit/537.36 (KHTML, like Gecko) Chrome/72.0.3626.121 Safari/537.36
0:0:0:0:0:0:0:1 - - [22/Jun/2020:14:42:55 +0800] "GET /nacos/v1/ns/catalog/services?hasIpCount=true&withInstances=false&pageNo=1&pageSize=10&serviceNameParam=&groupNameParam=&accessToken=eyJhbGciOiJIUzI1NiJ9.eyJzdWIiOiJuYWNvcyIsImV4cCI6MTU5MjgyMzk1NX0.yajrss_LacCbOpuOBnTtsC-utezL1sNOe6Q6MtDLh4c&namespaceId=fb00e33b-00f2-415a-9cd7-70408bf45f05 HTTP/1.1" 200 39 3 Mozilla/5.0 (Windows NT 10.0; WOW64) AppleWebKit/537.36 (KHTML, like Gecko) Chrome/72.0.3626.121 Safari/537.36
0:0:0:0:0:0:0:1 - - [22/Jun/2020:14:42:55 +0800] "GET /nacos/console-fe/public/img/favicon.ico HTTP/1.1" 200 4286 14 Mozilla/5.0 (Windows NT 10.0; WOW64) AppleWebKit/537.36 (KHTML, like Gecko) Chrome/72.0.3626.121 Safari/537.36
0:0:0:0:0:0:0:1 - - [22/Jun/2020:14:42:55 +0800] "GET /nacos/index.html HTTP/1.1" 304 - 16 Mozilla/5.0 (Windows NT 10.0; WOW64) AppleWebKit/537.36 (KHTML, like Gecko) Chrome/72.0.3626.121 Safari/537.36
0:0:0:0:0:0:0:1 - - [22/Jun/2020:14:42:55 +0800] "GET /nacos/v1/console/namespaces?&accessToken=eyJhbGciOiJIUzI1NiJ9.eyJzdWIiOiJuYWNvcyIsImV4cCI6MTU5MjgyMzk1NX0.yajrss_LacCbOpuOBnTtsC-utezL1sNOe6Q6MtDLh4c&namespaceId=fb00e33b-00f2-415a-9cd7-70408bf45f05 HTTP/1.1" 200 257 3 Mozilla/5.0 (Windows NT 10.0; WOW64) AppleWebKit/537.36 (KHTML, like Gecko) Chrome/72.0.3626.121 Safari/537.36
0:0:0:0:0:0:0:1 - - [22/Jun/2020:14:42:55 +0800] "GET /nacos/v1/console/server/state?accessToken=eyJhbGciOiJIUzI1NiJ9.eyJzdWIiOiJuYWNvcyIsImV4cCI6MTU5MjgyMzk1NX0.yajrss_LacCbOpuOBnTtsC-utezL1sNOe6Q6MtDLh4c HTTP/1.1" 200 82 2 Mozilla/5.0 (Windows NT 10.0; WOW64) AppleWebKit/537.36 (KHTML, like Gecko) Chrome/72.0.3626.121 Safari/537.36
0:0:0:0:0:0:0:1 - - [22/Jun/2020:14:42:55 +0800] "GET /nacos/console-fe/public/icons/icon-font.woff2 HTTP/1.1" 404 177 28 Mozilla/5.0 (Windows NT 10.0; WOW64) AppleWebKit/537.36 (KHTML, like Gecko) Chrome/72.0.3626.121 Safari/537.36
0:0:0:0:0:0:0:1 - - [22/Jun/2020:14:42:55 +0800] "GET /nacos/v1/ns/catalog/services?hasIpCount=true&withInstances=false&pageNo=1&pageSize=10&serviceNameParam=&groupNameParam=&accessToken=eyJhbGciOiJIUzI1NiJ9.eyJzdWIiOiJuYWNvcyIsImV4cCI6MTU5MjgyMzk1NX0.yajrss_LacCbOpuOBnTtsC-utezL1sNOe6Q6MtDLh4c&namespaceId=fb00e33b-00f2-415a-9cd7-70408bf45f05 HTTP/1.1" 200 39 3 Mozilla/5.0 (Windows NT 10.0; WOW64) AppleWebKit/537.36 (KHTML, like Gecko) Chrome/72.0.3626.121 Safari/537.36
0:0:0:0:0:0:0:1 - - [22/Jun/2020:14:42:55 +0800] "GET /nacos/console-fe/public/img/favicon.ico HTTP/1.1" 200 4286 14 Mozilla/5.0 (Windows NT 10.0; WOW64) AppleWebKit/537.36 (KHTML, like Gecko) Chrome/72.0.3626.121 Safari/537.36
0:0:0:0:0:0:0:1 - - [22/Jun/2020:14:42:56 +0800] "GET /nacos/index.html HTTP/1.1" 304 - 15 Mozilla/5.0 (Windows NT 10.0; WOW64) AppleWebKit/537.36 (KHTML, like Gecko) Chrome/72.0.3626.121 Safari/537.36
0:0:0:0:0:0:0:1 - - [22/Jun/2020:14:42:56 +0800] "GET /nacos/v1/console/namespaces?&accessToken=eyJhbGciOiJIUzI1NiJ9.eyJzdWIiOiJuYWNvcyIsImV4cCI6MTU5MjgyMzk1NX0.yajrss_LacCbOpuOBnTtsC-utezL1sNOe6Q6MtDLh4c&namespaceId=fb00e33b-00f2-415a-9cd7-70408bf45f05 HTTP/1.1" 200 257 3 Mozilla/5.0 (Windows NT 10.0; WOW64) AppleWebKit/537.36 (KHTML, like Gecko) Chrome/72.0.3626.121 Safari/537.36
0:0:0:0:0:0:0:1 - - [22/Jun/2020:14:42:56 +0800] "GET /nacos/v1/console/server/state?accessToken=eyJhbGciOiJIUzI1NiJ9.eyJzdWIiOiJuYWNvcyIsImV4cCI6MTU5MjgyMzk1NX0.yajrss_LacCbOpuOBnTtsC-utezL1sNOe6Q6MtDLh4c HTTP/1.1" 200 82 1 Mozilla/5.0 (Windows NT 10.0; WOW64) AppleWebKit/537.36 (KHTML, like Gecko) Chrome/72.0.3626.121 Safari/537.36
0:0:0:0:0:0:0:1 - - [22/Jun/2020:14:42:56 +0800] "GET /nacos/console-fe/public/icons/icon-font.woff2 HTTP/1.1" 404 177 30 Mozilla/5.0 (Windows NT 10.0; WOW64) AppleWebKit/537.36 (KHTML, like Gecko) Chrome/72.0.3626.121 Safari/537.36
0:0:0:0:0:0:0:1 - - [22/Jun/2020:14:42:56 +0800] "GET /nacos/v1/ns/catalog/services?hasIpCount=true&withInstances=false&pageNo=1&pageSize=10&serviceNameParam=&groupNameParam=&accessToken=eyJhbGciOiJIUzI1NiJ9.eyJzdWIiOiJuYWNvcyIsImV4cCI6MTU5MjgyMzk1NX0.yajrss_LacCbOpuOBnTtsC-utezL1sNOe6Q6MtDLh4c&namespaceId=fb00e33b-00f2-415a-9cd7-70408bf45f05 HTTP/1.1" 200 39 3 Mozilla/5.0 (Windows NT 10.0; WOW64) AppleWebKit/537.36 (KHTML, like Gecko) Chrome/72.0.3626.121 Safari/537.36
0:0:0:0:0:0:0:1 - - [22/Jun/2020:14:42:56 +0800] "GET /nacos/console-fe/public/img/favicon.ico HTTP/1.1" 200 4286 20 Mozilla/5.0 (Windows NT 10.0; WOW64) AppleWebKit/537.36 (KHTML, like Gecko) Chrome/72.0.3626.121 Safari/537.36
0:0:0:0:0:0:0:1 - - [22/Jun/2020:14:42:56 +0800] "GET /nacos/index.html HTTP/1.1" 304 - 16 Mozilla/5.0 (Windows NT 10.0; WOW64) AppleWebKit/537.36 (KHTML, like Gecko) Chrome/72.0.3626.121 Safari/537.36
0:0:0:0:0:0:0:1 - - [22/Jun/2020:14:42:56 +0800] "GET /nacos/v1/console/namespaces?&accessToken=eyJhbGciOiJIUzI1NiJ9.eyJzdWIiOiJuYWNvcyIsImV4cCI6MTU5MjgyMzk1NX0.yajrss_LacCbOpuOBnTtsC-utezL1sNOe6Q6MtDLh4c&namespaceId=fb00e33b-00f2-415a-9cd7-70408bf45f05 HTTP/1.1" 200 257 3 Mozilla/5.0 (Windows NT 10.0; WOW64) AppleWebKit/537.36 (KHTML, like Gecko) Chrome/72.0.3626.121 Safari/537.36
0:0:0:0:0:0:0:1 - - [22/Jun/2020:14:42:56 +0800] "GET /nacos/v1/console/server/state?accessToken=eyJhbGciOiJIUzI1NiJ9.eyJzdWIiOiJuYWNvcyIsImV4cCI6MTU5MjgyMzk1NX0.yajrss_LacCbOpuOBnTtsC-utezL1sNOe6Q6MtDLh4c HTTP/1.1" 200 82 2 Mozilla/5.0 (Windows NT 10.0; WOW64) AppleWebKit/537.36 (KHTML, like Gecko) Chrome/72.0.3626.121 Safari/537.36
0:0:0:0:0:0:0:1 - - [22/Jun/2020:14:42:56 +0800] "GET /nacos/console-fe/public/icons/icon-font.woff2 HTTP/1.1" 404 177 30 Mozilla/5.0 (Windows NT 10.0; WOW64) AppleWebKit/537.36 (KHTML, like Gecko) Chrome/72.0.3626.121 Safari/537.36
0:0:0:0:0:0:0:1 - - [22/Jun/2020:14:42:56 +0800] "GET /nacos/v1/ns/catalog/services?hasIpCount=true&withInstances=false&pageNo=1&pageSize=10&serviceNameParam=&groupNameParam=&accessToken=eyJhbGciOiJIUzI1NiJ9.eyJzdWIiOiJuYWNvcyIsImV4cCI6MTU5MjgyMzk1NX0.yajrss_LacCbOpuOBnTtsC-utezL1sNOe6Q6MtDLh4c&namespaceId=fb00e33b-00f2-415a-9cd7-70408bf45f05 HTTP/1.1" 200 39 2 Mozilla/5.0 (Windows NT 10.0; WOW64) AppleWebKit/537.36 (KHTML, like Gecko) Chrome/72.0.3626.121 Safari/537.36
0:0:0:0:0:0:0:1 - - [22/Jun/2020:14:42:56 +0800] "GET /nacos/console-fe/public/img/favicon.ico HTTP/1.1" 200 4286 15 Mozilla/5.0 (Windows NT 10.0; WOW64) AppleWebKit/537.36 (KHTML, like Gecko) Chrome/72.0.3626.121 Safari/537.36
0:0:0:0:0:0:0:1 - - [22/Jun/2020:14:42:56 +0800] "GET /nacos/index.html HTTP/1.1" 304 - 15 Mozilla/5.0 (Windows NT 10.0; WOW64) AppleWebKit/537.36 (KHTML, like Gecko) Chrome/72.0.3626.121 Safari/537.36
0:0:0:0:0:0:0:1 - - [22/Jun/2020:14:42:56 +0800] "GET /nacos/v1/console/namespaces?&accessToken=eyJhbGciOiJIUzI1NiJ9.eyJzdWIiOiJuYWNvcyIsImV4cCI6MTU5MjgyMzk1NX0.yajrss_LacCbOpuOBnTtsC-utezL1sNOe6Q6MtDLh4c&namespaceId=fb00e33b-00f2-415a-9cd7-70408bf45f05 HTTP/1.1" 200 257 2 Mozilla/5.0 (Windows NT 10.0; WOW64) AppleWebKit/537.36 (KHTML, like Gecko) Chrome/72.0.3626.121 Safari/537.36
0:0:0:0:0:0:0:1 - - [22/Jun/2020:14:42:56 +0800] "GET /nacos/v1/console/server/state?accessToken=eyJhbGciOiJIUzI1NiJ9.eyJzdWIiOiJuYWNvcyIsImV4cCI6MTU5MjgyMzk1NX0.yajrss_LacCbOpuOBnTtsC-utezL1sNOe6Q6MtDLh4c HTTP/1.1" 200 82 1 Mozilla/5.0 (Windows NT 10.0; WOW64) AppleWebKit/537.36 (KHTML, like Gecko) Chrome/72.0.3626.121 Safari/537.36
0:0:0:0:0:0:0:1 - - [22/Jun/2020:14:42:56 +0800] "GET /nacos/console-fe/public/icons/icon-font.woff2 HTTP/1.1" 404 177 29 Mozilla/5.0 (Windows NT 10.0; WOW64) AppleWebKit/537.36 (KHTML, like Gecko) Chrome/72.0.3626.121 Safari/537.36
0:0:0:0:0:0:0:1 - - [22/Jun/2020:14:42:56 +0800] "GET /nacos/v1/ns/catalog/services?hasIpCount=true&withInstances=false&pageNo=1&pageSize=10&serviceNameParam=&groupNameParam=&accessToken=eyJhbGciOiJIUzI1NiJ9.eyJzdWIiOiJuYWNvcyIsImV4cCI6MTU5MjgyMzk1NX0.yajrss_LacCbOpuOBnTtsC-utezL1sNOe6Q6MtDLh4c&namespaceId=fb00e33b-00f2-415a-9cd7-70408bf45f05 HTTP/1.1" 200 39 3 Mozilla/5.0 (Windows NT 10.0; WOW64) AppleWebKit/537.36 (KHTML, like Gecko) Chrome/72.0.3626.121 Safari/537.36
0:0:0:0:0:0:0:1 - - [22/Jun/2020:14:42:57 +0800] "GET /nacos/console-fe/public/img/favicon.ico HTTP/1.1" 200 4286 14 Mozilla/5.0 (Windows NT 10.0; WOW64) AppleWebKit/537.36 (KHTML, like Gecko) Chrome/72.0.3626.121 Safari/537.36
0:0:0:0:0:0:0:1 - - [22/Jun/2020:14:42:57 +0800] "GET /nacos/index.html HTTP/1.1" 304 - 15 Mozilla/5.0 (Windows NT 10.0; WOW64) AppleWebKit/537.36 (KHTML, like Gecko) Chrome/72.0.3626.121 Safari/537.36
0:0:0:0:0:0:0:1 - - [22/Jun/2020:14:42:57 +0800] "GET /nacos/v1/console/namespaces?&accessToken=eyJhbGciOiJIUzI1NiJ9.eyJzdWIiOiJuYWNvcyIsImV4cCI6MTU5MjgyMzk1NX0.yajrss_LacCbOpuOBnTtsC-utezL1sNOe6Q6MtDLh4c&namespaceId=fb00e33b-00f2-415a-9cd7-70408bf45f05 HTTP/1.1" 200 257 3 Mozilla/5.0 (Windows NT 10.0; WOW64) AppleWebKit/537.36 (KHTML, like Gecko) Chrome/72.0.3626.121 Safari/537.36
0:0:0:0:0:0:0:1 - - [22/Jun/2020:14:42:57 +0800] "GET /nacos/v1/console/server/state?accessToken=eyJhbGciOiJIUzI1NiJ9.eyJzdWIiOiJuYWNvcyIsImV4cCI6MTU5MjgyMzk1NX0.yajrss_LacCbOpuOBnTtsC-utezL1sNOe6Q6MtDLh4c HTTP/1.1" 200 82 1 Mozilla/5.0 (Windows NT 10.0; WOW64) AppleWebKit/537.36 (KHTML, like Gecko) Chrome/72.0.3626.121 Safari/537.36
0:0:0:0:0:0:0:1 - - [22/Jun/2020:14:42:57 +0800] "GET /nacos/console-fe/public/icons/icon-font.woff2 HTTP/1.1" 404 177 28 Mozilla/5.0 (Windows NT 10.0; WOW64) AppleWebKit/537.36 (KHTML, like Gecko) Chrome/72.0.3626.121 Safari/537.36
0:0:0:0:0:0:0:1 - - [22/Jun/2020:14:42:57 +0800] "GET /nacos/v1/ns/catalog/services?hasIpCount=true&withInstances=false&pageNo=1&pageSize=10&serviceNameParam=&groupNameParam=&accessToken=eyJhbGciOiJIUzI1NiJ9.eyJzdWIiOiJuYWNvcyIsImV4cCI6MTU5MjgyMzk1NX0.yajrss_LacCbOpuOBnTtsC-utezL1sNOe6Q6MtDLh4c&namespaceId=fb00e33b-00f2-415a-9cd7-70408bf45f05 HTTP/1.1" 200 39 3 Mozilla/5.0 (Windows NT 10.0; WOW64) AppleWebKit/537.36 (KHTML, like Gecko) Chrome/72.0.3626.121 Safari/537.36
0:0:0:0:0:0:0:1 - - [22/Jun/2020:14:42:57 +0800] "GET /nacos/console-fe/public/img/favicon.ico HTTP/1.1" 200 4286 14 Mozilla/5.0 (Windows NT 10.0; WOW64) AppleWebKit/537.36 (KHTML, like Gecko) Chrome/72.0.3626.121 Safari/537.36
127.0.0.1 - - [22/Jun/2020:14:42:58 +0800] "PUT /nacos/v1/ns/instance/beat?beat=%7B%22cluster%22%3A%22DEFAULT%22%2C%22ip%22%3A%22192.168.8.184%22%2C%22metadata%22%3A%7B%22preserved.register.source%22%3A%22SPRING_CLOUD%22%7D%2C%22period%22%3A5000%2C%22port%22%3A8080%2C%22scheduled%22%3Afalse%2C%22serviceName%22%3A%22DEFAULT_GROUP%40%40GATEWAY-SERVER%22%2C%22stopped%22%3Afalse%2C%22weight%22%3A1.0%7D&app=unknown&serviceName=DEFAULT_GROUP%40%40GATEWAY-SERVER&encoding=UTF-8&namespaceId=public HTTP/1.1" 200 75 3 Nacos-Java-Client:v1.1.4
0:0:0:0:0:0:0:1 - - [22/Jun/2020:14:42:58 +0800] "GET /nacos/v1/cs/configs?dataId=&group=&appName=&config_tags=&pageNo=1&pageSize=10&tenant=fb00e33b-00f2-415a-9cd7-70408bf45f05&search=accurate&accessToken=eyJhbGciOiJIUzI1NiJ9.eyJzdWIiOiJuYWNvcyIsImV4cCI6MTU5MjgyMzk1NX0.yajrss_LacCbOpuOBnTtsC-utezL1sNOe6Q6MtDLh4c HTTP/1.1" 200 2620 4 Mozilla/5.0 (Windows NT 10.0; WOW64) AppleWebKit/537.36 (KHTML, like Gecko) Chrome/72.0.3626.121 Safari/537.36
0:0:0:0:0:0:0:1 - - [22/Jun/2020:14:43:02 +0800] "GET /nacos/v1/ns/catalog/services?hasIpCount=true&withInstances=false&pageNo=1&pageSize=10&serviceNameParam=&groupNameParam=&accessToken=eyJhbGciOiJIUzI1NiJ9.eyJzdWIiOiJuYWNvcyIsImV4cCI6MTU5MjgyMzk1NX0.yajrss_LacCbOpuOBnTtsC-utezL1sNOe6Q6MtDLh4c&namespaceId=fb00e33b-00f2-415a-9cd7-70408bf45f05 HTTP/1.1" 200 39 3 Mozilla/5.0 (Windows NT 10.0; WOW64) AppleWebKit/537.36 (KHTML, like Gecko) Chrome/72.0.3626.121 Safari/537.36
127.0.0.1 - - [22/Jun/2020:14:43:03 +0800] "PUT /nacos/v1/ns/instance/beat?beat=%7B%22cluster%22%3A%22DEFAULT%22%2C%22ip%22%3A%22192.168.8.184%22%2C%22metadata%22%3A%7B%22preserved.register.source%22%3A%22SPRING_CLOUD%22%7D%2C%22period%22%3A5000%2C%22port%22%3A8080%2C%22scheduled%22%3Afalse%2C%22serviceName%22%3A%22DEFAULT_GROUP%40%40GATEWAY-SERVER%22%2C%22stopped%22%3Afalse%2C%22weight%22%3A1.0%7D&app=unknown&serviceName=DEFAULT_GROUP%40%40GATEWAY-SERVER&encoding=UTF-8&namespaceId=public HTTP/1.1" 200 75 2 Nacos-Java-Client:v1.1.4
0:0:0:0:0:0:0:1 - - [22/Jun/2020:14:43:03 +0800] "GET /nacos/index.html HTTP/1.1" 304 - 21 Mozilla/5.0 (Windows NT 10.0; WOW64) AppleWebKit/537.36 (KHTML, like Gecko) Chrome/72.0.3626.121 Safari/537.36
0:0:0:0:0:0:0:1 - - [22/Jun/2020:14:43:04 +0800] "GET /nacos/v1/console/namespaces?&accessToken=eyJhbGciOiJIUzI1NiJ9.eyJzdWIiOiJuYWNvcyIsImV4cCI6MTU5MjgyMzk1NX0.yajrss_LacCbOpuOBnTtsC-utezL1sNOe6Q6MtDLh4c&namespaceId=fb00e33b-00f2-415a-9cd7-70408bf45f05 HTTP/1.1" 200 257 3 Mozilla/5.0 (Windows NT 10.0; WOW64) AppleWebKit/537.36 (KHTML, like Gecko) Chrome/72.0.3626.121 Safari/537.36
0:0:0:0:0:0:0:1 - - [22/Jun/2020:14:43:04 +0800] "GET /nacos/v1/console/server/state?accessToken=eyJhbGciOiJIUzI1NiJ9.eyJzdWIiOiJuYWNvcyIsImV4cCI6MTU5MjgyMzk1NX0.yajrss_LacCbOpuOBnTtsC-utezL1sNOe6Q6MtDLh4c HTTP/1.1" 200 82 2 Mozilla/5.0 (Windows NT 10.0; WOW64) AppleWebKit/537.36 (KHTML, like Gecko) Chrome/72.0.3626.121 Safari/537.36
0:0:0:0:0:0:0:1 - - [22/Jun/2020:14:43:04 +0800] "GET /nacos/console-fe/public/icons/icon-font.woff2 HTTP/1.1" 404 177 31 Mozilla/5.0 (Windows NT 10.0; WOW64) AppleWebKit/537.36 (KHTML, like Gecko) Chrome/72.0.3626.121 Safari/537.36
0:0:0:0:0:0:0:1 - - [22/Jun/2020:14:43:04 +0800] "GET /nacos/v1/ns/catalog/services?hasIpCount=true&withInstances=false&pageNo=1&pageSize=10&serviceNameParam=&groupNameParam=&accessToken=eyJhbGciOiJIUzI1NiJ9.eyJzdWIiOiJuYWNvcyIsImV4cCI6MTU5MjgyMzk1NX0.yajrss_LacCbOpuOBnTtsC-utezL1sNOe6Q6MtDLh4c&namespaceId=fb00e33b-00f2-415a-9cd7-70408bf45f05 HTTP/1.1" 200 39 2 Mozilla/5.0 (Windows NT 10.0; WOW64) AppleWebKit/537.36 (KHTML, like Gecko) Chrome/72.0.3626.121 Safari/537.36
0:0:0:0:0:0:0:1 - - [22/Jun/2020:14:43:04 +0800] "GET /nacos/console-fe/public/img/favicon.ico HTTP/1.1" 200 4286 15 Mozilla/5.0 (Windows NT 10.0; WOW64) AppleWebKit/537.36 (KHTML, like Gecko) Chrome/72.0.3626.121 Safari/537.36
0:0:0:0:0:0:0:1 - - [22/Jun/2020:14:43:04 +0800] "GET /nacos/index.html HTTP/1.1" 304 - 14 Mozilla/5.0 (Windows NT 10.0; WOW64) AppleWebKit/537.36 (KHTML, like Gecko) Chrome/72.0.3626.121 Safari/537.36
0:0:0:0:0:0:0:1 - - [22/Jun/2020:14:43:04 +0800] "GET /nacos/v1/console/namespaces?&accessToken=eyJhbGciOiJIUzI1NiJ9.eyJzdWIiOiJuYWNvcyIsImV4cCI6MTU5MjgyMzk1NX0.yajrss_LacCbOpuOBnTtsC-utezL1sNOe6Q6MtDLh4c&namespaceId=fb00e33b-00f2-415a-9cd7-70408bf45f05 HTTP/1.1" 200 257 3 Mozilla/5.0 (Windows NT 10.0; WOW64) AppleWebKit/537.36 (KHTML, like Gecko) Chrome/72.0.3626.121 Safari/537.36
0:0:0:0:0:0:0:1 - - [22/Jun/2020:14:43:04 +0800] "GET /nacos/v1/console/server/state?accessToken=eyJhbGciOiJIUzI1NiJ9.eyJzdWIiOiJuYWNvcyIsImV4cCI6MTU5MjgyMzk1NX0.yajrss_LacCbOpuOBnTtsC-utezL1sNOe6Q6MtDLh4c HTTP/1.1" 200 82 1 Mozilla/5.0 (Windows NT 10.0; WOW64) AppleWebKit/537.36 (KHTML, like Gecko) Chrome/72.0.3626.121 Safari/537.36
0:0:0:0:0:0:0:1 - - [22/Jun/2020:14:43:04 +0800] "GET /nacos/console-fe/public/icons/icon-font.woff2 HTTP/1.1" 404 177 28 Mozilla/5.0 (Windows NT 10.0; WOW64) AppleWebKit/537.36 (KHTML, like Gecko) Chrome/72.0.3626.121 Safari/537.36
0:0:0:0:0:0:0:1 - - [22/Jun/2020:14:43:04 +0800] "GET /nacos/v1/ns/catalog/services?hasIpCount=true&withInstances=false&pageNo=1&pageSize=10&serviceNameParam=&groupNameParam=&accessToken=eyJhbGciOiJIUzI1NiJ9.eyJzdWIiOiJuYWNvcyIsImV4cCI6MTU5MjgyMzk1NX0.yajrss_LacCbOpuOBnTtsC-utezL1sNOe6Q6MtDLh4c&namespaceId=fb00e33b-00f2-415a-9cd7-70408bf45f05 HTTP/1.1" 200 39 2 Mozilla/5.0 (Windows NT 10.0; WOW64) AppleWebKit/537.36 (KHTML, like Gecko) Chrome/72.0.3626.121 Safari/537.36
0:0:0:0:0:0:0:1 - - [22/Jun/2020:14:43:04 +0800] "GET /nacos/console-fe/public/img/favicon.ico HTTP/1.1" 200 4286 16 Mozilla/5.0 (Windows NT 10.0; WOW64) AppleWebKit/537.36 (KHTML, like Gecko) Chrome/72.0.3626.121 Safari/537.36
0:0:0:0:0:0:0:1 - - [22/Jun/2020:14:43:07 +0800] "GET /nacos/index.html HTTP/1.1" 304 - 16 Mozilla/5.0 (Windows NT 10.0; WOW64) AppleWebKit/537.36 (KHTML, like Gecko) Chrome/72.0.3626.121 Safari/537.36
0:0:0:0:0:0:0:1 - - [22/Jun/2020:14:43:07 +0800] "GET /nacos/v1/console/namespaces?&accessToken=eyJhbGciOiJIUzI1NiJ9.eyJzdWIiOiJuYWNvcyIsImV4cCI6MTU5MjgyMzk1NX0.yajrss_LacCbOpuOBnTtsC-utezL1sNOe6Q6MtDLh4c&namespaceId=fb00e33b-00f2-415a-9cd7-70408bf45f05 HTTP/1.1" 200 257 3 Mozilla/5.0 (Windows NT 10.0; WOW64) AppleWebKit/537.36 (KHTML, like Gecko) Chrome/72.0.3626.121 Safari/537.36
0:0:0:0:0:0:0:1 - - [22/Jun/2020:14:43:07 +0800] "GET /nacos/v1/console/server/state?accessToken=eyJhbGciOiJIUzI1NiJ9.eyJzdWIiOiJuYWNvcyIsImV4cCI6MTU5MjgyMzk1NX0.yajrss_LacCbOpuOBnTtsC-utezL1sNOe6Q6MtDLh4c HTTP/1.1" 200 82 2 Mozilla/5.0 (Windows NT 10.0; WOW64) AppleWebKit/537.36 (KHTML, like Gecko) Chrome/72.0.3626.121 Safari/537.36
0:0:0:0:0:0:0:1 - - [22/Jun/2020:14:43:07 +0800] "GET /nacos/console-fe/public/icons/icon-font.woff2 HTTP/1.1" 404 177 29 Mozilla/5.0 (Windows NT 10.0; WOW64) AppleWebKit/537.36 (KHTML, like Gecko) Chrome/72.0.3626.121 Safari/537.36
0:0:0:0:0:0:0:1 - - [22/Jun/2020:14:43:07 +0800] "GET /nacos/console-fe/public/img/favicon.ico HTTP/1.1" 200 4286 14 Mozilla/5.0 (Windows NT 10.0; WOW64) AppleWebKit/537.36 (KHTML, like Gecko) Chrome/72.0.3626.121 Safari/537.36
0:0:0:0:0:0:0:1 - - [22/Jun/2020:14:43:07 +0800] "GET /nacos/index.html HTTP/1.1" 304 - 20 Mozilla/5.0 (Windows NT 10.0; WOW64) AppleWebKit/537.36 (KHTML, like Gecko) Chrome/72.0.3626.121 Safari/537.36
0:0:0:0:0:0:0:1 - - [22/Jun/2020:14:43:07 +0800] "GET /nacos/v1/console/namespaces?&accessToken=eyJhbGciOiJIUzI1NiJ9.eyJzdWIiOiJuYWNvcyIsImV4cCI6MTU5MjgyMzk1NX0.yajrss_LacCbOpuOBnTtsC-utezL1sNOe6Q6MtDLh4c&namespaceId=fb00e33b-00f2-415a-9cd7-70408bf45f05 HTTP/1.1" 200 257 3 Mozilla/5.0 (Windows NT 10.0; WOW64) AppleWebKit/537.36 (KHTML, like Gecko) Chrome/72.0.3626.121 Safari/537.36
0:0:0:0:0:0:0:1 - - [22/Jun/2020:14:43:07 +0800] "GET /nacos/v1/console/server/state?accessToken=eyJhbGciOiJIUzI1NiJ9.eyJzdWIiOiJuYWNvcyIsImV4cCI6MTU5MjgyMzk1NX0.yajrss_LacCbOpuOBnTtsC-utezL1sNOe6Q6MtDLh4c HTTP/1.1" 200 82 2 Mozilla/5.0 (Windows NT 10.0; WOW64) AppleWebKit/537.36 (KHTML, like Gecko) Chrome/72.0.3626.121 Safari/537.36
0:0:0:0:0:0:0:1 - - [22/Jun/2020:14:43:07 +0800] "GET /nacos/console-fe/public/icons/icon-font.woff2 HTTP/1.1" 404 177 30 Mozilla/5.0 (Windows NT 10.0; WOW64) AppleWebKit/537.36 (KHTML, like Gecko) Chrome/72.0.3626.121 Safari/537.36
0:0:0:0:0:0:0:1 - - [22/Jun/2020:14:43:07 +0800] "GET /nacos/console-fe/public/img/favicon.ico HTTP/1.1" 200 4286 14 Mozilla/5.0 (Windows NT 10.0; WOW64) AppleWebKit/537.36 (KHTML, like Gecko) Chrome/72.0.3626.121 Safari/537.36
127.0.0.1 - - [22/Jun/2020:14:43:07 +0800] "POST /nacos/v1/cs/configs/listener HTTP/1.1" 200 - 29503 Java/1.8.0_91
127.0.0.1 - - [22/Jun/2020:14:43:08 +0800] "PUT /nacos/v1/ns/instance/beat?beat=%7B%22cluster%22%3A%22DEFAULT%22%2C%22ip%22%3A%22192.168.8.184%22%2C%22metadata%22%3A%7B%22preserved.register.source%22%3A%22SPRING_CLOUD%22%7D%2C%22period%22%3A5000%2C%22port%22%3A8080%2C%22scheduled%22%3Afalse%2C%22serviceName%22%3A%22DEFAULT_GROUP%40%40GATEWAY-SERVER%22%2C%22stopped%22%3Afalse%2C%22weight%22%3A1.0%7D&app=unknown&serviceName=DEFAULT_GROUP%40%40GATEWAY-SERVER&encoding=UTF-8&namespaceId=public HTTP/1.1" 200 75 2 Nacos-Java-Client:v1.1.4
127.0.0.1 - - [22/Jun/2020:14:43:13 +0800] "PUT /nacos/v1/ns/instance/beat?beat=%7B%22cluster%22%3A%22DEFAULT%22%2C%22ip%22%3A%22192.168.8.184%22%2C%22metadata%22%3A%7B%22preserved.register.source%22%3A%22SPRING_CLOUD%22%7D%2C%22period%22%3A5000%2C%22port%22%3A8080%2C%22scheduled%22%3Afalse%2C%22serviceName%22%3A%22DEFAULT_GROUP%40%40GATEWAY-SERVER%22%2C%22stopped%22%3Afalse%2C%22weight%22%3A1.0%7D&app=unknown&serviceName=DEFAULT_GROUP%40%40GATEWAY-SERVER&encoding=UTF-8&namespaceId=public HTTP/1.1" 200 75 1 Nacos-Java-Client:v1.1.4
127.0.0.1 - - [22/Jun/2020:14:43:18 +0800] "PUT /nacos/v1/ns/instance/beat?beat=%7B%22cluster%22%3A%22DEFAULT%22%2C%22ip%22%3A%22192.168.8.184%22%2C%22metadata%22%3A%7B%22preserved.register.source%22%3A%22SPRING_CLOUD%22%7D%2C%22period%22%3A5000%2C%22port%22%3A8080%2C%22scheduled%22%3Afalse%2C%22serviceName%22%3A%22DEFAULT_GROUP%40%40GATEWAY-SERVER%22%2C%22stopped%22%3Afalse%2C%22weight%22%3A1.0%7D&app=unknown&serviceName=DEFAULT_GROUP%40%40GATEWAY-SERVER&encoding=UTF-8&namespaceId=public HTTP/1.1" 200 75 7 Nacos-Java-Client:v1.1.4
127.0.0.1 - - [22/Jun/2020:14:43:23 +0800] "PUT /nacos/v1/ns/instance/beat?beat=%7B%22cluster%22%3A%22DEFAULT%22%2C%22ip%22%3A%22192.168.8.184%22%2C%22metadata%22%3A%7B%22preserved.register.source%22%3A%22SPRING_CLOUD%22%7D%2C%22period%22%3A5000%2C%22port%22%3A8080%2C%22scheduled%22%3Afalse%2C%22serviceName%22%3A%22DEFAULT_GROUP%40%40GATEWAY-SERVER%22%2C%22stopped%22%3Afalse%2C%22weight%22%3A1.0%7D&app=unknown&serviceName=DEFAULT_GROUP%40%40GATEWAY-SERVER&encoding=UTF-8&namespaceId=public HTTP/1.1" 200 75 7 Nacos-Java-Client:v1.1.4
0:0:0:0:0:0:0:1 - - [22/Jun/2020:14:43:25 +0800] "GET /nacos/v1/cs/configs?dataId=&group=&appName=&config_tags=&pageNo=1&pageSize=10&tenant=fb00e33b-00f2-415a-9cd7-70408bf45f05&search=accurate&accessToken=eyJhbGciOiJIUzI1NiJ9.eyJzdWIiOiJuYWNvcyIsImV4cCI6MTU5MjgyMzk1NX0.yajrss_LacCbOpuOBnTtsC-utezL1sNOe6Q6MtDLh4c HTTP/1.1" 200 2620 5 Mozilla/5.0 (Windows NT 10.0; WOW64) AppleWebKit/537.36 (KHTML, like Gecko) Chrome/72.0.3626.121 Safari/537.36
0:0:0:0:0:0:0:1 - - [22/Jun/2020:14:43:27 +0800] "GET /nacos/v1/cs/configs?dataId=&group=&appName=&config_tags=&pageNo=1&pageSize=10&tenant=fb00e33b-00f2-415a-9cd7-70408bf45f05&search=accurate&accessToken=eyJhbGciOiJIUzI1NiJ9.eyJzdWIiOiJuYWNvcyIsImV4cCI6MTU5MjgyMzk1NX0.yajrss_LacCbOpuOBnTtsC-utezL1sNOe6Q6MtDLh4c HTTP/1.1" 200 2620 4 Mozilla/5.0 (Windows NT 10.0; WOW64) AppleWebKit/537.36 (KHTML, like Gecko) Chrome/72.0.3626.121 Safari/537.36
127.0.0.1 - - [22/Jun/2020:14:43:28 +0800] "PUT /nacos/v1/ns/instance/beat?beat=%7B%22cluster%22%3A%22DEFAULT%22%2C%22ip%22%3A%22192.168.8.184%22%2C%22metadata%22%3A%7B%22preserved.register.source%22%3A%22SPRING_CLOUD%22%7D%2C%22period%22%3A5000%2C%22port%22%3A8080%2C%22scheduled%22%3Afalse%2C%22serviceName%22%3A%22DEFAULT_GROUP%40%40GATEWAY-SERVER%22%2C%22stopped%22%3Afalse%2C%22weight%22%3A1.0%7D&app=unknown&serviceName=DEFAULT_GROUP%40%40GATEWAY-SERVER&encoding=UTF-8&namespaceId=public HTTP/1.1" 200 75 4 Nacos-Java-Client:v1.1.4
127.0.0.1 - - [22/Jun/2020:14:43:33 +0800] "PUT /nacos/v1/ns/instance/beat?beat=%7B%22cluster%22%3A%22DEFAULT%22%2C%22ip%22%3A%22192.168.8.184%22%2C%22metadata%22%3A%7B%22preserved.register.source%22%3A%22SPRING_CLOUD%22%7D%2C%22period%22%3A5000%2C%22port%22%3A8080%2C%22scheduled%22%3Afalse%2C%22serviceName%22%3A%22DEFAULT_GROUP%40%40GATEWAY-SERVER%22%2C%22stopped%22%3Afalse%2C%22weight%22%3A1.0%7D&app=unknown&serviceName=DEFAULT_GROUP%40%40GATEWAY-SERVER&encoding=UTF-8&namespaceId=public HTTP/1.1" 200 75 5 Nacos-Java-Client:v1.1.4
127.0.0.1 - - [22/Jun/2020:14:43:37 +0800] "POST /nacos/v1/cs/configs/listener HTTP/1.1" 200 - 29503 Java/1.8.0_91
