0:0:0:0:0:0:0:1 - - [22/Jun/2020:14:35:14 +0800] "GET /nacos/v1/cs/configs?dataId=&group=&appName=&config_tags=&pageNo=1&pageSize=10&tenant=fb00e33b-00f2-415a-9cd7-70408bf45f05&search=accurate&accessToken=eyJhbGciOiJIUzI1NiJ9.eyJzdWIiOiJuYWNvcyIsImV4cCI6MTU5MjgyMzk1NX0.yajrss_LacCbOpuOBnTtsC-utezL1sNOe6Q6MtDLh4c HTTP/1.1" 200 2632 6 Mozilla/5.0 (Windows NT 10.0; WOW64) AppleWebKit/537.36 (KHTML, like Gecko) Chrome/72.0.3626.121 Safari/537.36
0:0:0:0:0:0:0:1 - - [22/Jun/2020:14:35:17 +0800] "GET /nacos/v1/cs/configs?show=all&dataId=GATEWAY-SERVER.yaml&group=develop&tenant=fb00e33b-00f2-415a-9cd7-70408bf45f05&accessToken=eyJhbGciOiJIUzI1NiJ9.eyJzdWIiOiJuYWNvcyIsImV4cCI6MTU5MjgyMzk1NX0.yajrss_LacCbOpuOBnTtsC-utezL1sNOe6Q6MtDLh4c&namespaceId=fb00e33b-00f2-415a-9cd7-70408bf45f05 HTTP/1.1" 200 1489 5 Mozilla/5.0 (Windows NT 10.0; WOW64) AppleWebKit/537.36 (KHTML, like Gecko) Chrome/72.0.3626.121 Safari/537.36
0:0:0:0:0:0:0:1 - - [22/Jun/2020:14:36:40 +0800] "GET /nacos/v1/cs/configs?dataId=&group=&appName=&config_tags=&pageNo=1&pageSize=10&tenant=fb00e33b-00f2-415a-9cd7-70408bf45f05&search=accurate&accessToken=eyJhbGciOiJIUzI1NiJ9.eyJzdWIiOiJuYWNvcyIsImV4cCI6MTU5MjgyMzk1NX0.yajrss_LacCbOpuOBnTtsC-utezL1sNOe6Q6MtDLh4c HTTP/1.1" 200 2632 6 Mozilla/5.0 (Windows NT 10.0; WOW64) AppleWebKit/537.36 (KHTML, like Gecko) Chrome/72.0.3626.121 Safari/537.36
0:0:0:0:0:0:0:1 - - [22/Jun/2020:14:36:43 +0800] "GET /nacos/v1/cs/configs?show=all&dataId=GATEWAY-SERVER.yaml&group=produce&tenant=fb00e33b-00f2-415a-9cd7-70408bf45f05&accessToken=eyJhbGciOiJIUzI1NiJ9.eyJzdWIiOiJuYWNvcyIsImV4cCI6MTU5MjgyMzk1NX0.yajrss_LacCbOpuOBnTtsC-utezL1sNOe6Q6MtDLh4c&namespaceId=fb00e33b-00f2-415a-9cd7-70408bf45f05 HTTP/1.1" 200 1489 4 Mozilla/5.0 (Windows NT 10.0; WOW64) AppleWebKit/537.36 (KHTML, like Gecko) Chrome/72.0.3626.121 Safari/537.36
127.0.0.1 - - [22/Jun/2020:14:37:37 +0800] "GET /nacos/v1/cs/configs?dataId=GATEWAY-SERVER&group=develop&tenant=GATEWAY-SERVER HTTP/1.1" 404 23 3 Java/1.8.0_91
127.0.0.1 - - [22/Jun/2020:14:37:37 +0800] "GET /nacos/v1/cs/configs?dataId=GATEWAY-SERVER.properties&group=develop&tenant=GATEWAY-SERVER HTTP/1.1" 404 23 2 Java/1.8.0_91
127.0.0.1 - - [22/Jun/2020:14:37:41 +0800] "POST /nacos/v1/ns/instance?app=unknown&metadata=%7B%22preserved.register.source%22%3A%22SPRING_CLOUD%22%7D&ip=192.168.8.184&weight=1.0&ephemeral=true&serviceName=DEFAULT_GROUP%40%40GATEWAY-SERVER&encoding=UTF-8&groupName=DEFAULT_GROUP&namespaceId=public&port=10001&enable=true&healthy=true&clusterName=DEFAULT HTTP/1.1" 200 2 4 Nacos-Java-Client:v1.1.4
127.0.0.1 - - [22/Jun/2020:14:37:41 +0800] "POST /nacos/v1/cs/configs/listener HTTP/1.1" 200 - 2 Java/1.8.0_91
127.0.0.1 - - [22/Jun/2020:14:37:46 +0800] "PUT /nacos/v1/ns/instance/beat?beat=%7B%22cluster%22%3A%22DEFAULT%22%2C%22ip%22%3A%22192.168.8.184%22%2C%22metadata%22%3A%7B%22preserved.register.source%22%3A%22SPRING_CLOUD%22%7D%2C%22period%22%3A5000%2C%22port%22%3A10001%2C%22scheduled%22%3Afalse%2C%22serviceName%22%3A%22DEFAULT_GROUP%40%40GATEWAY-SERVER%22%2C%22stopped%22%3Afalse%2C%22weight%22%3A1.0%7D&app=unknown&serviceName=DEFAULT_GROUP%40%40GATEWAY-SERVER&encoding=UTF-8&namespaceId=public HTTP/1.1" 200 75 11 Nacos-Java-Client:v1.1.4
127.0.0.1 - - [22/Jun/2020:14:37:51 +0800] "PUT /nacos/v1/ns/instance/beat?beat=%7B%22cluster%22%3A%22DEFAULT%22%2C%22ip%22%3A%22192.168.8.184%22%2C%22metadata%22%3A%7B%22preserved.register.source%22%3A%22SPRING_CLOUD%22%7D%2C%22period%22%3A5000%2C%22port%22%3A10001%2C%22scheduled%22%3Afalse%2C%22serviceName%22%3A%22DEFAULT_GROUP%40%40GATEWAY-SERVER%22%2C%22stopped%22%3Afalse%2C%22weight%22%3A1.0%7D&app=unknown&serviceName=DEFAULT_GROUP%40%40GATEWAY-SERVER&encoding=UTF-8&namespaceId=public HTTP/1.1" 200 75 3 Nacos-Java-Client:v1.1.4
127.0.0.1 - - [22/Jun/2020:14:37:56 +0800] "PUT /nacos/v1/ns/instance/beat?beat=%7B%22cluster%22%3A%22DEFAULT%22%2C%22ip%22%3A%22192.168.8.184%22%2C%22metadata%22%3A%7B%22preserved.register.source%22%3A%22SPRING_CLOUD%22%7D%2C%22period%22%3A5000%2C%22port%22%3A10001%2C%22scheduled%22%3Afalse%2C%22serviceName%22%3A%22DEFAULT_GROUP%40%40GATEWAY-SERVER%22%2C%22stopped%22%3Afalse%2C%22weight%22%3A1.0%7D&app=unknown&serviceName=DEFAULT_GROUP%40%40GATEWAY-SERVER&encoding=UTF-8&namespaceId=public HTTP/1.1" 200 75 5 Nacos-Java-Client:v1.1.4
0:0:0:0:0:0:0:1 - - [22/Jun/2020:14:38:00 +0800] "GET /nacos/v1/cs/configs?dataId=&group=&appName=&config_tags=&pageNo=1&pageSize=10&tenant=fb00e33b-00f2-415a-9cd7-70408bf45f05&search=accurate&accessToken=eyJhbGciOiJIUzI1NiJ9.eyJzdWIiOiJuYWNvcyIsImV4cCI6MTU5MjgyMzk1NX0.yajrss_LacCbOpuOBnTtsC-utezL1sNOe6Q6MtDLh4c HTTP/1.1" 200 2632 4 Mozilla/5.0 (Windows NT 10.0; WOW64) AppleWebKit/537.36 (KHTML, like Gecko) Chrome/72.0.3626.121 Safari/537.36
127.0.0.1 - - [22/Jun/2020:14:38:01 +0800] "PUT /nacos/v1/ns/instance/beat?beat=%7B%22cluster%22%3A%22DEFAULT%22%2C%22ip%22%3A%22192.168.8.184%22%2C%22metadata%22%3A%7B%22preserved.register.source%22%3A%22SPRING_CLOUD%22%7D%2C%22period%22%3A5000%2C%22port%22%3A10001%2C%22scheduled%22%3Afalse%2C%22serviceName%22%3A%22DEFAULT_GROUP%40%40GATEWAY-SERVER%22%2C%22stopped%22%3Afalse%2C%22weight%22%3A1.0%7D&app=unknown&serviceName=DEFAULT_GROUP%40%40GATEWAY-SERVER&encoding=UTF-8&namespaceId=public HTTP/1.1" 200 75 4 Nacos-Java-Client:v1.1.4
0:0:0:0:0:0:0:1 - - [22/Jun/2020:14:38:03 +0800] "GET /nacos/v1/cs/configs?dataId=GATEWAY-SERVER.yaml&group=develop&namespaceId=fb00e33b-00f2-415a-9cd7-70408bf45f05&tenant=fb00e33b-00f2-415a-9cd7-70408bf45f05&beta=true&accessToken=eyJhbGciOiJIUzI1NiJ9.eyJzdWIiOiJuYWNvcyIsImV4cCI6MTU5MjgyMzk1NX0.yajrss_LacCbOpuOBnTtsC-utezL1sNOe6Q6MtDLh4c HTTP/1.1" 200 60 4 Mozilla/5.0 (Windows NT 10.0; WOW64) AppleWebKit/537.36 (KHTML, like Gecko) Chrome/72.0.3626.121 Safari/537.36
0:0:0:0:0:0:0:1 - - [22/Jun/2020:14:38:03 +0800] "GET /nacos/v1/cs/configs?dataId=GATEWAY-SERVER.yaml&group=develop&namespaceId=fb00e33b-00f2-415a-9cd7-70408bf45f05&tenant=fb00e33b-00f2-415a-9cd7-70408bf45f05&show=all&accessToken=eyJhbGciOiJIUzI1NiJ9.eyJzdWIiOiJuYWNvcyIsImV4cCI6MTU5MjgyMzk1NX0.yajrss_LacCbOpuOBnTtsC-utezL1sNOe6Q6MtDLh4c HTTP/1.1" 200 1489 3 Mozilla/5.0 (Windows NT 10.0; WOW64) AppleWebKit/537.36 (KHTML, like Gecko) Chrome/72.0.3626.121 Safari/537.36
127.0.0.1 - - [22/Jun/2020:14:38:06 +0800] "PUT /nacos/v1/ns/instance/beat?beat=%7B%22cluster%22%3A%22DEFAULT%22%2C%22ip%22%3A%22192.168.8.184%22%2C%22metadata%22%3A%7B%22preserved.register.source%22%3A%22SPRING_CLOUD%22%7D%2C%22period%22%3A5000%2C%22port%22%3A10001%2C%22scheduled%22%3Afalse%2C%22serviceName%22%3A%22DEFAULT_GROUP%40%40GATEWAY-SERVER%22%2C%22stopped%22%3Afalse%2C%22weight%22%3A1.0%7D&app=unknown&serviceName=DEFAULT_GROUP%40%40GATEWAY-SERVER&encoding=UTF-8&namespaceId=public HTTP/1.1" 200 75 3 Nacos-Java-Client:v1.1.4
127.0.0.1 - - [22/Jun/2020:14:38:11 +0800] "POST /nacos/v1/cs/configs/listener HTTP/1.1" 200 - 29506 Java/1.8.0_91
127.0.0.1 - - [22/Jun/2020:14:38:11 +0800] "PUT /nacos/v1/ns/instance/beat?beat=%7B%22cluster%22%3A%22DEFAULT%22%2C%22ip%22%3A%22192.168.8.184%22%2C%22metadata%22%3A%7B%22preserved.register.source%22%3A%22SPRING_CLOUD%22%7D%2C%22period%22%3A5000%2C%22port%22%3A10001%2C%22scheduled%22%3Afalse%2C%22serviceName%22%3A%22DEFAULT_GROUP%40%40GATEWAY-SERVER%22%2C%22stopped%22%3Afalse%2C%22weight%22%3A1.0%7D&app=unknown&serviceName=DEFAULT_GROUP%40%40GATEWAY-SERVER&encoding=UTF-8&namespaceId=public HTTP/1.1" 200 75 2 Nacos-Java-Client:v1.1.4
127.0.0.1 - - [22/Jun/2020:14:38:16 +0800] "PUT /nacos/v1/ns/instance/beat?beat=%7B%22cluster%22%3A%22DEFAULT%22%2C%22ip%22%3A%22192.168.8.184%22%2C%22metadata%22%3A%7B%22preserved.register.source%22%3A%22SPRING_CLOUD%22%7D%2C%22period%22%3A5000%2C%22port%22%3A10001%2C%22scheduled%22%3Afalse%2C%22serviceName%22%3A%22DEFAULT_GROUP%40%40GATEWAY-SERVER%22%2C%22stopped%22%3Afalse%2C%22weight%22%3A1.0%7D&app=unknown&serviceName=DEFAULT_GROUP%40%40GATEWAY-SERVER&encoding=UTF-8&namespaceId=public HTTP/1.1" 200 75 3 Nacos-Java-Client:v1.1.4
127.0.0.1 - - [22/Jun/2020:14:38:21 +0800] "PUT /nacos/v1/ns/instance/beat?beat=%7B%22cluster%22%3A%22DEFAULT%22%2C%22ip%22%3A%22192.168.8.184%22%2C%22metadata%22%3A%7B%22preserved.register.source%22%3A%22SPRING_CLOUD%22%7D%2C%22period%22%3A5000%2C%22port%22%3A10001%2C%22scheduled%22%3Afalse%2C%22serviceName%22%3A%22DEFAULT_GROUP%40%40GATEWAY-SERVER%22%2C%22stopped%22%3Afalse%2C%22weight%22%3A1.0%7D&app=unknown&serviceName=DEFAULT_GROUP%40%40GATEWAY-SERVER&encoding=UTF-8&namespaceId=public HTTP/1.1" 200 75 2 Nacos-Java-Client:v1.1.4
127.0.0.1 - - [22/Jun/2020:14:38:26 +0800] "PUT /nacos/v1/ns/instance/beat?beat=%7B%22cluster%22%3A%22DEFAULT%22%2C%22ip%22%3A%22192.168.8.184%22%2C%22metadata%22%3A%7B%22preserved.register.source%22%3A%22SPRING_CLOUD%22%7D%2C%22period%22%3A5000%2C%22port%22%3A10001%2C%22scheduled%22%3Afalse%2C%22serviceName%22%3A%22DEFAULT_GROUP%40%40GATEWAY-SERVER%22%2C%22stopped%22%3Afalse%2C%22weight%22%3A1.0%7D&app=unknown&serviceName=DEFAULT_GROUP%40%40GATEWAY-SERVER&encoding=UTF-8&namespaceId=public HTTP/1.1" 200 75 4 Nacos-Java-Client:v1.1.4
127.0.0.1 - - [22/Jun/2020:14:38:31 +0800] "PUT /nacos/v1/ns/instance/beat?beat=%7B%22cluster%22%3A%22DEFAULT%22%2C%22ip%22%3A%22192.168.8.184%22%2C%22metadata%22%3A%7B%22preserved.register.source%22%3A%22SPRING_CLOUD%22%7D%2C%22period%22%3A5000%2C%22port%22%3A10001%2C%22scheduled%22%3Afalse%2C%22serviceName%22%3A%22DEFAULT_GROUP%40%40GATEWAY-SERVER%22%2C%22stopped%22%3Afalse%2C%22weight%22%3A1.0%7D&app=unknown&serviceName=DEFAULT_GROUP%40%40GATEWAY-SERVER&encoding=UTF-8&namespaceId=public HTTP/1.1" 200 75 2 Nacos-Java-Client:v1.1.4
127.0.0.1 - - [22/Jun/2020:14:38:36 +0800] "PUT /nacos/v1/ns/instance/beat?beat=%7B%22cluster%22%3A%22DEFAULT%22%2C%22ip%22%3A%22192.168.8.184%22%2C%22metadata%22%3A%7B%22preserved.register.source%22%3A%22SPRING_CLOUD%22%7D%2C%22period%22%3A5000%2C%22port%22%3A10001%2C%22scheduled%22%3Afalse%2C%22serviceName%22%3A%22DEFAULT_GROUP%40%40GATEWAY-SERVER%22%2C%22stopped%22%3Afalse%2C%22weight%22%3A1.0%7D&app=unknown&serviceName=DEFAULT_GROUP%40%40GATEWAY-SERVER&encoding=UTF-8&namespaceId=public HTTP/1.1" 200 75 3 Nacos-Java-Client:v1.1.4
127.0.0.1 - - [22/Jun/2020:14:38:40 +0800] "POST /nacos/v1/cs/configs/listener HTTP/1.1" 200 - 29503 Java/1.8.0_91
127.0.0.1 - - [22/Jun/2020:14:38:41 +0800] "PUT /nacos/v1/ns/instance/beat?beat=%7B%22cluster%22%3A%22DEFAULT%22%2C%22ip%22%3A%22192.168.8.184%22%2C%22metadata%22%3A%7B%22preserved.register.source%22%3A%22SPRING_CLOUD%22%7D%2C%22period%22%3A5000%2C%22port%22%3A10001%2C%22scheduled%22%3Afalse%2C%22serviceName%22%3A%22DEFAULT_GROUP%40%40GATEWAY-SERVER%22%2C%22stopped%22%3Afalse%2C%22weight%22%3A1.0%7D&app=unknown&serviceName=DEFAULT_GROUP%40%40GATEWAY-SERVER&encoding=UTF-8&namespaceId=public HTTP/1.1" 200 75 9 Nacos-Java-Client:v1.1.4
127.0.0.1 - - [22/Jun/2020:14:38:46 +0800] "PUT /nacos/v1/ns/instance/beat?beat=%7B%22cluster%22%3A%22DEFAULT%22%2C%22ip%22%3A%22192.168.8.184%22%2C%22metadata%22%3A%7B%22preserved.register.source%22%3A%22SPRING_CLOUD%22%7D%2C%22period%22%3A5000%2C%22port%22%3A10001%2C%22scheduled%22%3Afalse%2C%22serviceName%22%3A%22DEFAULT_GROUP%40%40GATEWAY-SERVER%22%2C%22stopped%22%3Afalse%2C%22weight%22%3A1.0%7D&app=unknown&serviceName=DEFAULT_GROUP%40%40GATEWAY-SERVER&encoding=UTF-8&namespaceId=public HTTP/1.1" 200 75 9 Nacos-Java-Client:v1.1.4
127.0.0.1 - - [22/Jun/2020:14:38:51 +0800] "PUT /nacos/v1/ns/instance/beat?beat=%7B%22cluster%22%3A%22DEFAULT%22%2C%22ip%22%3A%22192.168.8.184%22%2C%22metadata%22%3A%7B%22preserved.register.source%22%3A%22SPRING_CLOUD%22%7D%2C%22period%22%3A5000%2C%22port%22%3A10001%2C%22scheduled%22%3Afalse%2C%22serviceName%22%3A%22DEFAULT_GROUP%40%40GATEWAY-SERVER%22%2C%22stopped%22%3Afalse%2C%22weight%22%3A1.0%7D&app=unknown&serviceName=DEFAULT_GROUP%40%40GATEWAY-SERVER&encoding=UTF-8&namespaceId=public HTTP/1.1" 200 75 8 Nacos-Java-Client:v1.1.4
127.0.0.1 - - [22/Jun/2020:14:38:56 +0800] "PUT /nacos/v1/ns/instance/beat?beat=%7B%22cluster%22%3A%22DEFAULT%22%2C%22ip%22%3A%22192.168.8.184%22%2C%22metadata%22%3A%7B%22preserved.register.source%22%3A%22SPRING_CLOUD%22%7D%2C%22period%22%3A5000%2C%22port%22%3A10001%2C%22scheduled%22%3Afalse%2C%22serviceName%22%3A%22DEFAULT_GROUP%40%40GATEWAY-SERVER%22%2C%22stopped%22%3Afalse%2C%22weight%22%3A1.0%7D&app=unknown&serviceName=DEFAULT_GROUP%40%40GATEWAY-SERVER&encoding=UTF-8&namespaceId=public HTTP/1.1" 200 75 2 Nacos-Java-Client:v1.1.4
127.0.0.1 - - [22/Jun/2020:14:39:01 +0800] "PUT /nacos/v1/ns/instance/beat?beat=%7B%22cluster%22%3A%22DEFAULT%22%2C%22ip%22%3A%22192.168.8.184%22%2C%22metadata%22%3A%7B%22preserved.register.source%22%3A%22SPRING_CLOUD%22%7D%2C%22period%22%3A5000%2C%22port%22%3A10001%2C%22scheduled%22%3Afalse%2C%22serviceName%22%3A%22DEFAULT_GROUP%40%40GATEWAY-SERVER%22%2C%22stopped%22%3Afalse%2C%22weight%22%3A1.0%7D&app=unknown&serviceName=DEFAULT_GROUP%40%40GATEWAY-SERVER&encoding=UTF-8&namespaceId=public HTTP/1.1" 200 75 8 Nacos-Java-Client:v1.1.4
127.0.0.1 - - [22/Jun/2020:14:39:06 +0800] "PUT /nacos/v1/ns/instance/beat?beat=%7B%22cluster%22%3A%22DEFAULT%22%2C%22ip%22%3A%22192.168.8.184%22%2C%22metadata%22%3A%7B%22preserved.register.source%22%3A%22SPRING_CLOUD%22%7D%2C%22period%22%3A5000%2C%22port%22%3A10001%2C%22scheduled%22%3Afalse%2C%22serviceName%22%3A%22DEFAULT_GROUP%40%40GATEWAY-SERVER%22%2C%22stopped%22%3Afalse%2C%22weight%22%3A1.0%7D&app=unknown&serviceName=DEFAULT_GROUP%40%40GATEWAY-SERVER&encoding=UTF-8&namespaceId=public HTTP/1.1" 200 75 8 Nacos-Java-Client:v1.1.4
127.0.0.1 - - [22/Jun/2020:14:39:10 +0800] "POST /nacos/v1/cs/configs/listener HTTP/1.1" 200 - 29507 Java/1.8.0_91
127.0.0.1 - - [22/Jun/2020:14:39:11 +0800] "PUT /nacos/v1/ns/instance/beat?beat=%7B%22cluster%22%3A%22DEFAULT%22%2C%22ip%22%3A%22192.168.8.184%22%2C%22metadata%22%3A%7B%22preserved.register.source%22%3A%22SPRING_CLOUD%22%7D%2C%22period%22%3A5000%2C%22port%22%3A10001%2C%22scheduled%22%3Afalse%2C%22serviceName%22%3A%22DEFAULT_GROUP%40%40GATEWAY-SERVER%22%2C%22stopped%22%3Afalse%2C%22weight%22%3A1.0%7D&app=unknown&serviceName=DEFAULT_GROUP%40%40GATEWAY-SERVER&encoding=UTF-8&namespaceId=public HTTP/1.1" 200 75 9 Nacos-Java-Client:v1.1.4
127.0.0.1 - - [22/Jun/2020:14:39:16 +0800] "PUT /nacos/v1/ns/instance/beat?beat=%7B%22cluster%22%3A%22DEFAULT%22%2C%22ip%22%3A%22192.168.8.184%22%2C%22metadata%22%3A%7B%22preserved.register.source%22%3A%22SPRING_CLOUD%22%7D%2C%22period%22%3A5000%2C%22port%22%3A10001%2C%22scheduled%22%3Afalse%2C%22serviceName%22%3A%22DEFAULT_GROUP%40%40GATEWAY-SERVER%22%2C%22stopped%22%3Afalse%2C%22weight%22%3A1.0%7D&app=unknown&serviceName=DEFAULT_GROUP%40%40GATEWAY-SERVER&encoding=UTF-8&namespaceId=public HTTP/1.1" 200 75 9 Nacos-Java-Client:v1.1.4
127.0.0.1 - - [22/Jun/2020:14:39:21 +0800] "PUT /nacos/v1/ns/instance/beat?beat=%7B%22cluster%22%3A%22DEFAULT%22%2C%22ip%22%3A%22192.168.8.184%22%2C%22metadata%22%3A%7B%22preserved.register.source%22%3A%22SPRING_CLOUD%22%7D%2C%22period%22%3A5000%2C%22port%22%3A10001%2C%22scheduled%22%3Afalse%2C%22serviceName%22%3A%22DEFAULT_GROUP%40%40GATEWAY-SERVER%22%2C%22stopped%22%3Afalse%2C%22weight%22%3A1.0%7D&app=unknown&serviceName=DEFAULT_GROUP%40%40GATEWAY-SERVER&encoding=UTF-8&namespaceId=public HTTP/1.1" 200 75 4 Nacos-Java-Client:v1.1.4
127.0.0.1 - - [22/Jun/2020:14:39:26 +0800] "PUT /nacos/v1/ns/instance/beat?beat=%7B%22cluster%22%3A%22DEFAULT%22%2C%22ip%22%3A%22192.168.8.184%22%2C%22metadata%22%3A%7B%22preserved.register.source%22%3A%22SPRING_CLOUD%22%7D%2C%22period%22%3A5000%2C%22port%22%3A10001%2C%22scheduled%22%3Afalse%2C%22serviceName%22%3A%22DEFAULT_GROUP%40%40GATEWAY-SERVER%22%2C%22stopped%22%3Afalse%2C%22weight%22%3A1.0%7D&app=unknown&serviceName=DEFAULT_GROUP%40%40GATEWAY-SERVER&encoding=UTF-8&namespaceId=public HTTP/1.1" 200 75 7 Nacos-Java-Client:v1.1.4
127.0.0.1 - - [22/Jun/2020:14:39:31 +0800] "PUT /nacos/v1/ns/instance/beat?beat=%7B%22cluster%22%3A%22DEFAULT%22%2C%22ip%22%3A%22192.168.8.184%22%2C%22metadata%22%3A%7B%22preserved.register.source%22%3A%22SPRING_CLOUD%22%7D%2C%22period%22%3A5000%2C%22port%22%3A10001%2C%22scheduled%22%3Afalse%2C%22serviceName%22%3A%22DEFAULT_GROUP%40%40GATEWAY-SERVER%22%2C%22stopped%22%3Afalse%2C%22weight%22%3A1.0%7D&app=unknown&serviceName=DEFAULT_GROUP%40%40GATEWAY-SERVER&encoding=UTF-8&namespaceId=public HTTP/1.1" 200 75 3 Nacos-Java-Client:v1.1.4
127.0.0.1 - - [22/Jun/2020:14:39:36 +0800] "PUT /nacos/v1/ns/instance/beat?beat=%7B%22cluster%22%3A%22DEFAULT%22%2C%22ip%22%3A%22192.168.8.184%22%2C%22metadata%22%3A%7B%22preserved.register.source%22%3A%22SPRING_CLOUD%22%7D%2C%22period%22%3A5000%2C%22port%22%3A10001%2C%22scheduled%22%3Afalse%2C%22serviceName%22%3A%22DEFAULT_GROUP%40%40GATEWAY-SERVER%22%2C%22stopped%22%3Afalse%2C%22weight%22%3A1.0%7D&app=unknown&serviceName=DEFAULT_GROUP%40%40GATEWAY-SERVER&encoding=UTF-8&namespaceId=public HTTP/1.1" 200 75 3 Nacos-Java-Client:v1.1.4
127.0.0.1 - - [22/Jun/2020:14:39:40 +0800] "POST /nacos/v1/cs/configs/listener HTTP/1.1" 200 - 29506 Java/1.8.0_91
127.0.0.1 - - [22/Jun/2020:14:39:41 +0800] "PUT /nacos/v1/ns/instance/beat?beat=%7B%22cluster%22%3A%22DEFAULT%22%2C%22ip%22%3A%22192.168.8.184%22%2C%22metadata%22%3A%7B%22preserved.register.source%22%3A%22SPRING_CLOUD%22%7D%2C%22period%22%3A5000%2C%22port%22%3A10001%2C%22scheduled%22%3Afalse%2C%22serviceName%22%3A%22DEFAULT_GROUP%40%40GATEWAY-SERVER%22%2C%22stopped%22%3Afalse%2C%22weight%22%3A1.0%7D&app=unknown&serviceName=DEFAULT_GROUP%40%40GATEWAY-SERVER&encoding=UTF-8&namespaceId=public HTTP/1.1" 200 75 2 Nacos-Java-Client:v1.1.4
127.0.0.1 - - [22/Jun/2020:14:39:46 +0800] "PUT /nacos/v1/ns/instance/beat?beat=%7B%22cluster%22%3A%22DEFAULT%22%2C%22ip%22%3A%22192.168.8.184%22%2C%22metadata%22%3A%7B%22preserved.register.source%22%3A%22SPRING_CLOUD%22%7D%2C%22period%22%3A5000%2C%22port%22%3A10001%2C%22scheduled%22%3Afalse%2C%22serviceName%22%3A%22DEFAULT_GROUP%40%40GATEWAY-SERVER%22%2C%22stopped%22%3Afalse%2C%22weight%22%3A1.0%7D&app=unknown&serviceName=DEFAULT_GROUP%40%40GATEWAY-SERVER&encoding=UTF-8&namespaceId=public HTTP/1.1" 200 75 5 Nacos-Java-Client:v1.1.4
127.0.0.1 - - [22/Jun/2020:14:39:51 +0800] "PUT /nacos/v1/ns/instance/beat?beat=%7B%22cluster%22%3A%22DEFAULT%22%2C%22ip%22%3A%22192.168.8.184%22%2C%22metadata%22%3A%7B%22preserved.register.source%22%3A%22SPRING_CLOUD%22%7D%2C%22period%22%3A5000%2C%22port%22%3A10001%2C%22scheduled%22%3Afalse%2C%22serviceName%22%3A%22DEFAULT_GROUP%40%40GATEWAY-SERVER%22%2C%22stopped%22%3Afalse%2C%22weight%22%3A1.0%7D&app=unknown&serviceName=DEFAULT_GROUP%40%40GATEWAY-SERVER&encoding=UTF-8&namespaceId=public HTTP/1.1" 200 75 7 Nacos-Java-Client:v1.1.4
127.0.0.1 - - [22/Jun/2020:14:39:56 +0800] "PUT /nacos/v1/ns/instance/beat?beat=%7B%22cluster%22%3A%22DEFAULT%22%2C%22ip%22%3A%22192.168.8.184%22%2C%22metadata%22%3A%7B%22preserved.register.source%22%3A%22SPRING_CLOUD%22%7D%2C%22period%22%3A5000%2C%22port%22%3A10001%2C%22scheduled%22%3Afalse%2C%22serviceName%22%3A%22DEFAULT_GROUP%40%40GATEWAY-SERVER%22%2C%22stopped%22%3Afalse%2C%22weight%22%3A1.0%7D&app=unknown&serviceName=DEFAULT_GROUP%40%40GATEWAY-SERVER&encoding=UTF-8&namespaceId=public HTTP/1.1" 200 75 10 Nacos-Java-Client:v1.1.4
0:0:0:0:0:0:0:1 - - [22/Jun/2020:14:39:58 +0800] "POST /nacos/v1/cs/configs?accessToken=eyJhbGciOiJIUzI1NiJ9.eyJzdWIiOiJuYWNvcyIsImV4cCI6MTU5MjgyMzk1NX0.yajrss_LacCbOpuOBnTtsC-utezL1sNOe6Q6MtDLh4c HTTP/1.1" 200 14 10 Mozilla/5.0 (Windows NT 10.0; WOW64) AppleWebKit/537.36 (KHTML, like Gecko) Chrome/72.0.3626.121 Safari/537.36
0:0:0:0:0:0:0:1 - - [22/Jun/2020:14:39:58 +0800] "GET /nacos/v1/cs/configs?dataId=GATEWAY-SERVER.yaml&group=develop&namespaceId=fb00e33b-00f2-415a-9cd7-70408bf45f05&tenant=fb00e33b-00f2-415a-9cd7-70408bf45f05&show=all&accessToken=eyJhbGciOiJIUzI1NiJ9.eyJzdWIiOiJuYWNvcyIsImV4cCI6MTU5MjgyMzk1NX0.yajrss_LacCbOpuOBnTtsC-utezL1sNOe6Q6MtDLh4c HTTP/1.1" 200 1627 3 Mozilla/5.0 (Windows NT 10.0; WOW64) AppleWebKit/537.36 (KHTML, like Gecko) Chrome/72.0.3626.121 Safari/537.36
127.0.0.1 - - [22/Jun/2020:14:40:02 +0800] "PUT /nacos/v1/ns/instance/beat?beat=%7B%22cluster%22%3A%22DEFAULT%22%2C%22ip%22%3A%22192.168.8.184%22%2C%22metadata%22%3A%7B%22preserved.register.source%22%3A%22SPRING_CLOUD%22%7D%2C%22period%22%3A5000%2C%22port%22%3A10001%2C%22scheduled%22%3Afalse%2C%22serviceName%22%3A%22DEFAULT_GROUP%40%40GATEWAY-SERVER%22%2C%22stopped%22%3Afalse%2C%22weight%22%3A1.0%7D&app=unknown&serviceName=DEFAULT_GROUP%40%40GATEWAY-SERVER&encoding=UTF-8&namespaceId=public HTTP/1.1" 200 75 3 Nacos-Java-Client:v1.1.4
127.0.0.1 - - [22/Jun/2020:14:40:07 +0800] "PUT /nacos/v1/ns/instance/beat?beat=%7B%22cluster%22%3A%22DEFAULT%22%2C%22ip%22%3A%22192.168.8.184%22%2C%22metadata%22%3A%7B%22preserved.register.source%22%3A%22SPRING_CLOUD%22%7D%2C%22period%22%3A5000%2C%22port%22%3A10001%2C%22scheduled%22%3Afalse%2C%22serviceName%22%3A%22DEFAULT_GROUP%40%40GATEWAY-SERVER%22%2C%22stopped%22%3Afalse%2C%22weight%22%3A1.0%7D&app=unknown&serviceName=DEFAULT_GROUP%40%40GATEWAY-SERVER&encoding=UTF-8&namespaceId=public HTTP/1.1" 200 75 3 Nacos-Java-Client:v1.1.4
127.0.0.1 - - [22/Jun/2020:14:40:07 +0800] "DELETE /nacos/v1/ns/instance?app=unknown&namespaceId=public&port=10001&clusterName=DEFAULT&ip=192.168.8.184&ephemeral=true&serviceName=DEFAULT_GROUP%40%40GATEWAY-SERVER&encoding=UTF-8 HTTP/1.1" 200 2 3 Nacos-Java-Client:v1.1.4
127.0.0.1 - - [22/Jun/2020:14:40:09 +0800] "POST /nacos/v1/cs/configs/listener HTTP/1.1" 500 - 29505 Java/1.8.0_91
127.0.0.1 - - [22/Jun/2020:14:40:13 +0800] "GET /nacos/v1/cs/configs?dataId=GATEWAY-SERVER&group=develop&tenant=GATEWAY-SERVER HTTP/1.1" 404 23 3 Java/1.8.0_91
127.0.0.1 - - [22/Jun/2020:14:40:13 +0800] "GET /nacos/v1/cs/configs?dataId=GATEWAY-SERVER.properties&group=develop&tenant=GATEWAY-SERVER HTTP/1.1" 404 23 2 Java/1.8.0_91
127.0.0.1 - - [22/Jun/2020:14:40:17 +0800] "POST /nacos/v1/ns/instance?app=unknown&metadata=%7B%22preserved.register.source%22%3A%22SPRING_CLOUD%22%7D&ip=192.168.8.184&weight=1.0&ephemeral=true&serviceName=DEFAULT_GROUP%40%40GATEWAY-SERVER&encoding=UTF-8&groupName=DEFAULT_GROUP&namespaceId=public&port=8080&enable=true&healthy=true&clusterName=DEFAULT HTTP/1.1" 200 2 3 Nacos-Java-Client:v1.1.4
127.0.0.1 - - [22/Jun/2020:14:40:17 +0800] "POST /nacos/v1/cs/configs/listener HTTP/1.1" 200 - 2 Java/1.8.0_91
127.0.0.1 - - [22/Jun/2020:14:40:22 +0800] "PUT /nacos/v1/ns/instance/beat?beat=%7B%22cluster%22%3A%22DEFAULT%22%2C%22ip%22%3A%22192.168.8.184%22%2C%22metadata%22%3A%7B%22preserved.register.source%22%3A%22SPRING_CLOUD%22%7D%2C%22period%22%3A5000%2C%22port%22%3A8080%2C%22scheduled%22%3Afalse%2C%22serviceName%22%3A%22DEFAULT_GROUP%40%40GATEWAY-SERVER%22%2C%22stopped%22%3Afalse%2C%22weight%22%3A1.0%7D&app=unknown&serviceName=DEFAULT_GROUP%40%40GATEWAY-SERVER&encoding=UTF-8&namespaceId=public HTTP/1.1" 200 75 3 Nacos-Java-Client:v1.1.4
127.0.0.1 - - [22/Jun/2020:14:40:27 +0800] "PUT /nacos/v1/ns/instance/beat?beat=%7B%22cluster%22%3A%22DEFAULT%22%2C%22ip%22%3A%22192.168.8.184%22%2C%22metadata%22%3A%7B%22preserved.register.source%22%3A%22SPRING_CLOUD%22%7D%2C%22period%22%3A5000%2C%22port%22%3A8080%2C%22scheduled%22%3Afalse%2C%22serviceName%22%3A%22DEFAULT_GROUP%40%40GATEWAY-SERVER%22%2C%22stopped%22%3Afalse%2C%22weight%22%3A1.0%7D&app=unknown&serviceName=DEFAULT_GROUP%40%40GATEWAY-SERVER&encoding=UTF-8&namespaceId=public HTTP/1.1" 200 75 7 Nacos-Java-Client:v1.1.4
127.0.0.1 - - [22/Jun/2020:14:40:32 +0800] "PUT /nacos/v1/ns/instance/beat?beat=%7B%22cluster%22%3A%22DEFAULT%22%2C%22ip%22%3A%22192.168.8.184%22%2C%22metadata%22%3A%7B%22preserved.register.source%22%3A%22SPRING_CLOUD%22%7D%2C%22period%22%3A5000%2C%22port%22%3A8080%2C%22scheduled%22%3Afalse%2C%22serviceName%22%3A%22DEFAULT_GROUP%40%40GATEWAY-SERVER%22%2C%22stopped%22%3Afalse%2C%22weight%22%3A1.0%7D&app=unknown&serviceName=DEFAULT_GROUP%40%40GATEWAY-SERVER&encoding=UTF-8&namespaceId=public HTTP/1.1" 200 75 4 Nacos-Java-Client:v1.1.4
127.0.0.1 - - [22/Jun/2020:14:40:37 +0800] "PUT /nacos/v1/ns/instance/beat?beat=%7B%22cluster%22%3A%22DEFAULT%22%2C%22ip%22%3A%22192.168.8.184%22%2C%22metadata%22%3A%7B%22preserved.register.source%22%3A%22SPRING_CLOUD%22%7D%2C%22period%22%3A5000%2C%22port%22%3A8080%2C%22scheduled%22%3Afalse%2C%22serviceName%22%3A%22DEFAULT_GROUP%40%40GATEWAY-SERVER%22%2C%22stopped%22%3Afalse%2C%22weight%22%3A1.0%7D&app=unknown&serviceName=DEFAULT_GROUP%40%40GATEWAY-SERVER&encoding=UTF-8&namespaceId=public HTTP/1.1" 200 75 2 Nacos-Java-Client:v1.1.4
0:0:0:0:0:0:0:1 - - [22/Jun/2020:14:40:38 +0800] "GET /nacos/v1/cs/configs?dataId=&group=&appName=&config_tags=&pageNo=1&pageSize=10&tenant=fb00e33b-00f2-415a-9cd7-70408bf45f05&search=accurate&accessToken=eyJhbGciOiJIUzI1NiJ9.eyJzdWIiOiJuYWNvcyIsImV4cCI6MTU5MjgyMzk1NX0.yajrss_LacCbOpuOBnTtsC-utezL1sNOe6Q6MtDLh4c HTTP/1.1" 200 2778 5 Mozilla/5.0 (Windows NT 10.0; WOW64) AppleWebKit/537.36 (KHTML, like Gecko) Chrome/72.0.3626.121 Safari/537.36
0:0:0:0:0:0:0:1 - - [22/Jun/2020:14:40:41 +0800] "GET /nacos/v1/ns/catalog/services?hasIpCount=true&withInstances=false&pageNo=1&pageSize=10&serviceNameParam=&groupNameParam=&accessToken=eyJhbGciOiJIUzI1NiJ9.eyJzdWIiOiJuYWNvcyIsImV4cCI6MTU5MjgyMzk1NX0.yajrss_LacCbOpuOBnTtsC-utezL1sNOe6Q6MtDLh4c&namespaceId=fb00e33b-00f2-415a-9cd7-70408bf45f05 HTTP/1.1" 200 39 4 Mozilla/5.0 (Windows NT 10.0; WOW64) AppleWebKit/537.36 (KHTML, like Gecko) Chrome/72.0.3626.121 Safari/537.36
127.0.0.1 - - [22/Jun/2020:14:40:42 +0800] "PUT /nacos/v1/ns/instance/beat?beat=%7B%22cluster%22%3A%22DEFAULT%22%2C%22ip%22%3A%22192.168.8.184%22%2C%22metadata%22%3A%7B%22preserved.register.source%22%3A%22SPRING_CLOUD%22%7D%2C%22period%22%3A5000%2C%22port%22%3A8080%2C%22scheduled%22%3Afalse%2C%22serviceName%22%3A%22DEFAULT_GROUP%40%40GATEWAY-SERVER%22%2C%22stopped%22%3Afalse%2C%22weight%22%3A1.0%7D&app=unknown&serviceName=DEFAULT_GROUP%40%40GATEWAY-SERVER&encoding=UTF-8&namespaceId=public HTTP/1.1" 200 75 3 Nacos-Java-Client:v1.1.4
0:0:0:0:0:0:0:1 - - [22/Jun/2020:14:40:44 +0800] "GET /nacos/index.html HTTP/1.1" 304 - 23 Mozilla/5.0 (Windows NT 10.0; WOW64) AppleWebKit/537.36 (KHTML, like Gecko) Chrome/72.0.3626.121 Safari/537.36
0:0:0:0:0:0:0:1 - - [22/Jun/2020:14:40:44 +0800] "GET /nacos/v1/console/namespaces?&accessToken=eyJhbGciOiJIUzI1NiJ9.eyJzdWIiOiJuYWNvcyIsImV4cCI6MTU5MjgyMzk1NX0.yajrss_LacCbOpuOBnTtsC-utezL1sNOe6Q6MtDLh4c&namespaceId=fb00e33b-00f2-415a-9cd7-70408bf45f05 HTTP/1.1" 200 257 4 Mozilla/5.0 (Windows NT 10.0; WOW64) AppleWebKit/537.36 (KHTML, like Gecko) Chrome/72.0.3626.121 Safari/537.36
0:0:0:0:0:0:0:1 - - [22/Jun/2020:14:40:44 +0800] "GET /nacos/v1/console/server/state?accessToken=eyJhbGciOiJIUzI1NiJ9.eyJzdWIiOiJuYWNvcyIsImV4cCI6MTU5MjgyMzk1NX0.yajrss_LacCbOpuOBnTtsC-utezL1sNOe6Q6MtDLh4c HTTP/1.1" 200 82 3 Mozilla/5.0 (Windows NT 10.0; WOW64) AppleWebKit/537.36 (KHTML, like Gecko) Chrome/72.0.3626.121 Safari/537.36
0:0:0:0:0:0:0:1 - - [22/Jun/2020:14:40:44 +0800] "GET /nacos/console-fe/public/icons/icon-font.woff2 HTTP/1.1" 404 177 44 Mozilla/5.0 (Windows NT 10.0; WOW64) AppleWebKit/537.36 (KHTML, like Gecko) Chrome/72.0.3626.121 Safari/537.36
0:0:0:0:0:0:0:1 - - [22/Jun/2020:14:40:44 +0800] "GET /nacos/v1/ns/catalog/services?hasIpCount=true&withInstances=false&pageNo=1&pageSize=10&serviceNameParam=&groupNameParam=&accessToken=eyJhbGciOiJIUzI1NiJ9.eyJzdWIiOiJuYWNvcyIsImV4cCI6MTU5MjgyMzk1NX0.yajrss_LacCbOpuOBnTtsC-utezL1sNOe6Q6MtDLh4c&namespaceId=fb00e33b-00f2-415a-9cd7-70408bf45f05 HTTP/1.1" 200 39 3 Mozilla/5.0 (Windows NT 10.0; WOW64) AppleWebKit/537.36 (KHTML, like Gecko) Chrome/72.0.3626.121 Safari/537.36
0:0:0:0:0:0:0:1 - - [22/Jun/2020:14:40:44 +0800] "GET /nacos/console-fe/public/img/favicon.ico HTTP/1.1" 200 4286 18 Mozilla/5.0 (Windows NT 10.0; WOW64) AppleWebKit/537.36 (KHTML, like Gecko) Chrome/72.0.3626.121 Safari/537.36
0:0:0:0:0:0:0:1 - - [22/Jun/2020:14:40:46 +0800] "GET /nacos/v1/ns/catalog/services?hasIpCount=true&withInstances=false&pageNo=1&pageSize=10&serviceNameParam=&groupNameParam=&accessToken=eyJhbGciOiJIUzI1NiJ9.eyJzdWIiOiJuYWNvcyIsImV4cCI6MTU5MjgyMzk1NX0.yajrss_LacCbOpuOBnTtsC-utezL1sNOe6Q6MtDLh4c&namespaceId=fb00e33b-00f2-415a-9cd7-70408bf45f05 HTTP/1.1" 200 39 3 Mozilla/5.0 (Windows NT 10.0; WOW64) AppleWebKit/537.36 (KHTML, like Gecko) Chrome/72.0.3626.121 Safari/537.36
127.0.0.1 - - [22/Jun/2020:14:40:47 +0800] "POST /nacos/v1/cs/configs/listener HTTP/1.1" 200 - 29504 Java/1.8.0_91
127.0.0.1 - - [22/Jun/2020:14:40:47 +0800] "PUT /nacos/v1/ns/instance/beat?beat=%7B%22cluster%22%3A%22DEFAULT%22%2C%22ip%22%3A%22192.168.8.184%22%2C%22metadata%22%3A%7B%22preserved.register.source%22%3A%22SPRING_CLOUD%22%7D%2C%22period%22%3A5000%2C%22port%22%3A8080%2C%22scheduled%22%3Afalse%2C%22serviceName%22%3A%22DEFAULT_GROUP%40%40GATEWAY-SERVER%22%2C%22stopped%22%3Afalse%2C%22weight%22%3A1.0%7D&app=unknown&serviceName=DEFAULT_GROUP%40%40GATEWAY-SERVER&encoding=UTF-8&namespaceId=public HTTP/1.1" 200 75 3 Nacos-Java-Client:v1.1.4
0:0:0:0:0:0:0:1 - - [22/Jun/2020:14:40:48 +0800] "GET /nacos/index.html HTTP/1.1" 304 - 19 Mozilla/5.0 (Windows NT 10.0; WOW64) AppleWebKit/537.36 (KHTML, like Gecko) Chrome/72.0.3626.121 Safari/537.36
0:0:0:0:0:0:0:1 - - [22/Jun/2020:14:40:48 +0800] "GET /nacos/v1/console/namespaces?&accessToken=eyJhbGciOiJIUzI1NiJ9.eyJzdWIiOiJuYWNvcyIsImV4cCI6MTU5MjgyMzk1NX0.yajrss_LacCbOpuOBnTtsC-utezL1sNOe6Q6MtDLh4c&namespaceId=fb00e33b-00f2-415a-9cd7-70408bf45f05 HTTP/1.1" 200 257 4 Mozilla/5.0 (Windows NT 10.0; WOW64) AppleWebKit/537.36 (KHTML, like Gecko) Chrome/72.0.3626.121 Safari/537.36
0:0:0:0:0:0:0:1 - - [22/Jun/2020:14:40:48 +0800] "GET /nacos/v1/console/server/state?accessToken=eyJhbGciOiJIUzI1NiJ9.eyJzdWIiOiJuYWNvcyIsImV4cCI6MTU5MjgyMzk1NX0.yajrss_LacCbOpuOBnTtsC-utezL1sNOe6Q6MtDLh4c HTTP/1.1" 200 82 3 Mozilla/5.0 (Windows NT 10.0; WOW64) AppleWebKit/537.36 (KHTML, like Gecko) Chrome/72.0.3626.121 Safari/537.36
0:0:0:0:0:0:0:1 - - [22/Jun/2020:14:40:48 +0800] "GET /nacos/console-fe/public/icons/icon-font.woff2 HTTP/1.1" 404 177 44 Mozilla/5.0 (Windows NT 10.0; WOW64) AppleWebKit/537.36 (KHTML, like Gecko) Chrome/72.0.3626.121 Safari/537.36
0:0:0:0:0:0:0:1 - - [22/Jun/2020:14:40:48 +0800] "GET /nacos/v1/ns/catalog/services?hasIpCount=true&withInstances=false&pageNo=1&pageSize=10&serviceNameParam=&groupNameParam=&accessToken=eyJhbGciOiJIUzI1NiJ9.eyJzdWIiOiJuYWNvcyIsImV4cCI6MTU5MjgyMzk1NX0.yajrss_LacCbOpuOBnTtsC-utezL1sNOe6Q6MtDLh4c&namespaceId=fb00e33b-00f2-415a-9cd7-70408bf45f05 HTTP/1.1" 200 39 3 Mozilla/5.0 (Windows NT 10.0; WOW64) AppleWebKit/537.36 (KHTML, like Gecko) Chrome/72.0.3626.121 Safari/537.36
0:0:0:0:0:0:0:1 - - [22/Jun/2020:14:40:48 +0800] "GET /nacos/console-fe/public/img/favicon.ico HTTP/1.1" 200 4286 18 Mozilla/5.0 (Windows NT 10.0; WOW64) AppleWebKit/537.36 (KHTML, like Gecko) Chrome/72.0.3626.121 Safari/537.36
0:0:0:0:0:0:0:1 - - [22/Jun/2020:14:40:48 +0800] "GET /nacos/index.html HTTP/1.1" 304 - 16 Mozilla/5.0 (Windows NT 10.0; WOW64) AppleWebKit/537.36 (KHTML, like Gecko) Chrome/72.0.3626.121 Safari/537.36
0:0:0:0:0:0:0:1 - - [22/Jun/2020:14:40:48 +0800] "GET /nacos/v1/console/namespaces?&accessToken=eyJhbGciOiJIUzI1NiJ9.eyJzdWIiOiJuYWNvcyIsImV4cCI6MTU5MjgyMzk1NX0.yajrss_LacCbOpuOBnTtsC-utezL1sNOe6Q6MtDLh4c&namespaceId=fb00e33b-00f2-415a-9cd7-70408bf45f05 HTTP/1.1" 200 257 4 Mozilla/5.0 (Windows NT 10.0; WOW64) AppleWebKit/537.36 (KHTML, like Gecko) Chrome/72.0.3626.121 Safari/537.36
0:0:0:0:0:0:0:1 - - [22/Jun/2020:14:40:48 +0800] "GET /nacos/v1/console/server/state?accessToken=eyJhbGciOiJIUzI1NiJ9.eyJzdWIiOiJuYWNvcyIsImV4cCI6MTU5MjgyMzk1NX0.yajrss_LacCbOpuOBnTtsC-utezL1sNOe6Q6MtDLh4c HTTP/1.1" 200 82 2 Mozilla/5.0 (Windows NT 10.0; WOW64) AppleWebKit/537.36 (KHTML, like Gecko) Chrome/72.0.3626.121 Safari/537.36
0:0:0:0:0:0:0:1 - - [22/Jun/2020:14:40:48 +0800] "GET /nacos/console-fe/public/icons/icon-font.woff2 HTTP/1.1" 404 177 35 Mozilla/5.0 (Windows NT 10.0; WOW64) AppleWebKit/537.36 (KHTML, like Gecko) Chrome/72.0.3626.121 Safari/537.36
0:0:0:0:0:0:0:1 - - [22/Jun/2020:14:40:48 +0800] "GET /nacos/v1/ns/catalog/services?hasIpCount=true&withInstances=false&pageNo=1&pageSize=10&serviceNameParam=&groupNameParam=&accessToken=eyJhbGciOiJIUzI1NiJ9.eyJzdWIiOiJuYWNvcyIsImV4cCI6MTU5MjgyMzk1NX0.yajrss_LacCbOpuOBnTtsC-utezL1sNOe6Q6MtDLh4c&namespaceId=fb00e33b-00f2-415a-9cd7-70408bf45f05 HTTP/1.1" 200 39 3 Mozilla/5.0 (Windows NT 10.0; WOW64) AppleWebKit/537.36 (KHTML, like Gecko) Chrome/72.0.3626.121 Safari/537.36
0:0:0:0:0:0:0:1 - - [22/Jun/2020:14:40:49 +0800] "GET /nacos/console-fe/public/img/favicon.ico HTTP/1.1" 200 4286 16 Mozilla/5.0 (Windows NT 10.0; WOW64) AppleWebKit/537.36 (KHTML, like Gecko) Chrome/72.0.3626.121 Safari/537.36
0:0:0:0:0:0:0:1 - - [22/Jun/2020:14:40:49 +0800] "GET /nacos/index.html HTTP/1.1" 304 - 17 Mozilla/5.0 (Windows NT 10.0; WOW64) AppleWebKit/537.36 (KHTML, like Gecko) Chrome/72.0.3626.121 Safari/537.36
0:0:0:0:0:0:0:1 - - [22/Jun/2020:14:40:49 +0800] "GET /nacos/v1/console/namespaces?&accessToken=eyJhbGciOiJIUzI1NiJ9.eyJzdWIiOiJuYWNvcyIsImV4cCI6MTU5MjgyMzk1NX0.yajrss_LacCbOpuOBnTtsC-utezL1sNOe6Q6MtDLh4c&namespaceId=fb00e33b-00f2-415a-9cd7-70408bf45f05 HTTP/1.1" 200 257 4 Mozilla/5.0 (Windows NT 10.0; WOW64) AppleWebKit/537.36 (KHTML, like Gecko) Chrome/72.0.3626.121 Safari/537.36
0:0:0:0:0:0:0:1 - - [22/Jun/2020:14:40:49 +0800] "GET /nacos/v1/console/server/state?accessToken=eyJhbGciOiJIUzI1NiJ9.eyJzdWIiOiJuYWNvcyIsImV4cCI6MTU5MjgyMzk1NX0.yajrss_LacCbOpuOBnTtsC-utezL1sNOe6Q6MtDLh4c HTTP/1.1" 200 82 2 Mozilla/5.0 (Windows NT 10.0; WOW64) AppleWebKit/537.36 (KHTML, like Gecko) Chrome/72.0.3626.121 Safari/537.36
0:0:0:0:0:0:0:1 - - [22/Jun/2020:14:40:49 +0800] "GET /nacos/console-fe/public/icons/icon-font.woff2 HTTP/1.1" 404 177 30 Mozilla/5.0 (Windows NT 10.0; WOW64) AppleWebKit/537.36 (KHTML, like Gecko) Chrome/72.0.3626.121 Safari/537.36
0:0:0:0:0:0:0:1 - - [22/Jun/2020:14:40:49 +0800] "GET /nacos/v1/ns/catalog/services?hasIpCount=true&withInstances=false&pageNo=1&pageSize=10&serviceNameParam=&groupNameParam=&accessToken=eyJhbGciOiJIUzI1NiJ9.eyJzdWIiOiJuYWNvcyIsImV4cCI6MTU5MjgyMzk1NX0.yajrss_LacCbOpuOBnTtsC-utezL1sNOe6Q6MtDLh4c&namespaceId=fb00e33b-00f2-415a-9cd7-70408bf45f05 HTTP/1.1" 200 39 2 Mozilla/5.0 (Windows NT 10.0; WOW64) AppleWebKit/537.36 (KHTML, like Gecko) Chrome/72.0.3626.121 Safari/537.36
0:0:0:0:0:0:0:1 - - [22/Jun/2020:14:40:49 +0800] "GET /nacos/console-fe/public/img/favicon.ico HTTP/1.1" 200 4286 14 Mozilla/5.0 (Windows NT 10.0; WOW64) AppleWebKit/537.36 (KHTML, like Gecko) Chrome/72.0.3626.121 Safari/537.36
0:0:0:0:0:0:0:1 - - [22/Jun/2020:14:40:50 +0800] "GET /nacos/index.html HTTP/1.1" 304 - 15 Mozilla/5.0 (Windows NT 10.0; WOW64) AppleWebKit/537.36 (KHTML, like Gecko) Chrome/72.0.3626.121 Safari/537.36
0:0:0:0:0:0:0:1 - - [22/Jun/2020:14:40:50 +0800] "GET /nacos/v1/console/namespaces?&accessToken=eyJhbGciOiJIUzI1NiJ9.eyJzdWIiOiJuYWNvcyIsImV4cCI6MTU5MjgyMzk1NX0.yajrss_LacCbOpuOBnTtsC-utezL1sNOe6Q6MtDLh4c&namespaceId=fb00e33b-00f2-415a-9cd7-70408bf45f05 HTTP/1.1" 200 257 3 Mozilla/5.0 (Windows NT 10.0; WOW64) AppleWebKit/537.36 (KHTML, like Gecko) Chrome/72.0.3626.121 Safari/537.36
0:0:0:0:0:0:0:1 - - [22/Jun/2020:14:40:50 +0800] "GET /nacos/v1/console/server/state?accessToken=eyJhbGciOiJIUzI1NiJ9.eyJzdWIiOiJuYWNvcyIsImV4cCI6MTU5MjgyMzk1NX0.yajrss_LacCbOpuOBnTtsC-utezL1sNOe6Q6MtDLh4c HTTP/1.1" 200 82 1 Mozilla/5.0 (Windows NT 10.0; WOW64) AppleWebKit/537.36 (KHTML, like Gecko) Chrome/72.0.3626.121 Safari/537.36
0:0:0:0:0:0:0:1 - - [22/Jun/2020:14:40:50 +0800] "GET /nacos/console-fe/public/icons/icon-font.woff2 HTTP/1.1" 404 177 29 Mozilla/5.0 (Windows NT 10.0; WOW64) AppleWebKit/537.36 (KHTML, like Gecko) Chrome/72.0.3626.121 Safari/537.36
0:0:0:0:0:0:0:1 - - [22/Jun/2020:14:40:50 +0800] "GET /nacos/v1/ns/catalog/services?hasIpCount=true&withInstances=false&pageNo=1&pageSize=10&serviceNameParam=&groupNameParam=&accessToken=eyJhbGciOiJIUzI1NiJ9.eyJzdWIiOiJuYWNvcyIsImV4cCI6MTU5MjgyMzk1NX0.yajrss_LacCbOpuOBnTtsC-utezL1sNOe6Q6MtDLh4c&namespaceId=fb00e33b-00f2-415a-9cd7-70408bf45f05 HTTP/1.1" 200 39 5 Mozilla/5.0 (Windows NT 10.0; WOW64) AppleWebKit/537.36 (KHTML, like Gecko) Chrome/72.0.3626.121 Safari/537.36
0:0:0:0:0:0:0:1 - - [22/Jun/2020:14:40:50 +0800] "GET /nacos/console-fe/public/img/favicon.ico HTTP/1.1" 200 4286 22 Mozilla/5.0 (Windows NT 10.0; WOW64) AppleWebKit/537.36 (KHTML, like Gecko) Chrome/72.0.3626.121 Safari/537.36
0:0:0:0:0:0:0:1 - - [22/Jun/2020:14:40:50 +0800] "GET /nacos/index.html HTTP/1.1" 304 - 15 Mozilla/5.0 (Windows NT 10.0; WOW64) AppleWebKit/537.36 (KHTML, like Gecko) Chrome/72.0.3626.121 Safari/537.36
0:0:0:0:0:0:0:1 - - [22/Jun/2020:14:40:50 +0800] "GET /nacos/v1/console/namespaces?&accessToken=eyJhbGciOiJIUzI1NiJ9.eyJzdWIiOiJuYWNvcyIsImV4cCI6MTU5MjgyMzk1NX0.yajrss_LacCbOpuOBnTtsC-utezL1sNOe6Q6MtDLh4c&namespaceId=fb00e33b-00f2-415a-9cd7-70408bf45f05 HTTP/1.1" 200 257 3 Mozilla/5.0 (Windows NT 10.0; WOW64) AppleWebKit/537.36 (KHTML, like Gecko) Chrome/72.0.3626.121 Safari/537.36
0:0:0:0:0:0:0:1 - - [22/Jun/2020:14:40:50 +0800] "GET /nacos/v1/console/server/state?accessToken=eyJhbGciOiJIUzI1NiJ9.eyJzdWIiOiJuYWNvcyIsImV4cCI6MTU5MjgyMzk1NX0.yajrss_LacCbOpuOBnTtsC-utezL1sNOe6Q6MtDLh4c HTTP/1.1" 200 82 2 Mozilla/5.0 (Windows NT 10.0; WOW64) AppleWebKit/537.36 (KHTML, like Gecko) Chrome/72.0.3626.121 Safari/537.36
0:0:0:0:0:0:0:1 - - [22/Jun/2020:14:40:50 +0800] "GET /nacos/console-fe/public/icons/icon-font.woff2 HTTP/1.1" 404 177 29 Mozilla/5.0 (Windows NT 10.0; WOW64) AppleWebKit/537.36 (KHTML, like Gecko) Chrome/72.0.3626.121 Safari/537.36
0:0:0:0:0:0:0:1 - - [22/Jun/2020:14:40:50 +0800] "GET /nacos/v1/ns/catalog/services?hasIpCount=true&withInstances=false&pageNo=1&pageSize=10&serviceNameParam=&groupNameParam=&accessToken=eyJhbGciOiJIUzI1NiJ9.eyJzdWIiOiJuYWNvcyIsImV4cCI6MTU5MjgyMzk1NX0.yajrss_LacCbOpuOBnTtsC-utezL1sNOe6Q6MtDLh4c&namespaceId=fb00e33b-00f2-415a-9cd7-70408bf45f05 HTTP/1.1" 200 39 3 Mozilla/5.0 (Windows NT 10.0; WOW64) AppleWebKit/537.36 (KHTML, like Gecko) Chrome/72.0.3626.121 Safari/537.36
0:0:0:0:0:0:0:1 - - [22/Jun/2020:14:40:50 +0800] "GET /nacos/console-fe/public/img/favicon.ico HTTP/1.1" 200 4286 17 Mozilla/5.0 (Windows NT 10.0; WOW64) AppleWebKit/537.36 (KHTML, like Gecko) Chrome/72.0.3626.121 Safari/537.36
0:0:0:0:0:0:0:1 - - [22/Jun/2020:14:40:50 +0800] "GET /nacos/index.html HTTP/1.1" 304 - 19 Mozilla/5.0 (Windows NT 10.0; WOW64) AppleWebKit/537.36 (KHTML, like Gecko) Chrome/72.0.3626.121 Safari/537.36
0:0:0:0:0:0:0:1 - - [22/Jun/2020:14:40:50 +0800] "GET /nacos/v1/console/namespaces?&accessToken=eyJhbGciOiJIUzI1NiJ9.eyJzdWIiOiJuYWNvcyIsImV4cCI6MTU5MjgyMzk1NX0.yajrss_LacCbOpuOBnTtsC-utezL1sNOe6Q6MtDLh4c&namespaceId=fb00e33b-00f2-415a-9cd7-70408bf45f05 HTTP/1.1" 200 257 3 Mozilla/5.0 (Windows NT 10.0; WOW64) AppleWebKit/537.36 (KHTML, like Gecko) Chrome/72.0.3626.121 Safari/537.36
0:0:0:0:0:0:0:1 - - [22/Jun/2020:14:40:50 +0800] "GET /nacos/v1/console/server/state?accessToken=eyJhbGciOiJIUzI1NiJ9.eyJzdWIiOiJuYWNvcyIsImV4cCI6MTU5MjgyMzk1NX0.yajrss_LacCbOpuOBnTtsC-utezL1sNOe6Q6MtDLh4c HTTP/1.1" 200 82 2 Mozilla/5.0 (Windows NT 10.0; WOW64) AppleWebKit/537.36 (KHTML, like Gecko) Chrome/72.0.3626.121 Safari/537.36
0:0:0:0:0:0:0:1 - - [22/Jun/2020:14:40:50 +0800] "GET /nacos/console-fe/public/icons/icon-font.woff2 HTTP/1.1" 404 177 30 Mozilla/5.0 (Windows NT 10.0; WOW64) AppleWebKit/537.36 (KHTML, like Gecko) Chrome/72.0.3626.121 Safari/537.36
0:0:0:0:0:0:0:1 - - [22/Jun/2020:14:40:50 +0800] "GET /nacos/v1/ns/catalog/services?hasIpCount=true&withInstances=false&pageNo=1&pageSize=10&serviceNameParam=&groupNameParam=&accessToken=eyJhbGciOiJIUzI1NiJ9.eyJzdWIiOiJuYWNvcyIsImV4cCI6MTU5MjgyMzk1NX0.yajrss_LacCbOpuOBnTtsC-utezL1sNOe6Q6MtDLh4c&namespaceId=fb00e33b-00f2-415a-9cd7-70408bf45f05 HTTP/1.1" 200 39 4 Mozilla/5.0 (Windows NT 10.0; WOW64) AppleWebKit/537.36 (KHTML, like Gecko) Chrome/72.0.3626.121 Safari/537.36
0:0:0:0:0:0:0:1 - - [22/Jun/2020:14:40:51 +0800] "GET /nacos/index.html HTTP/1.1" 304 - 15 Mozilla/5.0 (Windows NT 10.0; WOW64) AppleWebKit/537.36 (KHTML, like Gecko) Chrome/72.0.3626.121 Safari/537.36
0:0:0:0:0:0:0:1 - - [22/Jun/2020:14:40:51 +0800] "GET /nacos/v1/console/namespaces?&accessToken=eyJhbGciOiJIUzI1NiJ9.eyJzdWIiOiJuYWNvcyIsImV4cCI6MTU5MjgyMzk1NX0.yajrss_LacCbOpuOBnTtsC-utezL1sNOe6Q6MtDLh4c&namespaceId=fb00e33b-00f2-415a-9cd7-70408bf45f05 HTTP/1.1" 200 257 3 Mozilla/5.0 (Windows NT 10.0; WOW64) AppleWebKit/537.36 (KHTML, like Gecko) Chrome/72.0.3626.121 Safari/537.36
0:0:0:0:0:0:0:1 - - [22/Jun/2020:14:40:51 +0800] "GET /nacos/v1/console/server/state?accessToken=eyJhbGciOiJIUzI1NiJ9.eyJzdWIiOiJuYWNvcyIsImV4cCI6MTU5MjgyMzk1NX0.yajrss_LacCbOpuOBnTtsC-utezL1sNOe6Q6MtDLh4c HTTP/1.1" 200 82 1 Mozilla/5.0 (Windows NT 10.0; WOW64) AppleWebKit/537.36 (KHTML, like Gecko) Chrome/72.0.3626.121 Safari/537.36
0:0:0:0:0:0:0:1 - - [22/Jun/2020:14:40:51 +0800] "GET /nacos/console-fe/public/icons/icon-font.woff2 HTTP/1.1" 404 177 29 Mozilla/5.0 (Windows NT 10.0; WOW64) AppleWebKit/537.36 (KHTML, like Gecko) Chrome/72.0.3626.121 Safari/537.36
0:0:0:0:0:0:0:1 - - [22/Jun/2020:14:40:51 +0800] "GET /nacos/v1/ns/catalog/services?hasIpCount=true&withInstances=false&pageNo=1&pageSize=10&serviceNameParam=&groupNameParam=&accessToken=eyJhbGciOiJIUzI1NiJ9.eyJzdWIiOiJuYWNvcyIsImV4cCI6MTU5MjgyMzk1NX0.yajrss_LacCbOpuOBnTtsC-utezL1sNOe6Q6MtDLh4c&namespaceId=fb00e33b-00f2-415a-9cd7-70408bf45f05 HTTP/1.1" 200 39 3 Mozilla/5.0 (Windows NT 10.0; WOW64) AppleWebKit/537.36 (KHTML, like Gecko) Chrome/72.0.3626.121 Safari/537.36
0:0:0:0:0:0:0:1 - - [22/Jun/2020:14:40:51 +0800] "GET /nacos/console-fe/public/img/favicon.ico HTTP/1.1" 200 4286 14 Mozilla/5.0 (Windows NT 10.0; WOW64) AppleWebKit/537.36 (KHTML, like Gecko) Chrome/72.0.3626.121 Safari/537.36
0:0:0:0:0:0:0:1 - - [22/Jun/2020:14:40:51 +0800] "GET /nacos/index.html HTTP/1.1" 304 - 15 Mozilla/5.0 (Windows NT 10.0; WOW64) AppleWebKit/537.36 (KHTML, like Gecko) Chrome/72.0.3626.121 Safari/537.36
0:0:0:0:0:0:0:1 - - [22/Jun/2020:14:40:51 +0800] "GET /nacos/v1/console/namespaces?&accessToken=eyJhbGciOiJIUzI1NiJ9.eyJzdWIiOiJuYWNvcyIsImV4cCI6MTU5MjgyMzk1NX0.yajrss_LacCbOpuOBnTtsC-utezL1sNOe6Q6MtDLh4c&namespaceId=fb00e33b-00f2-415a-9cd7-70408bf45f05 HTTP/1.1" 200 257 4 Mozilla/5.0 (Windows NT 10.0; WOW64) AppleWebKit/537.36 (KHTML, like Gecko) Chrome/72.0.3626.121 Safari/537.36
0:0:0:0:0:0:0:1 - - [22/Jun/2020:14:40:51 +0800] "GET /nacos/v1/console/server/state?accessToken=eyJhbGciOiJIUzI1NiJ9.eyJzdWIiOiJuYWNvcyIsImV4cCI6MTU5MjgyMzk1NX0.yajrss_LacCbOpuOBnTtsC-utezL1sNOe6Q6MtDLh4c HTTP/1.1" 200 82 2 Mozilla/5.0 (Windows NT 10.0; WOW64) AppleWebKit/537.36 (KHTML, like Gecko) Chrome/72.0.3626.121 Safari/537.36
0:0:0:0:0:0:0:1 - - [22/Jun/2020:14:40:51 +0800] "GET /nacos/console-fe/public/icons/icon-font.woff2 HTTP/1.1" 404 177 37 Mozilla/5.0 (Windows NT 10.0; WOW64) AppleWebKit/537.36 (KHTML, like Gecko) Chrome/72.0.3626.121 Safari/537.36
0:0:0:0:0:0:0:1 - - [22/Jun/2020:14:40:51 +0800] "GET /nacos/v1/ns/catalog/services?hasIpCount=true&withInstances=false&pageNo=1&pageSize=10&serviceNameParam=&groupNameParam=&accessToken=eyJhbGciOiJIUzI1NiJ9.eyJzdWIiOiJuYWNvcyIsImV4cCI6MTU5MjgyMzk1NX0.yajrss_LacCbOpuOBnTtsC-utezL1sNOe6Q6MtDLh4c&namespaceId=fb00e33b-00f2-415a-9cd7-70408bf45f05 HTTP/1.1" 200 39 4 Mozilla/5.0 (Windows NT 10.0; WOW64) AppleWebKit/537.36 (KHTML, like Gecko) Chrome/72.0.3626.121 Safari/537.36
0:0:0:0:0:0:0:1 - - [22/Jun/2020:14:40:51 +0800] "GET /nacos/console-fe/public/img/favicon.ico HTTP/1.1" 200 4286 14 Mozilla/5.0 (Windows NT 10.0; WOW64) AppleWebKit/537.36 (KHTML, like Gecko) Chrome/72.0.3626.121 Safari/537.36
0:0:0:0:0:0:0:1 - - [22/Jun/2020:14:40:51 +0800] "GET /nacos/index.html HTTP/1.1" 304 - 16 Mozilla/5.0 (Windows NT 10.0; WOW64) AppleWebKit/537.36 (KHTML, like Gecko) Chrome/72.0.3626.121 Safari/537.36
0:0:0:0:0:0:0:1 - - [22/Jun/2020:14:40:52 +0800] "GET /nacos/v1/console/namespaces?&accessToken=eyJhbGciOiJIUzI1NiJ9.eyJzdWIiOiJuYWNvcyIsImV4cCI6MTU5MjgyMzk1NX0.yajrss_LacCbOpuOBnTtsC-utezL1sNOe6Q6MtDLh4c&namespaceId=fb00e33b-00f2-415a-9cd7-70408bf45f05 HTTP/1.1" 200 257 3 Mozilla/5.0 (Windows NT 10.0; WOW64) AppleWebKit/537.36 (KHTML, like Gecko) Chrome/72.0.3626.121 Safari/537.36
0:0:0:0:0:0:0:1 - - [22/Jun/2020:14:40:52 +0800] "GET /nacos/v1/console/server/state?accessToken=eyJhbGciOiJIUzI1NiJ9.eyJzdWIiOiJuYWNvcyIsImV4cCI6MTU5MjgyMzk1NX0.yajrss_LacCbOpuOBnTtsC-utezL1sNOe6Q6MtDLh4c HTTP/1.1" 200 82 2 Mozilla/5.0 (Windows NT 10.0; WOW64) AppleWebKit/537.36 (KHTML, like Gecko) Chrome/72.0.3626.121 Safari/537.36
0:0:0:0:0:0:0:1 - - [22/Jun/2020:14:40:52 +0800] "GET /nacos/console-fe/public/icons/icon-font.woff2 HTTP/1.1" 404 177 29 Mozilla/5.0 (Windows NT 10.0; WOW64) AppleWebKit/537.36 (KHTML, like Gecko) Chrome/72.0.3626.121 Safari/537.36
0:0:0:0:0:0:0:1 - - [22/Jun/2020:14:40:52 +0800] "GET /nacos/v1/ns/catalog/services?hasIpCount=true&withInstances=false&pageNo=1&pageSize=10&serviceNameParam=&groupNameParam=&accessToken=eyJhbGciOiJIUzI1NiJ9.eyJzdWIiOiJuYWNvcyIsImV4cCI6MTU5MjgyMzk1NX0.yajrss_LacCbOpuOBnTtsC-utezL1sNOe6Q6MtDLh4c&namespaceId=fb00e33b-00f2-415a-9cd7-70408bf45f05 HTTP/1.1" 200 39 3 Mozilla/5.0 (Windows NT 10.0; WOW64) AppleWebKit/537.36 (KHTML, like Gecko) Chrome/72.0.3626.121 Safari/537.36
0:0:0:0:0:0:0:1 - - [22/Jun/2020:14:40:52 +0800] "GET /nacos/console-fe/public/img/favicon.ico HTTP/1.1" 200 4286 15 Mozilla/5.0 (Windows NT 10.0; WOW64) AppleWebKit/537.36 (KHTML, like Gecko) Chrome/72.0.3626.121 Safari/537.36
127.0.0.1 - - [22/Jun/2020:14:40:52 +0800] "PUT /nacos/v1/ns/instance/beat?beat=%7B%22cluster%22%3A%22DEFAULT%22%2C%22ip%22%3A%22192.168.8.184%22%2C%22metadata%22%3A%7B%22preserved.register.source%22%3A%22SPRING_CLOUD%22%7D%2C%22period%22%3A5000%2C%22port%22%3A8080%2C%22scheduled%22%3Afalse%2C%22serviceName%22%3A%22DEFAULT_GROUP%40%40GATEWAY-SERVER%22%2C%22stopped%22%3Afalse%2C%22weight%22%3A1.0%7D&app=unknown&serviceName=DEFAULT_GROUP%40%40GATEWAY-SERVER&encoding=UTF-8&namespaceId=public HTTP/1.1" 200 75 3 Nacos-Java-Client:v1.1.4
0:0:0:0:0:0:0:1 - - [22/Jun/2020:14:40:54 +0800] "GET /nacos/index.html HTTP/1.1" 304 - 14 Mozilla/5.0 (Windows NT 10.0; WOW64) AppleWebKit/537.36 (KHTML, like Gecko) Chrome/72.0.3626.121 Safari/537.36
0:0:0:0:0:0:0:1 - - [22/Jun/2020:14:40:54 +0800] "GET /nacos/v1/console/namespaces?&accessToken=eyJhbGciOiJIUzI1NiJ9.eyJzdWIiOiJuYWNvcyIsImV4cCI6MTU5MjgyMzk1NX0.yajrss_LacCbOpuOBnTtsC-utezL1sNOe6Q6MtDLh4c&namespaceId=fb00e33b-00f2-415a-9cd7-70408bf45f05 HTTP/1.1" 200 257 3 Mozilla/5.0 (Windows NT 10.0; WOW64) AppleWebKit/537.36 (KHTML, like Gecko) Chrome/72.0.3626.121 Safari/537.36
0:0:0:0:0:0:0:1 - - [22/Jun/2020:14:40:54 +0800] "GET /nacos/v1/console/server/state?accessToken=eyJhbGciOiJIUzI1NiJ9.eyJzdWIiOiJuYWNvcyIsImV4cCI6MTU5MjgyMzk1NX0.yajrss_LacCbOpuOBnTtsC-utezL1sNOe6Q6MtDLh4c HTTP/1.1" 200 82 2 Mozilla/5.0 (Windows NT 10.0; WOW64) AppleWebKit/537.36 (KHTML, like Gecko) Chrome/72.0.3626.121 Safari/537.36
0:0:0:0:0:0:0:1 - - [22/Jun/2020:14:40:54 +0800] "GET /nacos/console-fe/public/icons/icon-font.woff2 HTTP/1.1" 404 177 29 Mozilla/5.0 (Windows NT 10.0; WOW64) AppleWebKit/537.36 (KHTML, like Gecko) Chrome/72.0.3626.121 Safari/537.36
0:0:0:0:0:0:0:1 - - [22/Jun/2020:14:40:54 +0800] "GET /nacos/console-fe/public/img/favicon.ico HTTP/1.1" 200 4286 15 Mozilla/5.0 (Windows NT 10.0; WOW64) AppleWebKit/537.36 (KHTML, like Gecko) Chrome/72.0.3626.121 Safari/537.36
0:0:0:0:0:0:0:1 - - [22/Jun/2020:14:40:55 +0800] "GET /nacos/v1/ns/catalog/services?hasIpCount=true&withInstances=false&pageNo=1&pageSize=10&serviceNameParam=&groupNameParam=&accessToken=eyJhbGciOiJIUzI1NiJ9.eyJzdWIiOiJuYWNvcyIsImV4cCI6MTU5MjgyMzk1NX0.yajrss_LacCbOpuOBnTtsC-utezL1sNOe6Q6MtDLh4c&namespaceId=fb00e33b-00f2-415a-9cd7-70408bf45f05 HTTP/1.1" 200 39 3 Mozilla/5.0 (Windows NT 10.0; WOW64) AppleWebKit/537.36 (KHTML, like Gecko) Chrome/72.0.3626.121 Safari/537.36
0:0:0:0:0:0:0:1 - - [22/Jun/2020:14:40:57 +0800] "GET /nacos/index.html HTTP/1.1" 304 - 15 Mozilla/5.0 (Windows NT 10.0; WOW64) AppleWebKit/537.36 (KHTML, like Gecko) Chrome/72.0.3626.121 Safari/537.36
0:0:0:0:0:0:0:1 - - [22/Jun/2020:14:40:57 +0800] "GET /nacos/v1/console/namespaces?&accessToken=eyJhbGciOiJIUzI1NiJ9.eyJzdWIiOiJuYWNvcyIsImV4cCI6MTU5MjgyMzk1NX0.yajrss_LacCbOpuOBnTtsC-utezL1sNOe6Q6MtDLh4c&namespaceId=fb00e33b-00f2-415a-9cd7-70408bf45f05 HTTP/1.1" 200 257 3 Mozilla/5.0 (Windows NT 10.0; WOW64) AppleWebKit/537.36 (KHTML, like Gecko) Chrome/72.0.3626.121 Safari/537.36
0:0:0:0:0:0:0:1 - - [22/Jun/2020:14:40:57 +0800] "GET /nacos/v1/console/server/state?accessToken=eyJhbGciOiJIUzI1NiJ9.eyJzdWIiOiJuYWNvcyIsImV4cCI6MTU5MjgyMzk1NX0.yajrss_LacCbOpuOBnTtsC-utezL1sNOe6Q6MtDLh4c HTTP/1.1" 200 82 3 Mozilla/5.0 (Windows NT 10.0; WOW64) AppleWebKit/537.36 (KHTML, like Gecko) Chrome/72.0.3626.121 Safari/537.36
0:0:0:0:0:0:0:1 - - [22/Jun/2020:14:40:57 +0800] "GET /nacos/console-fe/public/icons/icon-font.woff2 HTTP/1.1" 404 177 37 Mozilla/5.0 (Windows NT 10.0; WOW64) AppleWebKit/537.36 (KHTML, like Gecko) Chrome/72.0.3626.121 Safari/537.36
0:0:0:0:0:0:0:1 - - [22/Jun/2020:14:40:57 +0800] "GET /nacos/v1/ns/catalog/services?hasIpCount=true&withInstances=false&pageNo=1&pageSize=10&serviceNameParam=&groupNameParam=&accessToken=eyJhbGciOiJIUzI1NiJ9.eyJzdWIiOiJuYWNvcyIsImV4cCI6MTU5MjgyMzk1NX0.yajrss_LacCbOpuOBnTtsC-utezL1sNOe6Q6MtDLh4c&namespaceId=fb00e33b-00f2-415a-9cd7-70408bf45f05 HTTP/1.1" 200 39 3 Mozilla/5.0 (Windows NT 10.0; WOW64) AppleWebKit/537.36 (KHTML, like Gecko) Chrome/72.0.3626.121 Safari/537.36
0:0:0:0:0:0:0:1 - - [22/Jun/2020:14:40:57 +0800] "GET /nacos/console-fe/public/img/favicon.ico HTTP/1.1" 200 4286 16 Mozilla/5.0 (Windows NT 10.0; WOW64) AppleWebKit/537.36 (KHTML, like Gecko) Chrome/72.0.3626.121 Safari/537.36
