127.0.0.1 - - [22/Jun/2020:15:19:39 +0800] "PUT /nacos/v1/ns/instance/beat?beat=%7B%22cluster%22%3A%22DEFAULT%22%2C%22ip%22%3A%22192.168.8.184%22%2C%22metadata%22%3A%7B%22preserved.register.source%22%3A%22SPRING_CLOUD%22%7D%2C%22period%22%3A5000%2C%22port%22%3A10001%2C%22scheduled%22%3Afalse%2C%22serviceName%22%3A%22DEFAULT_GROUP%40%40GATEWAY-SERVER%22%2C%22stopped%22%3Afalse%2C%22weight%22%3A1.0%7D&app=unknown&serviceName=DEFAULT_GROUP%40%40GATEWAY-SERVER&encoding=UTF-8&namespaceId=public HTTP/1.1" 200 75 7 Nacos-Java-Client:v1.1.4
127.0.0.1 - - [22/Jun/2020:15:19:44 +0800] "PUT /nacos/v1/ns/instance/beat?beat=%7B%22cluster%22%3A%22DEFAULT%22%2C%22ip%22%3A%22192.168.8.184%22%2C%22metadata%22%3A%7B%22preserved.register.source%22%3A%22SPRING_CLOUD%22%7D%2C%22period%22%3A5000%2C%22port%22%3A10001%2C%22scheduled%22%3Afalse%2C%22serviceName%22%3A%22DEFAULT_GROUP%40%40GATEWAY-SERVER%22%2C%22stopped%22%3Afalse%2C%22weight%22%3A1.0%7D&app=unknown&serviceName=DEFAULT_GROUP%40%40GATEWAY-SERVER&encoding=UTF-8&namespaceId=public HTTP/1.1" 200 75 3 Nacos-Java-Client:v1.1.4
127.0.0.1 - - [22/Jun/2020:15:19:49 +0800] "PUT /nacos/v1/ns/instance/beat?beat=%7B%22cluster%22%3A%22DEFAULT%22%2C%22ip%22%3A%22192.168.8.184%22%2C%22metadata%22%3A%7B%22preserved.register.source%22%3A%22SPRING_CLOUD%22%7D%2C%22period%22%3A5000%2C%22port%22%3A10001%2C%22scheduled%22%3Afalse%2C%22serviceName%22%3A%22DEFAULT_GROUP%40%40GATEWAY-SERVER%22%2C%22stopped%22%3Afalse%2C%22weight%22%3A1.0%7D&app=unknown&serviceName=DEFAULT_GROUP%40%40GATEWAY-SERVER&encoding=UTF-8&namespaceId=public HTTP/1.1" 200 75 4 Nacos-Java-Client:v1.1.4
127.0.0.1 - - [22/Jun/2020:15:19:54 +0800] "PUT /nacos/v1/ns/instance/beat?beat=%7B%22cluster%22%3A%22DEFAULT%22%2C%22ip%22%3A%22192.168.8.184%22%2C%22metadata%22%3A%7B%22preserved.register.source%22%3A%22SPRING_CLOUD%22%7D%2C%22period%22%3A5000%2C%22port%22%3A10001%2C%22scheduled%22%3Afalse%2C%22serviceName%22%3A%22DEFAULT_GROUP%40%40GATEWAY-SERVER%22%2C%22stopped%22%3Afalse%2C%22weight%22%3A1.0%7D&app=unknown&serviceName=DEFAULT_GROUP%40%40GATEWAY-SERVER&encoding=UTF-8&namespaceId=public HTTP/1.1" 200 75 2 Nacos-Java-Client:v1.1.4
127.0.0.1 - - [22/Jun/2020:15:19:55 +0800] "POST /nacos/v1/cs/configs/listener HTTP/1.1" 200 - 29505 Java/1.8.0_91
0:0:0:0:0:0:0:1 - - [22/Jun/2020:15:19:55 +0800] "GET /nacos/v1/cs/configs?dataId=GATEWAY-SERVER.yaml&group=develop&namespaceId=&tenant=&beta=true&accessToken=eyJhbGciOiJIUzI1NiJ9.eyJzdWIiOiJuYWNvcyIsImV4cCI6MTU5MjgyMzk1NX0.yajrss_LacCbOpuOBnTtsC-utezL1sNOe6Q6MtDLh4c HTTP/1.1" 200 60 3 Mozilla/5.0 (Windows NT 10.0; WOW64) AppleWebKit/537.36 (KHTML, like Gecko) Chrome/72.0.3626.121 Safari/537.36
0:0:0:0:0:0:0:1 - - [22/Jun/2020:15:19:56 +0800] "GET /nacos/v1/cs/configs?dataId=GATEWAY-SERVER.yaml&group=develop&namespaceId=&tenant=&show=all&accessToken=eyJhbGciOiJIUzI1NiJ9.eyJzdWIiOiJuYWNvcyIsImV4cCI6MTU5MjgyMzk1NX0.yajrss_LacCbOpuOBnTtsC-utezL1sNOe6Q6MtDLh4c HTTP/1.1" 200 1453 5 Mozilla/5.0 (Windows NT 10.0; WOW64) AppleWebKit/537.36 (KHTML, like Gecko) Chrome/72.0.3626.121 Safari/537.36
127.0.0.1 - - [22/Jun/2020:15:20:00 +0800] "PUT /nacos/v1/ns/instance/beat?beat=%7B%22cluster%22%3A%22DEFAULT%22%2C%22ip%22%3A%22192.168.8.184%22%2C%22metadata%22%3A%7B%22preserved.register.source%22%3A%22SPRING_CLOUD%22%7D%2C%22period%22%3A5000%2C%22port%22%3A10001%2C%22scheduled%22%3Afalse%2C%22serviceName%22%3A%22DEFAULT_GROUP%40%40GATEWAY-SERVER%22%2C%22stopped%22%3Afalse%2C%22weight%22%3A1.0%7D&app=unknown&serviceName=DEFAULT_GROUP%40%40GATEWAY-SERVER&encoding=UTF-8&namespaceId=public HTTP/1.1" 200 75 7 Nacos-Java-Client:v1.1.4
0:0:0:0:0:0:0:1 - - [22/Jun/2020:15:20:02 +0800] "GET /nacos/v1/cs/configs?dataId=&group=&appName=&config_tags=&pageNo=1&pageSize=10&tenant=&search=accurate&accessToken=eyJhbGciOiJIUzI1NiJ9.eyJzdWIiOiJuYWNvcyIsImV4cCI6MTU5MjgyMzk1NX0.yajrss_LacCbOpuOBnTtsC-utezL1sNOe6Q6MtDLh4c HTTP/1.1" 200 1318 4 Mozilla/5.0 (Windows NT 10.0; WOW64) AppleWebKit/537.36 (KHTML, like Gecko) Chrome/72.0.3626.121 Safari/537.36
127.0.0.1 - - [22/Jun/2020:15:20:05 +0800] "PUT /nacos/v1/ns/instance/beat?beat=%7B%22cluster%22%3A%22DEFAULT%22%2C%22ip%22%3A%22192.168.8.184%22%2C%22metadata%22%3A%7B%22preserved.register.source%22%3A%22SPRING_CLOUD%22%7D%2C%22period%22%3A5000%2C%22port%22%3A10001%2C%22scheduled%22%3Afalse%2C%22serviceName%22%3A%22DEFAULT_GROUP%40%40GATEWAY-SERVER%22%2C%22stopped%22%3Afalse%2C%22weight%22%3A1.0%7D&app=unknown&serviceName=DEFAULT_GROUP%40%40GATEWAY-SERVER&encoding=UTF-8&namespaceId=public HTTP/1.1" 200 75 3 Nacos-Java-Client:v1.1.4
127.0.0.1 - - [22/Jun/2020:15:20:10 +0800] "PUT /nacos/v1/ns/instance/beat?beat=%7B%22cluster%22%3A%22DEFAULT%22%2C%22ip%22%3A%22192.168.8.184%22%2C%22metadata%22%3A%7B%22preserved.register.source%22%3A%22SPRING_CLOUD%22%7D%2C%22period%22%3A5000%2C%22port%22%3A10001%2C%22scheduled%22%3Afalse%2C%22serviceName%22%3A%22DEFAULT_GROUP%40%40GATEWAY-SERVER%22%2C%22stopped%22%3Afalse%2C%22weight%22%3A1.0%7D&app=unknown&serviceName=DEFAULT_GROUP%40%40GATEWAY-SERVER&encoding=UTF-8&namespaceId=public HTTP/1.1" 200 75 3 Nacos-Java-Client:v1.1.4
127.0.0.1 - - [22/Jun/2020:15:20:15 +0800] "PUT /nacos/v1/ns/instance/beat?beat=%7B%22cluster%22%3A%22DEFAULT%22%2C%22ip%22%3A%22192.168.8.184%22%2C%22metadata%22%3A%7B%22preserved.register.source%22%3A%22SPRING_CLOUD%22%7D%2C%22period%22%3A5000%2C%22port%22%3A10001%2C%22scheduled%22%3Afalse%2C%22serviceName%22%3A%22DEFAULT_GROUP%40%40GATEWAY-SERVER%22%2C%22stopped%22%3Afalse%2C%22weight%22%3A1.0%7D&app=unknown&serviceName=DEFAULT_GROUP%40%40GATEWAY-SERVER&encoding=UTF-8&namespaceId=public HTTP/1.1" 200 75 7 Nacos-Java-Client:v1.1.4
127.0.0.1 - - [22/Jun/2020:15:20:20 +0800] "PUT /nacos/v1/ns/instance/beat?beat=%7B%22cluster%22%3A%22DEFAULT%22%2C%22ip%22%3A%22192.168.8.184%22%2C%22metadata%22%3A%7B%22preserved.register.source%22%3A%22SPRING_CLOUD%22%7D%2C%22period%22%3A5000%2C%22port%22%3A10001%2C%22scheduled%22%3Afalse%2C%22serviceName%22%3A%22DEFAULT_GROUP%40%40GATEWAY-SERVER%22%2C%22stopped%22%3Afalse%2C%22weight%22%3A1.0%7D&app=unknown&serviceName=DEFAULT_GROUP%40%40GATEWAY-SERVER&encoding=UTF-8&namespaceId=public HTTP/1.1" 200 75 2 Nacos-Java-Client:v1.1.4
127.0.0.1 - - [22/Jun/2020:15:20:25 +0800] "PUT /nacos/v1/ns/instance/beat?beat=%7B%22cluster%22%3A%22DEFAULT%22%2C%22ip%22%3A%22192.168.8.184%22%2C%22metadata%22%3A%7B%22preserved.register.source%22%3A%22SPRING_CLOUD%22%7D%2C%22period%22%3A5000%2C%22port%22%3A10001%2C%22scheduled%22%3Afalse%2C%22serviceName%22%3A%22DEFAULT_GROUP%40%40GATEWAY-SERVER%22%2C%22stopped%22%3Afalse%2C%22weight%22%3A1.0%7D&app=unknown&serviceName=DEFAULT_GROUP%40%40GATEWAY-SERVER&encoding=UTF-8&namespaceId=public HTTP/1.1" 200 75 5 Nacos-Java-Client:v1.1.4
127.0.0.1 - - [22/Jun/2020:15:20:25 +0800] "POST /nacos/v1/cs/configs/listener HTTP/1.1" 200 - 29503 Java/1.8.0_91
127.0.0.1 - - [22/Jun/2020:15:20:30 +0800] "PUT /nacos/v1/ns/instance/beat?beat=%7B%22cluster%22%3A%22DEFAULT%22%2C%22ip%22%3A%22192.168.8.184%22%2C%22metadata%22%3A%7B%22preserved.register.source%22%3A%22SPRING_CLOUD%22%7D%2C%22period%22%3A5000%2C%22port%22%3A10001%2C%22scheduled%22%3Afalse%2C%22serviceName%22%3A%22DEFAULT_GROUP%40%40GATEWAY-SERVER%22%2C%22stopped%22%3Afalse%2C%22weight%22%3A1.0%7D&app=unknown&serviceName=DEFAULT_GROUP%40%40GATEWAY-SERVER&encoding=UTF-8&namespaceId=public HTTP/1.1" 200 75 2 Nacos-Java-Client:v1.1.4
127.0.0.1 - - [22/Jun/2020:15:20:35 +0800] "PUT /nacos/v1/ns/instance/beat?beat=%7B%22cluster%22%3A%22DEFAULT%22%2C%22ip%22%3A%22192.168.8.184%22%2C%22metadata%22%3A%7B%22preserved.register.source%22%3A%22SPRING_CLOUD%22%7D%2C%22period%22%3A5000%2C%22port%22%3A10001%2C%22scheduled%22%3Afalse%2C%22serviceName%22%3A%22DEFAULT_GROUP%40%40GATEWAY-SERVER%22%2C%22stopped%22%3Afalse%2C%22weight%22%3A1.0%7D&app=unknown&serviceName=DEFAULT_GROUP%40%40GATEWAY-SERVER&encoding=UTF-8&namespaceId=public HTTP/1.1" 200 75 2 Nacos-Java-Client:v1.1.4
0:0:0:0:0:0:0:1 - - [22/Jun/2020:15:20:39 +0800] "GET /nacos/v1/console/namespaces?namespaceId=&accessToken=eyJhbGciOiJIUzI1NiJ9.eyJzdWIiOiJuYWNvcyIsImV4cCI6MTU5MjgyMzk1NX0.yajrss_LacCbOpuOBnTtsC-utezL1sNOe6Q6MtDLh4c HTTP/1.1" 200 257 5 Mozilla/5.0 (Windows NT 10.0; WOW64) AppleWebKit/537.36 (KHTML, like Gecko) Chrome/72.0.3626.121 Safari/537.36
127.0.0.1 - - [22/Jun/2020:15:20:40 +0800] "PUT /nacos/v1/ns/instance/beat?beat=%7B%22cluster%22%3A%22DEFAULT%22%2C%22ip%22%3A%22192.168.8.184%22%2C%22metadata%22%3A%7B%22preserved.register.source%22%3A%22SPRING_CLOUD%22%7D%2C%22period%22%3A5000%2C%22port%22%3A10001%2C%22scheduled%22%3Afalse%2C%22serviceName%22%3A%22DEFAULT_GROUP%40%40GATEWAY-SERVER%22%2C%22stopped%22%3Afalse%2C%22weight%22%3A1.0%7D&app=unknown&serviceName=DEFAULT_GROUP%40%40GATEWAY-SERVER&encoding=UTF-8&namespaceId=public HTTP/1.1" 200 75 5 Nacos-Java-Client:v1.1.4
0:0:0:0:0:0:0:1 - - [22/Jun/2020:15:20:44 +0800] "POST /nacos/v1/cs/configs?clone=true&tenant=public&policy=ABORT&namespaceId=&accessToken=eyJhbGciOiJIUzI1NiJ9.eyJzdWIiOiJuYWNvcyIsImV4cCI6MTU5MjgyMzk1NX0.yajrss_LacCbOpuOBnTtsC-utezL1sNOe6Q6MtDLh4c HTTP/1.1" 200 85 8 Mozilla/5.0 (Windows NT 10.0; WOW64) AppleWebKit/537.36 (KHTML, like Gecko) Chrome/72.0.3626.121 Safari/537.36
192.168.8.184 - - [22/Jun/2020:15:20:44 +0800] "GET /nacos/v1/cs/communication/dataChange?dataId=GATEWAY-SERVER.yaml&group=GATEWAY-SERVER HTTP/1.1" 200 14 2 Apache-HttpAsyncClient/4.1.3 (Java/1.8.0_91)
0:0:0:0:0:0:0:1 - - [22/Jun/2020:15:20:44 +0800] "GET /nacos/v1/cs/configs?dataId=&group=&appName=&config_tags=&pageNo=1&pageSize=10&tenant=&search=accurate&accessToken=eyJhbGciOiJIUzI1NiJ9.eyJzdWIiOiJuYWNvcyIsImV4cCI6MTU5MjgyMzk1NX0.yajrss_LacCbOpuOBnTtsC-utezL1sNOe6Q6MtDLh4c HTTP/1.1" 200 2567 3 Mozilla/5.0 (Windows NT 10.0; WOW64) AppleWebKit/537.36 (KHTML, like Gecko) Chrome/72.0.3626.121 Safari/537.36
127.0.0.1 - - [22/Jun/2020:15:20:45 +0800] "PUT /nacos/v1/ns/instance/beat?beat=%7B%22cluster%22%3A%22DEFAULT%22%2C%22ip%22%3A%22192.168.8.184%22%2C%22metadata%22%3A%7B%22preserved.register.source%22%3A%22SPRING_CLOUD%22%7D%2C%22period%22%3A5000%2C%22port%22%3A10001%2C%22scheduled%22%3Afalse%2C%22serviceName%22%3A%22DEFAULT_GROUP%40%40GATEWAY-SERVER%22%2C%22stopped%22%3Afalse%2C%22weight%22%3A1.0%7D&app=unknown&serviceName=DEFAULT_GROUP%40%40GATEWAY-SERVER&encoding=UTF-8&namespaceId=public HTTP/1.1" 200 75 2 Nacos-Java-Client:v1.1.4
0:0:0:0:0:0:0:1 - - [22/Jun/2020:15:20:48 +0800] "DELETE /nacos/v1/cs/configs?delType=ids&ids=249062518275706880&accessToken=eyJhbGciOiJIUzI1NiJ9.eyJzdWIiOiJuYWNvcyIsImV4cCI6MTU5MjgyMzk1NX0.yajrss_LacCbOpuOBnTtsC-utezL1sNOe6Q6MtDLh4c HTTP/1.1" 200 60 9 Mozilla/5.0 (Windows NT 10.0; WOW64) AppleWebKit/537.36 (KHTML, like Gecko) Chrome/72.0.3626.121 Safari/537.36
0:0:0:0:0:0:0:1 - - [22/Jun/2020:15:20:48 +0800] "GET /nacos/v1/cs/configs?dataId=&group=&appName=&config_tags=&pageNo=1&pageSize=10&tenant=&search=accurate&accessToken=eyJhbGciOiJIUzI1NiJ9.eyJzdWIiOiJuYWNvcyIsImV4cCI6MTU5MjgyMzk1NX0.yajrss_LacCbOpuOBnTtsC-utezL1sNOe6Q6MtDLh4c HTTP/1.1" 200 1325 4 Mozilla/5.0 (Windows NT 10.0; WOW64) AppleWebKit/537.36 (KHTML, like Gecko) Chrome/72.0.3626.121 Safari/537.36
127.0.0.1 - - [22/Jun/2020:15:20:50 +0800] "PUT /nacos/v1/ns/instance/beat?beat=%7B%22cluster%22%3A%22DEFAULT%22%2C%22ip%22%3A%22192.168.8.184%22%2C%22metadata%22%3A%7B%22preserved.register.source%22%3A%22SPRING_CLOUD%22%7D%2C%22period%22%3A5000%2C%22port%22%3A10001%2C%22scheduled%22%3Afalse%2C%22serviceName%22%3A%22DEFAULT_GROUP%40%40GATEWAY-SERVER%22%2C%22stopped%22%3Afalse%2C%22weight%22%3A1.0%7D&app=unknown&serviceName=DEFAULT_GROUP%40%40GATEWAY-SERVER&encoding=UTF-8&namespaceId=public HTTP/1.1" 200 75 8 Nacos-Java-Client:v1.1.4
127.0.0.1 - - [22/Jun/2020:15:20:54 +0800] "POST /nacos/v1/cs/configs/listener HTTP/1.1" 200 - 29504 Java/1.8.0_91
127.0.0.1 - - [22/Jun/2020:15:20:55 +0800] "PUT /nacos/v1/ns/instance/beat?beat=%7B%22cluster%22%3A%22DEFAULT%22%2C%22ip%22%3A%22192.168.8.184%22%2C%22metadata%22%3A%7B%22preserved.register.source%22%3A%22SPRING_CLOUD%22%7D%2C%22period%22%3A5000%2C%22port%22%3A10001%2C%22scheduled%22%3Afalse%2C%22serviceName%22%3A%22DEFAULT_GROUP%40%40GATEWAY-SERVER%22%2C%22stopped%22%3Afalse%2C%22weight%22%3A1.0%7D&app=unknown&serviceName=DEFAULT_GROUP%40%40GATEWAY-SERVER&encoding=UTF-8&namespaceId=public HTTP/1.1" 200 75 2 Nacos-Java-Client:v1.1.4
127.0.0.1 - - [22/Jun/2020:15:21:00 +0800] "PUT /nacos/v1/ns/instance/beat?beat=%7B%22cluster%22%3A%22DEFAULT%22%2C%22ip%22%3A%22192.168.8.184%22%2C%22metadata%22%3A%7B%22preserved.register.source%22%3A%22SPRING_CLOUD%22%7D%2C%22period%22%3A5000%2C%22port%22%3A10001%2C%22scheduled%22%3Afalse%2C%22serviceName%22%3A%22DEFAULT_GROUP%40%40GATEWAY-SERVER%22%2C%22stopped%22%3Afalse%2C%22weight%22%3A1.0%7D&app=unknown&serviceName=DEFAULT_GROUP%40%40GATEWAY-SERVER&encoding=UTF-8&namespaceId=public HTTP/1.1" 200 75 4 Nacos-Java-Client:v1.1.4
127.0.0.1 - - [22/Jun/2020:15:21:05 +0800] "PUT /nacos/v1/ns/instance/beat?beat=%7B%22cluster%22%3A%22DEFAULT%22%2C%22ip%22%3A%22192.168.8.184%22%2C%22metadata%22%3A%7B%22preserved.register.source%22%3A%22SPRING_CLOUD%22%7D%2C%22period%22%3A5000%2C%22port%22%3A10001%2C%22scheduled%22%3Afalse%2C%22serviceName%22%3A%22DEFAULT_GROUP%40%40GATEWAY-SERVER%22%2C%22stopped%22%3Afalse%2C%22weight%22%3A1.0%7D&app=unknown&serviceName=DEFAULT_GROUP%40%40GATEWAY-SERVER&encoding=UTF-8&namespaceId=public HTTP/1.1" 200 75 5 Nacos-Java-Client:v1.1.4
127.0.0.1 - - [22/Jun/2020:15:21:10 +0800] "PUT /nacos/v1/ns/instance/beat?beat=%7B%22cluster%22%3A%22DEFAULT%22%2C%22ip%22%3A%22192.168.8.184%22%2C%22metadata%22%3A%7B%22preserved.register.source%22%3A%22SPRING_CLOUD%22%7D%2C%22period%22%3A5000%2C%22port%22%3A10001%2C%22scheduled%22%3Afalse%2C%22serviceName%22%3A%22DEFAULT_GROUP%40%40GATEWAY-SERVER%22%2C%22stopped%22%3Afalse%2C%22weight%22%3A1.0%7D&app=unknown&serviceName=DEFAULT_GROUP%40%40GATEWAY-SERVER&encoding=UTF-8&namespaceId=public HTTP/1.1" 200 75 7 Nacos-Java-Client:v1.1.4
0:0:0:0:0:0:0:1 - - [22/Jun/2020:15:21:11 +0800] "GET /nacos/index.html HTTP/1.1" 304 - 26 Mozilla/5.0 (Windows NT 10.0; WOW64) AppleWebKit/537.36 (KHTML, like Gecko) Chrome/72.0.3626.121 Safari/537.36
0:0:0:0:0:0:0:1 - - [22/Jun/2020:15:21:11 +0800] "GET /nacos/v1/console/namespaces?&accessToken=eyJhbGciOiJIUzI1NiJ9.eyJzdWIiOiJuYWNvcyIsImV4cCI6MTU5MjgyMzk1NX0.yajrss_LacCbOpuOBnTtsC-utezL1sNOe6Q6MtDLh4c&namespaceId= HTTP/1.1" 200 257 4 Mozilla/5.0 (Windows NT 10.0; WOW64) AppleWebKit/537.36 (KHTML, like Gecko) Chrome/72.0.3626.121 Safari/537.36
0:0:0:0:0:0:0:1 - - [22/Jun/2020:15:21:11 +0800] "GET /nacos/v1/console/server/state?accessToken=eyJhbGciOiJIUzI1NiJ9.eyJzdWIiOiJuYWNvcyIsImV4cCI6MTU5MjgyMzk1NX0.yajrss_LacCbOpuOBnTtsC-utezL1sNOe6Q6MtDLh4c HTTP/1.1" 200 82 3 Mozilla/5.0 (Windows NT 10.0; WOW64) AppleWebKit/537.36 (KHTML, like Gecko) Chrome/72.0.3626.121 Safari/537.36
0:0:0:0:0:0:0:1 - - [22/Jun/2020:15:21:11 +0800] "GET /nacos/console-fe/public/icons/icon-font.woff2 HTTP/1.1" 404 177 56 Mozilla/5.0 (Windows NT 10.0; WOW64) AppleWebKit/537.36 (KHTML, like Gecko) Chrome/72.0.3626.121 Safari/537.36
0:0:0:0:0:0:0:1 - - [22/Jun/2020:15:21:11 +0800] "GET /nacos/v1/cs/configs?dataId=&group=&appName=&config_tags=&pageNo=1&pageSize=10&tenant=&search=accurate&accessToken=eyJhbGciOiJIUzI1NiJ9.eyJzdWIiOiJuYWNvcyIsImV4cCI6MTU5MjgyMzk1NX0.yajrss_LacCbOpuOBnTtsC-utezL1sNOe6Q6MtDLh4c HTTP/1.1" 200 1325 3 Mozilla/5.0 (Windows NT 10.0; WOW64) AppleWebKit/537.36 (KHTML, like Gecko) Chrome/72.0.3626.121 Safari/537.36
0:0:0:0:0:0:0:1 - - [22/Jun/2020:15:21:11 +0800] "GET /nacos/console-fe/public/img/favicon.ico HTTP/1.1" 200 4286 22 Mozilla/5.0 (Windows NT 10.0; WOW64) AppleWebKit/537.36 (KHTML, like Gecko) Chrome/72.0.3626.121 Safari/537.36
0:0:0:0:0:0:0:1 - - [22/Jun/2020:15:21:14 +0800] "GET /nacos/v1/cs/configs?dataId=&group=&appName=&config_tags=&pageNo=1&pageSize=10&tenant=fb00e33b-00f2-415a-9cd7-70408bf45f05&search=accurate&accessToken=eyJhbGciOiJIUzI1NiJ9.eyJzdWIiOiJuYWNvcyIsImV4cCI6MTU5MjgyMzk1NX0.yajrss_LacCbOpuOBnTtsC-utezL1sNOe6Q6MtDLh4c HTTP/1.1" 200 1354 4 Mozilla/5.0 (Windows NT 10.0; WOW64) AppleWebKit/537.36 (KHTML, like Gecko) Chrome/72.0.3626.121 Safari/537.36
127.0.0.1 - - [22/Jun/2020:15:21:15 +0800] "PUT /nacos/v1/ns/instance/beat?beat=%7B%22cluster%22%3A%22DEFAULT%22%2C%22ip%22%3A%22192.168.8.184%22%2C%22metadata%22%3A%7B%22preserved.register.source%22%3A%22SPRING_CLOUD%22%7D%2C%22period%22%3A5000%2C%22port%22%3A10001%2C%22scheduled%22%3Afalse%2C%22serviceName%22%3A%22DEFAULT_GROUP%40%40GATEWAY-SERVER%22%2C%22stopped%22%3Afalse%2C%22weight%22%3A1.0%7D&app=unknown&serviceName=DEFAULT_GROUP%40%40GATEWAY-SERVER&encoding=UTF-8&namespaceId=public HTTP/1.1" 200 75 2 Nacos-Java-Client:v1.1.4
0:0:0:0:0:0:0:1 - - [22/Jun/2020:15:21:17 +0800] "DELETE /nacos/v1/cs/configs?delType=ids&ids=249049155911028736&accessToken=eyJhbGciOiJIUzI1NiJ9.eyJzdWIiOiJuYWNvcyIsImV4cCI6MTU5MjgyMzk1NX0.yajrss_LacCbOpuOBnTtsC-utezL1sNOe6Q6MtDLh4c HTTP/1.1" 200 60 9 Mozilla/5.0 (Windows NT 10.0; WOW64) AppleWebKit/537.36 (KHTML, like Gecko) Chrome/72.0.3626.121 Safari/537.36
0:0:0:0:0:0:0:1 - - [22/Jun/2020:15:21:17 +0800] "GET /nacos/v1/cs/configs?dataId=&group=&appName=&config_tags=&pageNo=1&pageSize=10&tenant=fb00e33b-00f2-415a-9cd7-70408bf45f05&search=accurate&accessToken=eyJhbGciOiJIUzI1NiJ9.eyJzdWIiOiJuYWNvcyIsImV4cCI6MTU5MjgyMzk1NX0.yajrss_LacCbOpuOBnTtsC-utezL1sNOe6Q6MtDLh4c HTTP/1.1" 200 76 3 Mozilla/5.0 (Windows NT 10.0; WOW64) AppleWebKit/537.36 (KHTML, like Gecko) Chrome/72.0.3626.121 Safari/537.36
0:0:0:0:0:0:0:1 - - [22/Jun/2020:15:21:18 +0800] "GET /nacos/v1/cs/configs?dataId=&group=&appName=&config_tags=&pageNo=1&pageSize=10&tenant=&search=accurate&accessToken=eyJhbGciOiJIUzI1NiJ9.eyJzdWIiOiJuYWNvcyIsImV4cCI6MTU5MjgyMzk1NX0.yajrss_LacCbOpuOBnTtsC-utezL1sNOe6Q6MtDLh4c HTTP/1.1" 200 1325 4 Mozilla/5.0 (Windows NT 10.0; WOW64) AppleWebKit/537.36 (KHTML, like Gecko) Chrome/72.0.3626.121 Safari/537.36
0:0:0:0:0:0:0:1 - - [22/Jun/2020:15:21:19 +0800] "GET /nacos/v1/console/namespaces?&accessToken=eyJhbGciOiJIUzI1NiJ9.eyJzdWIiOiJuYWNvcyIsImV4cCI6MTU5MjgyMzk1NX0.yajrss_LacCbOpuOBnTtsC-utezL1sNOe6Q6MtDLh4c&namespaceId= HTTP/1.1" 200 257 4 Mozilla/5.0 (Windows NT 10.0; WOW64) AppleWebKit/537.36 (KHTML, like Gecko) Chrome/72.0.3626.121 Safari/537.36
127.0.0.1 - - [22/Jun/2020:15:21:20 +0800] "PUT /nacos/v1/ns/instance/beat?beat=%7B%22cluster%22%3A%22DEFAULT%22%2C%22ip%22%3A%22192.168.8.184%22%2C%22metadata%22%3A%7B%22preserved.register.source%22%3A%22SPRING_CLOUD%22%7D%2C%22period%22%3A5000%2C%22port%22%3A10001%2C%22scheduled%22%3Afalse%2C%22serviceName%22%3A%22DEFAULT_GROUP%40%40GATEWAY-SERVER%22%2C%22stopped%22%3Afalse%2C%22weight%22%3A1.0%7D&app=unknown&serviceName=DEFAULT_GROUP%40%40GATEWAY-SERVER&encoding=UTF-8&namespaceId=public HTTP/1.1" 200 75 7 Nacos-Java-Client:v1.1.4
0:0:0:0:0:0:0:1 - - [22/Jun/2020:15:21:23 +0800] "DELETE /nacos/v1/console/namespaces?namespaceId=fb00e33b-00f2-415a-9cd7-70408bf45f05&accessToken=eyJhbGciOiJIUzI1NiJ9.eyJzdWIiOiJuYWNvcyIsImV4cCI6MTU5MjgyMzk1NX0.yajrss_LacCbOpuOBnTtsC-utezL1sNOe6Q6MtDLh4c HTTP/1.1" 200 14 5 Mozilla/5.0 (Windows NT 10.0; WOW64) AppleWebKit/537.36 (KHTML, like Gecko) Chrome/72.0.3626.121 Safari/537.36
127.0.0.1 - - [22/Jun/2020:15:21:24 +0800] "POST /nacos/v1/cs/configs/listener HTTP/1.1" 200 - 29504 Java/1.8.0_91
127.0.0.1 - - [22/Jun/2020:15:21:25 +0800] "PUT /nacos/v1/ns/instance/beat?beat=%7B%22cluster%22%3A%22DEFAULT%22%2C%22ip%22%3A%22192.168.8.184%22%2C%22metadata%22%3A%7B%22preserved.register.source%22%3A%22SPRING_CLOUD%22%7D%2C%22period%22%3A5000%2C%22port%22%3A10001%2C%22scheduled%22%3Afalse%2C%22serviceName%22%3A%22DEFAULT_GROUP%40%40GATEWAY-SERVER%22%2C%22stopped%22%3Afalse%2C%22weight%22%3A1.0%7D&app=unknown&serviceName=DEFAULT_GROUP%40%40GATEWAY-SERVER&encoding=UTF-8&namespaceId=public HTTP/1.1" 200 75 4 Nacos-Java-Client:v1.1.4
0:0:0:0:0:0:0:1 - - [22/Jun/2020:15:21:25 +0800] "GET /nacos/v1/console/namespaces?&accessToken=eyJhbGciOiJIUzI1NiJ9.eyJzdWIiOiJuYWNvcyIsImV4cCI6MTU5MjgyMzk1NX0.yajrss_LacCbOpuOBnTtsC-utezL1sNOe6Q6MtDLh4c&namespaceId= HTTP/1.1" 200 130 4 Mozilla/5.0 (Windows NT 10.0; WOW64) AppleWebKit/537.36 (KHTML, like Gecko) Chrome/72.0.3626.121 Safari/537.36
127.0.0.1 - - [22/Jun/2020:15:21:30 +0800] "PUT /nacos/v1/ns/instance/beat?beat=%7B%22cluster%22%3A%22DEFAULT%22%2C%22ip%22%3A%22192.168.8.184%22%2C%22metadata%22%3A%7B%22preserved.register.source%22%3A%22SPRING_CLOUD%22%7D%2C%22period%22%3A5000%2C%22port%22%3A10001%2C%22scheduled%22%3Afalse%2C%22serviceName%22%3A%22DEFAULT_GROUP%40%40GATEWAY-SERVER%22%2C%22stopped%22%3Afalse%2C%22weight%22%3A1.0%7D&app=unknown&serviceName=DEFAULT_GROUP%40%40GATEWAY-SERVER&encoding=UTF-8&namespaceId=public HTTP/1.1" 200 75 3 Nacos-Java-Client:v1.1.4
0:0:0:0:0:0:0:1 - - [22/Jun/2020:15:21:30 +0800] "GET /nacos/v1/cs/configs?dataId=&group=&appName=&config_tags=&pageNo=1&pageSize=10&tenant=&search=accurate&accessToken=eyJhbGciOiJIUzI1NiJ9.eyJzdWIiOiJuYWNvcyIsImV4cCI6MTU5MjgyMzk1NX0.yajrss_LacCbOpuOBnTtsC-utezL1sNOe6Q6MtDLh4c HTTP/1.1" 200 1325 5 Mozilla/5.0 (Windows NT 10.0; WOW64) AppleWebKit/537.36 (KHTML, like Gecko) Chrome/72.0.3626.121 Safari/537.36
0:0:0:0:0:0:0:1 - - [22/Jun/2020:15:21:32 +0800] "GET /nacos/index.html HTTP/1.1" 304 - 22 Mozilla/5.0 (Windows NT 10.0; WOW64) AppleWebKit/537.36 (KHTML, like Gecko) Chrome/72.0.3626.121 Safari/537.36
0:0:0:0:0:0:0:1 - - [22/Jun/2020:15:21:33 +0800] "GET /nacos/v1/console/namespaces?&accessToken=eyJhbGciOiJIUzI1NiJ9.eyJzdWIiOiJuYWNvcyIsImV4cCI6MTU5MjgyMzk1NX0.yajrss_LacCbOpuOBnTtsC-utezL1sNOe6Q6MtDLh4c&namespaceId= HTTP/1.1" 200 130 2 Mozilla/5.0 (Windows NT 10.0; WOW64) AppleWebKit/537.36 (KHTML, like Gecko) Chrome/72.0.3626.121 Safari/537.36
0:0:0:0:0:0:0:1 - - [22/Jun/2020:15:21:33 +0800] "GET /nacos/v1/console/server/state?accessToken=eyJhbGciOiJIUzI1NiJ9.eyJzdWIiOiJuYWNvcyIsImV4cCI6MTU5MjgyMzk1NX0.yajrss_LacCbOpuOBnTtsC-utezL1sNOe6Q6MtDLh4c HTTP/1.1" 200 82 3 Mozilla/5.0 (Windows NT 10.0; WOW64) AppleWebKit/537.36 (KHTML, like Gecko) Chrome/72.0.3626.121 Safari/537.36
0:0:0:0:0:0:0:1 - - [22/Jun/2020:15:21:33 +0800] "GET /nacos/console-fe/public/icons/icon-font.woff2 HTTP/1.1" 404 177 40 Mozilla/5.0 (Windows NT 10.0; WOW64) AppleWebKit/537.36 (KHTML, like Gecko) Chrome/72.0.3626.121 Safari/537.36
0:0:0:0:0:0:0:1 - - [22/Jun/2020:15:21:33 +0800] "GET /nacos/v1/cs/configs?dataId=&group=&appName=&config_tags=&pageNo=1&pageSize=10&tenant=&search=accurate&accessToken=eyJhbGciOiJIUzI1NiJ9.eyJzdWIiOiJuYWNvcyIsImV4cCI6MTU5MjgyMzk1NX0.yajrss_LacCbOpuOBnTtsC-utezL1sNOe6Q6MtDLh4c HTTP/1.1" 200 1325 4 Mozilla/5.0 (Windows NT 10.0; WOW64) AppleWebKit/537.36 (KHTML, like Gecko) Chrome/72.0.3626.121 Safari/537.36
0:0:0:0:0:0:0:1 - - [22/Jun/2020:15:21:33 +0800] "GET /nacos/console-fe/public/img/favicon.ico HTTP/1.1" 200 4286 16 Mozilla/5.0 (Windows NT 10.0; WOW64) AppleWebKit/537.36 (KHTML, like Gecko) Chrome/72.0.3626.121 Safari/537.36
127.0.0.1 - - [22/Jun/2020:15:21:35 +0800] "PUT /nacos/v1/ns/instance/beat?beat=%7B%22cluster%22%3A%22DEFAULT%22%2C%22ip%22%3A%22192.168.8.184%22%2C%22metadata%22%3A%7B%22preserved.register.source%22%3A%22SPRING_CLOUD%22%7D%2C%22period%22%3A5000%2C%22port%22%3A10001%2C%22scheduled%22%3Afalse%2C%22serviceName%22%3A%22DEFAULT_GROUP%40%40GATEWAY-SERVER%22%2C%22stopped%22%3Afalse%2C%22weight%22%3A1.0%7D&app=unknown&serviceName=DEFAULT_GROUP%40%40GATEWAY-SERVER&encoding=UTF-8&namespaceId=public HTTP/1.1" 200 75 9 Nacos-Java-Client:v1.1.4
127.0.0.1 - - [22/Jun/2020:15:21:40 +0800] "PUT /nacos/v1/ns/instance/beat?beat=%7B%22cluster%22%3A%22DEFAULT%22%2C%22ip%22%3A%22192.168.8.184%22%2C%22metadata%22%3A%7B%22preserved.register.source%22%3A%22SPRING_CLOUD%22%7D%2C%22period%22%3A5000%2C%22port%22%3A10001%2C%22scheduled%22%3Afalse%2C%22serviceName%22%3A%22DEFAULT_GROUP%40%40GATEWAY-SERVER%22%2C%22stopped%22%3Afalse%2C%22weight%22%3A1.0%7D&app=unknown&serviceName=DEFAULT_GROUP%40%40GATEWAY-SERVER&encoding=UTF-8&namespaceId=public HTTP/1.1" 200 75 2 Nacos-Java-Client:v1.1.4
127.0.0.1 - - [22/Jun/2020:15:21:45 +0800] "PUT /nacos/v1/ns/instance/beat?beat=%7B%22cluster%22%3A%22DEFAULT%22%2C%22ip%22%3A%22192.168.8.184%22%2C%22metadata%22%3A%7B%22preserved.register.source%22%3A%22SPRING_CLOUD%22%7D%2C%22period%22%3A5000%2C%22port%22%3A10001%2C%22scheduled%22%3Afalse%2C%22serviceName%22%3A%22DEFAULT_GROUP%40%40GATEWAY-SERVER%22%2C%22stopped%22%3Afalse%2C%22weight%22%3A1.0%7D&app=unknown&serviceName=DEFAULT_GROUP%40%40GATEWAY-SERVER&encoding=UTF-8&namespaceId=public HTTP/1.1" 200 75 8 Nacos-Java-Client:v1.1.4
127.0.0.1 - - [22/Jun/2020:15:21:50 +0800] "PUT /nacos/v1/ns/instance/beat?beat=%7B%22cluster%22%3A%22DEFAULT%22%2C%22ip%22%3A%22192.168.8.184%22%2C%22metadata%22%3A%7B%22preserved.register.source%22%3A%22SPRING_CLOUD%22%7D%2C%22period%22%3A5000%2C%22port%22%3A10001%2C%22scheduled%22%3Afalse%2C%22serviceName%22%3A%22DEFAULT_GROUP%40%40GATEWAY-SERVER%22%2C%22stopped%22%3Afalse%2C%22weight%22%3A1.0%7D&app=unknown&serviceName=DEFAULT_GROUP%40%40GATEWAY-SERVER&encoding=UTF-8&namespaceId=public HTTP/1.1" 200 75 3 Nacos-Java-Client:v1.1.4
127.0.0.1 - - [22/Jun/2020:15:21:53 +0800] "POST /nacos/v1/cs/configs/listener HTTP/1.1" 200 - 29503 Java/1.8.0_91
127.0.0.1 - - [22/Jun/2020:15:21:55 +0800] "PUT /nacos/v1/ns/instance/beat?beat=%7B%22cluster%22%3A%22DEFAULT%22%2C%22ip%22%3A%22192.168.8.184%22%2C%22metadata%22%3A%7B%22preserved.register.source%22%3A%22SPRING_CLOUD%22%7D%2C%22period%22%3A5000%2C%22port%22%3A10001%2C%22scheduled%22%3Afalse%2C%22serviceName%22%3A%22DEFAULT_GROUP%40%40GATEWAY-SERVER%22%2C%22stopped%22%3Afalse%2C%22weight%22%3A1.0%7D&app=unknown&serviceName=DEFAULT_GROUP%40%40GATEWAY-SERVER&encoding=UTF-8&namespaceId=public HTTP/1.1" 200 75 5 Nacos-Java-Client:v1.1.4
127.0.0.1 - - [22/Jun/2020:15:22:00 +0800] "PUT /nacos/v1/ns/instance/beat?beat=%7B%22cluster%22%3A%22DEFAULT%22%2C%22ip%22%3A%22192.168.8.184%22%2C%22metadata%22%3A%7B%22preserved.register.source%22%3A%22SPRING_CLOUD%22%7D%2C%22period%22%3A5000%2C%22port%22%3A10001%2C%22scheduled%22%3Afalse%2C%22serviceName%22%3A%22DEFAULT_GROUP%40%40GATEWAY-SERVER%22%2C%22stopped%22%3Afalse%2C%22weight%22%3A1.0%7D&app=unknown&serviceName=DEFAULT_GROUP%40%40GATEWAY-SERVER&encoding=UTF-8&namespaceId=public HTTP/1.1" 200 75 8 Nacos-Java-Client:v1.1.4
127.0.0.1 - - [22/Jun/2020:15:22:05 +0800] "PUT /nacos/v1/ns/instance/beat?beat=%7B%22cluster%22%3A%22DEFAULT%22%2C%22ip%22%3A%22192.168.8.184%22%2C%22metadata%22%3A%7B%22preserved.register.source%22%3A%22SPRING_CLOUD%22%7D%2C%22period%22%3A5000%2C%22port%22%3A10001%2C%22scheduled%22%3Afalse%2C%22serviceName%22%3A%22DEFAULT_GROUP%40%40GATEWAY-SERVER%22%2C%22stopped%22%3Afalse%2C%22weight%22%3A1.0%7D&app=unknown&serviceName=DEFAULT_GROUP%40%40GATEWAY-SERVER&encoding=UTF-8&namespaceId=public HTTP/1.1" 200 75 7 Nacos-Java-Client:v1.1.4
127.0.0.1 - - [22/Jun/2020:15:22:10 +0800] "PUT /nacos/v1/ns/instance/beat?beat=%7B%22cluster%22%3A%22DEFAULT%22%2C%22ip%22%3A%22192.168.8.184%22%2C%22metadata%22%3A%7B%22preserved.register.source%22%3A%22SPRING_CLOUD%22%7D%2C%22period%22%3A5000%2C%22port%22%3A10001%2C%22scheduled%22%3Afalse%2C%22serviceName%22%3A%22DEFAULT_GROUP%40%40GATEWAY-SERVER%22%2C%22stopped%22%3Afalse%2C%22weight%22%3A1.0%7D&app=unknown&serviceName=DEFAULT_GROUP%40%40GATEWAY-SERVER&encoding=UTF-8&namespaceId=public HTTP/1.1" 200 75 8 Nacos-Java-Client:v1.1.4
127.0.0.1 - - [22/Jun/2020:15:22:15 +0800] "PUT /nacos/v1/ns/instance/beat?beat=%7B%22cluster%22%3A%22DEFAULT%22%2C%22ip%22%3A%22192.168.8.184%22%2C%22metadata%22%3A%7B%22preserved.register.source%22%3A%22SPRING_CLOUD%22%7D%2C%22period%22%3A5000%2C%22port%22%3A10001%2C%22scheduled%22%3Afalse%2C%22serviceName%22%3A%22DEFAULT_GROUP%40%40GATEWAY-SERVER%22%2C%22stopped%22%3Afalse%2C%22weight%22%3A1.0%7D&app=unknown&serviceName=DEFAULT_GROUP%40%40GATEWAY-SERVER&encoding=UTF-8&namespaceId=public HTTP/1.1" 200 75 4 Nacos-Java-Client:v1.1.4
127.0.0.1 - - [22/Jun/2020:15:22:20 +0800] "PUT /nacos/v1/ns/instance/beat?beat=%7B%22cluster%22%3A%22DEFAULT%22%2C%22ip%22%3A%22192.168.8.184%22%2C%22metadata%22%3A%7B%22preserved.register.source%22%3A%22SPRING_CLOUD%22%7D%2C%22period%22%3A5000%2C%22port%22%3A10001%2C%22scheduled%22%3Afalse%2C%22serviceName%22%3A%22DEFAULT_GROUP%40%40GATEWAY-SERVER%22%2C%22stopped%22%3Afalse%2C%22weight%22%3A1.0%7D&app=unknown&serviceName=DEFAULT_GROUP%40%40GATEWAY-SERVER&encoding=UTF-8&namespaceId=public HTTP/1.1" 200 75 7 Nacos-Java-Client:v1.1.4
127.0.0.1 - - [22/Jun/2020:15:22:23 +0800] "POST /nacos/v1/cs/configs/listener HTTP/1.1" 200 - 29507 Java/1.8.0_91
127.0.0.1 - - [22/Jun/2020:15:22:25 +0800] "PUT /nacos/v1/ns/instance/beat?beat=%7B%22cluster%22%3A%22DEFAULT%22%2C%22ip%22%3A%22192.168.8.184%22%2C%22metadata%22%3A%7B%22preserved.register.source%22%3A%22SPRING_CLOUD%22%7D%2C%22period%22%3A5000%2C%22port%22%3A10001%2C%22scheduled%22%3Afalse%2C%22serviceName%22%3A%22DEFAULT_GROUP%40%40GATEWAY-SERVER%22%2C%22stopped%22%3Afalse%2C%22weight%22%3A1.0%7D&app=unknown&serviceName=DEFAULT_GROUP%40%40GATEWAY-SERVER&encoding=UTF-8&namespaceId=public HTTP/1.1" 200 75 7 Nacos-Java-Client:v1.1.4
127.0.0.1 - - [22/Jun/2020:15:22:30 +0800] "PUT /nacos/v1/ns/instance/beat?beat=%7B%22cluster%22%3A%22DEFAULT%22%2C%22ip%22%3A%22192.168.8.184%22%2C%22metadata%22%3A%7B%22preserved.register.source%22%3A%22SPRING_CLOUD%22%7D%2C%22period%22%3A5000%2C%22port%22%3A10001%2C%22scheduled%22%3Afalse%2C%22serviceName%22%3A%22DEFAULT_GROUP%40%40GATEWAY-SERVER%22%2C%22stopped%22%3Afalse%2C%22weight%22%3A1.0%7D&app=unknown&serviceName=DEFAULT_GROUP%40%40GATEWAY-SERVER&encoding=UTF-8&namespaceId=public HTTP/1.1" 200 75 5 Nacos-Java-Client:v1.1.4
127.0.0.1 - - [22/Jun/2020:15:22:35 +0800] "PUT /nacos/v1/ns/instance/beat?beat=%7B%22cluster%22%3A%22DEFAULT%22%2C%22ip%22%3A%22192.168.8.184%22%2C%22metadata%22%3A%7B%22preserved.register.source%22%3A%22SPRING_CLOUD%22%7D%2C%22period%22%3A5000%2C%22port%22%3A10001%2C%22scheduled%22%3Afalse%2C%22serviceName%22%3A%22DEFAULT_GROUP%40%40GATEWAY-SERVER%22%2C%22stopped%22%3Afalse%2C%22weight%22%3A1.0%7D&app=unknown&serviceName=DEFAULT_GROUP%40%40GATEWAY-SERVER&encoding=UTF-8&namespaceId=public HTTP/1.1" 200 75 3 Nacos-Java-Client:v1.1.4
127.0.0.1 - - [22/Jun/2020:15:22:40 +0800] "PUT /nacos/v1/ns/instance/beat?beat=%7B%22cluster%22%3A%22DEFAULT%22%2C%22ip%22%3A%22192.168.8.184%22%2C%22metadata%22%3A%7B%22preserved.register.source%22%3A%22SPRING_CLOUD%22%7D%2C%22period%22%3A5000%2C%22port%22%3A10001%2C%22scheduled%22%3Afalse%2C%22serviceName%22%3A%22DEFAULT_GROUP%40%40GATEWAY-SERVER%22%2C%22stopped%22%3Afalse%2C%22weight%22%3A1.0%7D&app=unknown&serviceName=DEFAULT_GROUP%40%40GATEWAY-SERVER&encoding=UTF-8&namespaceId=public HTTP/1.1" 200 75 3 Nacos-Java-Client:v1.1.4
127.0.0.1 - - [22/Jun/2020:15:22:45 +0800] "PUT /nacos/v1/ns/instance/beat?beat=%7B%22cluster%22%3A%22DEFAULT%22%2C%22ip%22%3A%22192.168.8.184%22%2C%22metadata%22%3A%7B%22preserved.register.source%22%3A%22SPRING_CLOUD%22%7D%2C%22period%22%3A5000%2C%22port%22%3A10001%2C%22scheduled%22%3Afalse%2C%22serviceName%22%3A%22DEFAULT_GROUP%40%40GATEWAY-SERVER%22%2C%22stopped%22%3Afalse%2C%22weight%22%3A1.0%7D&app=unknown&serviceName=DEFAULT_GROUP%40%40GATEWAY-SERVER&encoding=UTF-8&namespaceId=public HTTP/1.1" 200 75 5 Nacos-Java-Client:v1.1.4
127.0.0.1 - - [22/Jun/2020:15:22:50 +0800] "PUT /nacos/v1/ns/instance/beat?beat=%7B%22cluster%22%3A%22DEFAULT%22%2C%22ip%22%3A%22192.168.8.184%22%2C%22metadata%22%3A%7B%22preserved.register.source%22%3A%22SPRING_CLOUD%22%7D%2C%22period%22%3A5000%2C%22port%22%3A10001%2C%22scheduled%22%3Afalse%2C%22serviceName%22%3A%22DEFAULT_GROUP%40%40GATEWAY-SERVER%22%2C%22stopped%22%3Afalse%2C%22weight%22%3A1.0%7D&app=unknown&serviceName=DEFAULT_GROUP%40%40GATEWAY-SERVER&encoding=UTF-8&namespaceId=public HTTP/1.1" 200 75 4 Nacos-Java-Client:v1.1.4
127.0.0.1 - - [22/Jun/2020:15:22:52 +0800] "POST /nacos/v1/cs/configs/listener HTTP/1.1" 200 - 29505 Java/1.8.0_91
127.0.0.1 - - [22/Jun/2020:15:22:55 +0800] "PUT /nacos/v1/ns/instance/beat?beat=%7B%22cluster%22%3A%22DEFAULT%22%2C%22ip%22%3A%22192.168.8.184%22%2C%22metadata%22%3A%7B%22preserved.register.source%22%3A%22SPRING_CLOUD%22%7D%2C%22period%22%3A5000%2C%22port%22%3A10001%2C%22scheduled%22%3Afalse%2C%22serviceName%22%3A%22DEFAULT_GROUP%40%40GATEWAY-SERVER%22%2C%22stopped%22%3Afalse%2C%22weight%22%3A1.0%7D&app=unknown&serviceName=DEFAULT_GROUP%40%40GATEWAY-SERVER&encoding=UTF-8&namespaceId=public HTTP/1.1" 200 75 8 Nacos-Java-Client:v1.1.4
127.0.0.1 - - [22/Jun/2020:15:23:00 +0800] "PUT /nacos/v1/ns/instance/beat?beat=%7B%22cluster%22%3A%22DEFAULT%22%2C%22ip%22%3A%22192.168.8.184%22%2C%22metadata%22%3A%7B%22preserved.register.source%22%3A%22SPRING_CLOUD%22%7D%2C%22period%22%3A5000%2C%22port%22%3A10001%2C%22scheduled%22%3Afalse%2C%22serviceName%22%3A%22DEFAULT_GROUP%40%40GATEWAY-SERVER%22%2C%22stopped%22%3Afalse%2C%22weight%22%3A1.0%7D&app=unknown&serviceName=DEFAULT_GROUP%40%40GATEWAY-SERVER&encoding=UTF-8&namespaceId=public HTTP/1.1" 200 75 8 Nacos-Java-Client:v1.1.4
127.0.0.1 - - [22/Jun/2020:15:23:05 +0800] "PUT /nacos/v1/ns/instance/beat?beat=%7B%22cluster%22%3A%22DEFAULT%22%2C%22ip%22%3A%22192.168.8.184%22%2C%22metadata%22%3A%7B%22preserved.register.source%22%3A%22SPRING_CLOUD%22%7D%2C%22period%22%3A5000%2C%22port%22%3A10001%2C%22scheduled%22%3Afalse%2C%22serviceName%22%3A%22DEFAULT_GROUP%40%40GATEWAY-SERVER%22%2C%22stopped%22%3Afalse%2C%22weight%22%3A1.0%7D&app=unknown&serviceName=DEFAULT_GROUP%40%40GATEWAY-SERVER&encoding=UTF-8&namespaceId=public HTTP/1.1" 200 75 9 Nacos-Java-Client:v1.1.4
127.0.0.1 - - [22/Jun/2020:15:23:10 +0800] "PUT /nacos/v1/ns/instance/beat?beat=%7B%22cluster%22%3A%22DEFAULT%22%2C%22ip%22%3A%22192.168.8.184%22%2C%22metadata%22%3A%7B%22preserved.register.source%22%3A%22SPRING_CLOUD%22%7D%2C%22period%22%3A5000%2C%22port%22%3A10001%2C%22scheduled%22%3Afalse%2C%22serviceName%22%3A%22DEFAULT_GROUP%40%40GATEWAY-SERVER%22%2C%22stopped%22%3Afalse%2C%22weight%22%3A1.0%7D&app=unknown&serviceName=DEFAULT_GROUP%40%40GATEWAY-SERVER&encoding=UTF-8&namespaceId=public HTTP/1.1" 200 75 4 Nacos-Java-Client:v1.1.4
127.0.0.1 - - [22/Jun/2020:15:23:15 +0800] "PUT /nacos/v1/ns/instance/beat?beat=%7B%22cluster%22%3A%22DEFAULT%22%2C%22ip%22%3A%22192.168.8.184%22%2C%22metadata%22%3A%7B%22preserved.register.source%22%3A%22SPRING_CLOUD%22%7D%2C%22period%22%3A5000%2C%22port%22%3A10001%2C%22scheduled%22%3Afalse%2C%22serviceName%22%3A%22DEFAULT_GROUP%40%40GATEWAY-SERVER%22%2C%22stopped%22%3Afalse%2C%22weight%22%3A1.0%7D&app=unknown&serviceName=DEFAULT_GROUP%40%40GATEWAY-SERVER&encoding=UTF-8&namespaceId=public HTTP/1.1" 200 75 8 Nacos-Java-Client:v1.1.4
127.0.0.1 - - [22/Jun/2020:15:23:20 +0800] "PUT /nacos/v1/ns/instance/beat?beat=%7B%22cluster%22%3A%22DEFAULT%22%2C%22ip%22%3A%22192.168.8.184%22%2C%22metadata%22%3A%7B%22preserved.register.source%22%3A%22SPRING_CLOUD%22%7D%2C%22period%22%3A5000%2C%22port%22%3A10001%2C%22scheduled%22%3Afalse%2C%22serviceName%22%3A%22DEFAULT_GROUP%40%40GATEWAY-SERVER%22%2C%22stopped%22%3Afalse%2C%22weight%22%3A1.0%7D&app=unknown&serviceName=DEFAULT_GROUP%40%40GATEWAY-SERVER&encoding=UTF-8&namespaceId=public HTTP/1.1" 200 75 8 Nacos-Java-Client:v1.1.4
127.0.0.1 - - [22/Jun/2020:15:23:22 +0800] "POST /nacos/v1/cs/configs/listener HTTP/1.1" 200 - 29504 Java/1.8.0_91
127.0.0.1 - - [22/Jun/2020:15:23:25 +0800] "PUT /nacos/v1/ns/instance/beat?beat=%7B%22cluster%22%3A%22DEFAULT%22%2C%22ip%22%3A%22192.168.8.184%22%2C%22metadata%22%3A%7B%22preserved.register.source%22%3A%22SPRING_CLOUD%22%7D%2C%22period%22%3A5000%2C%22port%22%3A10001%2C%22scheduled%22%3Afalse%2C%22serviceName%22%3A%22DEFAULT_GROUP%40%40GATEWAY-SERVER%22%2C%22stopped%22%3Afalse%2C%22weight%22%3A1.0%7D&app=unknown&serviceName=DEFAULT_GROUP%40%40GATEWAY-SERVER&encoding=UTF-8&namespaceId=public HTTP/1.1" 200 75 7 Nacos-Java-Client:v1.1.4
127.0.0.1 - - [22/Jun/2020:15:23:30 +0800] "PUT /nacos/v1/ns/instance/beat?beat=%7B%22cluster%22%3A%22DEFAULT%22%2C%22ip%22%3A%22192.168.8.184%22%2C%22metadata%22%3A%7B%22preserved.register.source%22%3A%22SPRING_CLOUD%22%7D%2C%22period%22%3A5000%2C%22port%22%3A10001%2C%22scheduled%22%3Afalse%2C%22serviceName%22%3A%22DEFAULT_GROUP%40%40GATEWAY-SERVER%22%2C%22stopped%22%3Afalse%2C%22weight%22%3A1.0%7D&app=unknown&serviceName=DEFAULT_GROUP%40%40GATEWAY-SERVER&encoding=UTF-8&namespaceId=public HTTP/1.1" 200 75 2 Nacos-Java-Client:v1.1.4
127.0.0.1 - - [22/Jun/2020:15:23:35 +0800] "PUT /nacos/v1/ns/instance/beat?beat=%7B%22cluster%22%3A%22DEFAULT%22%2C%22ip%22%3A%22192.168.8.184%22%2C%22metadata%22%3A%7B%22preserved.register.source%22%3A%22SPRING_CLOUD%22%7D%2C%22period%22%3A5000%2C%22port%22%3A10001%2C%22scheduled%22%3Afalse%2C%22serviceName%22%3A%22DEFAULT_GROUP%40%40GATEWAY-SERVER%22%2C%22stopped%22%3Afalse%2C%22weight%22%3A1.0%7D&app=unknown&serviceName=DEFAULT_GROUP%40%40GATEWAY-SERVER&encoding=UTF-8&namespaceId=public HTTP/1.1" 200 75 9 Nacos-Java-Client:v1.1.4
127.0.0.1 - - [22/Jun/2020:15:23:40 +0800] "PUT /nacos/v1/ns/instance/beat?beat=%7B%22cluster%22%3A%22DEFAULT%22%2C%22ip%22%3A%22192.168.8.184%22%2C%22metadata%22%3A%7B%22preserved.register.source%22%3A%22SPRING_CLOUD%22%7D%2C%22period%22%3A5000%2C%22port%22%3A10001%2C%22scheduled%22%3Afalse%2C%22serviceName%22%3A%22DEFAULT_GROUP%40%40GATEWAY-SERVER%22%2C%22stopped%22%3Afalse%2C%22weight%22%3A1.0%7D&app=unknown&serviceName=DEFAULT_GROUP%40%40GATEWAY-SERVER&encoding=UTF-8&namespaceId=public HTTP/1.1" 200 75 8 Nacos-Java-Client:v1.1.4
127.0.0.1 - - [22/Jun/2020:15:23:45 +0800] "PUT /nacos/v1/ns/instance/beat?beat=%7B%22cluster%22%3A%22DEFAULT%22%2C%22ip%22%3A%22192.168.8.184%22%2C%22metadata%22%3A%7B%22preserved.register.source%22%3A%22SPRING_CLOUD%22%7D%2C%22period%22%3A5000%2C%22port%22%3A10001%2C%22scheduled%22%3Afalse%2C%22serviceName%22%3A%22DEFAULT_GROUP%40%40GATEWAY-SERVER%22%2C%22stopped%22%3Afalse%2C%22weight%22%3A1.0%7D&app=unknown&serviceName=DEFAULT_GROUP%40%40GATEWAY-SERVER&encoding=UTF-8&namespaceId=public HTTP/1.1" 200 75 6 Nacos-Java-Client:v1.1.4
127.0.0.1 - - [22/Jun/2020:15:23:50 +0800] "PUT /nacos/v1/ns/instance/beat?beat=%7B%22cluster%22%3A%22DEFAULT%22%2C%22ip%22%3A%22192.168.8.184%22%2C%22metadata%22%3A%7B%22preserved.register.source%22%3A%22SPRING_CLOUD%22%7D%2C%22period%22%3A5000%2C%22port%22%3A10001%2C%22scheduled%22%3Afalse%2C%22serviceName%22%3A%22DEFAULT_GROUP%40%40GATEWAY-SERVER%22%2C%22stopped%22%3Afalse%2C%22weight%22%3A1.0%7D&app=unknown&serviceName=DEFAULT_GROUP%40%40GATEWAY-SERVER&encoding=UTF-8&namespaceId=public HTTP/1.1" 200 75 8 Nacos-Java-Client:v1.1.4
127.0.0.1 - - [22/Jun/2020:15:23:51 +0800] "POST /nacos/v1/cs/configs/listener HTTP/1.1" 200 - 29506 Java/1.8.0_91
127.0.0.1 - - [22/Jun/2020:15:23:55 +0800] "PUT /nacos/v1/ns/instance/beat?beat=%7B%22cluster%22%3A%22DEFAULT%22%2C%22ip%22%3A%22192.168.8.184%22%2C%22metadata%22%3A%7B%22preserved.register.source%22%3A%22SPRING_CLOUD%22%7D%2C%22period%22%3A5000%2C%22port%22%3A10001%2C%22scheduled%22%3Afalse%2C%22serviceName%22%3A%22DEFAULT_GROUP%40%40GATEWAY-SERVER%22%2C%22stopped%22%3Afalse%2C%22weight%22%3A1.0%7D&app=unknown&serviceName=DEFAULT_GROUP%40%40GATEWAY-SERVER&encoding=UTF-8&namespaceId=public HTTP/1.1" 200 75 8 Nacos-Java-Client:v1.1.4
127.0.0.1 - - [22/Jun/2020:15:24:00 +0800] "PUT /nacos/v1/ns/instance/beat?beat=%7B%22cluster%22%3A%22DEFAULT%22%2C%22ip%22%3A%22192.168.8.184%22%2C%22metadata%22%3A%7B%22preserved.register.source%22%3A%22SPRING_CLOUD%22%7D%2C%22period%22%3A5000%2C%22port%22%3A10001%2C%22scheduled%22%3Afalse%2C%22serviceName%22%3A%22DEFAULT_GROUP%40%40GATEWAY-SERVER%22%2C%22stopped%22%3Afalse%2C%22weight%22%3A1.0%7D&app=unknown&serviceName=DEFAULT_GROUP%40%40GATEWAY-SERVER&encoding=UTF-8&namespaceId=public HTTP/1.1" 200 75 7 Nacos-Java-Client:v1.1.4
127.0.0.1 - - [22/Jun/2020:15:24:05 +0800] "PUT /nacos/v1/ns/instance/beat?beat=%7B%22cluster%22%3A%22DEFAULT%22%2C%22ip%22%3A%22192.168.8.184%22%2C%22metadata%22%3A%7B%22preserved.register.source%22%3A%22SPRING_CLOUD%22%7D%2C%22period%22%3A5000%2C%22port%22%3A10001%2C%22scheduled%22%3Afalse%2C%22serviceName%22%3A%22DEFAULT_GROUP%40%40GATEWAY-SERVER%22%2C%22stopped%22%3Afalse%2C%22weight%22%3A1.0%7D&app=unknown&serviceName=DEFAULT_GROUP%40%40GATEWAY-SERVER&encoding=UTF-8&namespaceId=public HTTP/1.1" 200 75 5 Nacos-Java-Client:v1.1.4
127.0.0.1 - - [22/Jun/2020:15:24:10 +0800] "PUT /nacos/v1/ns/instance/beat?beat=%7B%22cluster%22%3A%22DEFAULT%22%2C%22ip%22%3A%22192.168.8.184%22%2C%22metadata%22%3A%7B%22preserved.register.source%22%3A%22SPRING_CLOUD%22%7D%2C%22period%22%3A5000%2C%22port%22%3A10001%2C%22scheduled%22%3Afalse%2C%22serviceName%22%3A%22DEFAULT_GROUP%40%40GATEWAY-SERVER%22%2C%22stopped%22%3Afalse%2C%22weight%22%3A1.0%7D&app=unknown&serviceName=DEFAULT_GROUP%40%40GATEWAY-SERVER&encoding=UTF-8&namespaceId=public HTTP/1.1" 200 75 8 Nacos-Java-Client:v1.1.4
127.0.0.1 - - [22/Jun/2020:15:24:15 +0800] "PUT /nacos/v1/ns/instance/beat?beat=%7B%22cluster%22%3A%22DEFAULT%22%2C%22ip%22%3A%22192.168.8.184%22%2C%22metadata%22%3A%7B%22preserved.register.source%22%3A%22SPRING_CLOUD%22%7D%2C%22period%22%3A5000%2C%22port%22%3A10001%2C%22scheduled%22%3Afalse%2C%22serviceName%22%3A%22DEFAULT_GROUP%40%40GATEWAY-SERVER%22%2C%22stopped%22%3Afalse%2C%22weight%22%3A1.0%7D&app=unknown&serviceName=DEFAULT_GROUP%40%40GATEWAY-SERVER&encoding=UTF-8&namespaceId=public HTTP/1.1" 200 75 7 Nacos-Java-Client:v1.1.4
127.0.0.1 - - [22/Jun/2020:15:24:20 +0800] "PUT /nacos/v1/ns/instance/beat?beat=%7B%22cluster%22%3A%22DEFAULT%22%2C%22ip%22%3A%22192.168.8.184%22%2C%22metadata%22%3A%7B%22preserved.register.source%22%3A%22SPRING_CLOUD%22%7D%2C%22period%22%3A5000%2C%22port%22%3A10001%2C%22scheduled%22%3Afalse%2C%22serviceName%22%3A%22DEFAULT_GROUP%40%40GATEWAY-SERVER%22%2C%22stopped%22%3Afalse%2C%22weight%22%3A1.0%7D&app=unknown&serviceName=DEFAULT_GROUP%40%40GATEWAY-SERVER&encoding=UTF-8&namespaceId=public HTTP/1.1" 200 75 7 Nacos-Java-Client:v1.1.4
127.0.0.1 - - [22/Jun/2020:15:24:21 +0800] "POST /nacos/v1/cs/configs/listener HTTP/1.1" 200 - 29507 Java/1.8.0_91
127.0.0.1 - - [22/Jun/2020:15:24:25 +0800] "PUT /nacos/v1/ns/instance/beat?beat=%7B%22cluster%22%3A%22DEFAULT%22%2C%22ip%22%3A%22192.168.8.184%22%2C%22metadata%22%3A%7B%22preserved.register.source%22%3A%22SPRING_CLOUD%22%7D%2C%22period%22%3A5000%2C%22port%22%3A10001%2C%22scheduled%22%3Afalse%2C%22serviceName%22%3A%22DEFAULT_GROUP%40%40GATEWAY-SERVER%22%2C%22stopped%22%3Afalse%2C%22weight%22%3A1.0%7D&app=unknown&serviceName=DEFAULT_GROUP%40%40GATEWAY-SERVER&encoding=UTF-8&namespaceId=public HTTP/1.1" 200 75 9 Nacos-Java-Client:v1.1.4
127.0.0.1 - - [22/Jun/2020:15:24:30 +0800] "PUT /nacos/v1/ns/instance/beat?beat=%7B%22cluster%22%3A%22DEFAULT%22%2C%22ip%22%3A%22192.168.8.184%22%2C%22metadata%22%3A%7B%22preserved.register.source%22%3A%22SPRING_CLOUD%22%7D%2C%22period%22%3A5000%2C%22port%22%3A10001%2C%22scheduled%22%3Afalse%2C%22serviceName%22%3A%22DEFAULT_GROUP%40%40GATEWAY-SERVER%22%2C%22stopped%22%3Afalse%2C%22weight%22%3A1.0%7D&app=unknown&serviceName=DEFAULT_GROUP%40%40GATEWAY-SERVER&encoding=UTF-8&namespaceId=public HTTP/1.1" 200 75 8 Nacos-Java-Client:v1.1.4
127.0.0.1 - - [22/Jun/2020:15:24:35 +0800] "PUT /nacos/v1/ns/instance/beat?beat=%7B%22cluster%22%3A%22DEFAULT%22%2C%22ip%22%3A%22192.168.8.184%22%2C%22metadata%22%3A%7B%22preserved.register.source%22%3A%22SPRING_CLOUD%22%7D%2C%22period%22%3A5000%2C%22port%22%3A10001%2C%22scheduled%22%3Afalse%2C%22serviceName%22%3A%22DEFAULT_GROUP%40%40GATEWAY-SERVER%22%2C%22stopped%22%3Afalse%2C%22weight%22%3A1.0%7D&app=unknown&serviceName=DEFAULT_GROUP%40%40GATEWAY-SERVER&encoding=UTF-8&namespaceId=public HTTP/1.1" 200 75 9 Nacos-Java-Client:v1.1.4
127.0.0.1 - - [22/Jun/2020:15:24:40 +0800] "PUT /nacos/v1/ns/instance/beat?beat=%7B%22cluster%22%3A%22DEFAULT%22%2C%22ip%22%3A%22192.168.8.184%22%2C%22metadata%22%3A%7B%22preserved.register.source%22%3A%22SPRING_CLOUD%22%7D%2C%22period%22%3A5000%2C%22port%22%3A10001%2C%22scheduled%22%3Afalse%2C%22serviceName%22%3A%22DEFAULT_GROUP%40%40GATEWAY-SERVER%22%2C%22stopped%22%3Afalse%2C%22weight%22%3A1.0%7D&app=unknown&serviceName=DEFAULT_GROUP%40%40GATEWAY-SERVER&encoding=UTF-8&namespaceId=public HTTP/1.1" 200 75 2 Nacos-Java-Client:v1.1.4
127.0.0.1 - - [22/Jun/2020:15:24:45 +0800] "PUT /nacos/v1/ns/instance/beat?beat=%7B%22cluster%22%3A%22DEFAULT%22%2C%22ip%22%3A%22192.168.8.184%22%2C%22metadata%22%3A%7B%22preserved.register.source%22%3A%22SPRING_CLOUD%22%7D%2C%22period%22%3A5000%2C%22port%22%3A10001%2C%22scheduled%22%3Afalse%2C%22serviceName%22%3A%22DEFAULT_GROUP%40%40GATEWAY-SERVER%22%2C%22stopped%22%3Afalse%2C%22weight%22%3A1.0%7D&app=unknown&serviceName=DEFAULT_GROUP%40%40GATEWAY-SERVER&encoding=UTF-8&namespaceId=public HTTP/1.1" 200 75 7 Nacos-Java-Client:v1.1.4
127.0.0.1 - - [22/Jun/2020:15:24:50 +0800] "PUT /nacos/v1/ns/instance/beat?beat=%7B%22cluster%22%3A%22DEFAULT%22%2C%22ip%22%3A%22192.168.8.184%22%2C%22metadata%22%3A%7B%22preserved.register.source%22%3A%22SPRING_CLOUD%22%7D%2C%22period%22%3A5000%2C%22port%22%3A10001%2C%22scheduled%22%3Afalse%2C%22serviceName%22%3A%22DEFAULT_GROUP%40%40GATEWAY-SERVER%22%2C%22stopped%22%3Afalse%2C%22weight%22%3A1.0%7D&app=unknown&serviceName=DEFAULT_GROUP%40%40GATEWAY-SERVER&encoding=UTF-8&namespaceId=public HTTP/1.1" 200 75 8 Nacos-Java-Client:v1.1.4
127.0.0.1 - - [22/Jun/2020:15:24:50 +0800] "POST /nacos/v1/cs/configs/listener HTTP/1.1" 200 - 29505 Java/1.8.0_91
127.0.0.1 - - [22/Jun/2020:15:24:55 +0800] "PUT /nacos/v1/ns/instance/beat?beat=%7B%22cluster%22%3A%22DEFAULT%22%2C%22ip%22%3A%22192.168.8.184%22%2C%22metadata%22%3A%7B%22preserved.register.source%22%3A%22SPRING_CLOUD%22%7D%2C%22period%22%3A5000%2C%22port%22%3A10001%2C%22scheduled%22%3Afalse%2C%22serviceName%22%3A%22DEFAULT_GROUP%40%40GATEWAY-SERVER%22%2C%22stopped%22%3Afalse%2C%22weight%22%3A1.0%7D&app=unknown&serviceName=DEFAULT_GROUP%40%40GATEWAY-SERVER&encoding=UTF-8&namespaceId=public HTTP/1.1" 200 75 7 Nacos-Java-Client:v1.1.4
127.0.0.1 - - [22/Jun/2020:15:25:00 +0800] "PUT /nacos/v1/ns/instance/beat?beat=%7B%22cluster%22%3A%22DEFAULT%22%2C%22ip%22%3A%22192.168.8.184%22%2C%22metadata%22%3A%7B%22preserved.register.source%22%3A%22SPRING_CLOUD%22%7D%2C%22period%22%3A5000%2C%22port%22%3A10001%2C%22scheduled%22%3Afalse%2C%22serviceName%22%3A%22DEFAULT_GROUP%40%40GATEWAY-SERVER%22%2C%22stopped%22%3Afalse%2C%22weight%22%3A1.0%7D&app=unknown&serviceName=DEFAULT_GROUP%40%40GATEWAY-SERVER&encoding=UTF-8&namespaceId=public HTTP/1.1" 200 75 7 Nacos-Java-Client:v1.1.4
127.0.0.1 - - [22/Jun/2020:15:25:05 +0800] "PUT /nacos/v1/ns/instance/beat?beat=%7B%22cluster%22%3A%22DEFAULT%22%2C%22ip%22%3A%22192.168.8.184%22%2C%22metadata%22%3A%7B%22preserved.register.source%22%3A%22SPRING_CLOUD%22%7D%2C%22period%22%3A5000%2C%22port%22%3A10001%2C%22scheduled%22%3Afalse%2C%22serviceName%22%3A%22DEFAULT_GROUP%40%40GATEWAY-SERVER%22%2C%22stopped%22%3Afalse%2C%22weight%22%3A1.0%7D&app=unknown&serviceName=DEFAULT_GROUP%40%40GATEWAY-SERVER&encoding=UTF-8&namespaceId=public HTTP/1.1" 200 75 7 Nacos-Java-Client:v1.1.4
127.0.0.1 - - [22/Jun/2020:15:25:10 +0800] "PUT /nacos/v1/ns/instance/beat?beat=%7B%22cluster%22%3A%22DEFAULT%22%2C%22ip%22%3A%22192.168.8.184%22%2C%22metadata%22%3A%7B%22preserved.register.source%22%3A%22SPRING_CLOUD%22%7D%2C%22period%22%3A5000%2C%22port%22%3A10001%2C%22scheduled%22%3Afalse%2C%22serviceName%22%3A%22DEFAULT_GROUP%40%40GATEWAY-SERVER%22%2C%22stopped%22%3Afalse%2C%22weight%22%3A1.0%7D&app=unknown&serviceName=DEFAULT_GROUP%40%40GATEWAY-SERVER&encoding=UTF-8&namespaceId=public HTTP/1.1" 200 75 6 Nacos-Java-Client:v1.1.4
127.0.0.1 - - [22/Jun/2020:15:25:15 +0800] "PUT /nacos/v1/ns/instance/beat?beat=%7B%22cluster%22%3A%22DEFAULT%22%2C%22ip%22%3A%22192.168.8.184%22%2C%22metadata%22%3A%7B%22preserved.register.source%22%3A%22SPRING_CLOUD%22%7D%2C%22period%22%3A5000%2C%22port%22%3A10001%2C%22scheduled%22%3Afalse%2C%22serviceName%22%3A%22DEFAULT_GROUP%40%40GATEWAY-SERVER%22%2C%22stopped%22%3Afalse%2C%22weight%22%3A1.0%7D&app=unknown&serviceName=DEFAULT_GROUP%40%40GATEWAY-SERVER&encoding=UTF-8&namespaceId=public HTTP/1.1" 200 75 25 Nacos-Java-Client:v1.1.4
127.0.0.1 - - [22/Jun/2020:15:25:20 +0800] "POST /nacos/v1/cs/configs/listener HTTP/1.1" 200 - 29507 Java/1.8.0_91
127.0.0.1 - - [22/Jun/2020:15:25:20 +0800] "PUT /nacos/v1/ns/instance/beat?beat=%7B%22cluster%22%3A%22DEFAULT%22%2C%22ip%22%3A%22192.168.8.184%22%2C%22metadata%22%3A%7B%22preserved.register.source%22%3A%22SPRING_CLOUD%22%7D%2C%22period%22%3A5000%2C%22port%22%3A10001%2C%22scheduled%22%3Afalse%2C%22serviceName%22%3A%22DEFAULT_GROUP%40%40GATEWAY-SERVER%22%2C%22stopped%22%3Afalse%2C%22weight%22%3A1.0%7D&app=unknown&serviceName=DEFAULT_GROUP%40%40GATEWAY-SERVER&encoding=UTF-8&namespaceId=public HTTP/1.1" 200 75 6 Nacos-Java-Client:v1.1.4
127.0.0.1 - - [22/Jun/2020:15:25:25 +0800] "PUT /nacos/v1/ns/instance/beat?beat=%7B%22cluster%22%3A%22DEFAULT%22%2C%22ip%22%3A%22192.168.8.184%22%2C%22metadata%22%3A%7B%22preserved.register.source%22%3A%22SPRING_CLOUD%22%7D%2C%22period%22%3A5000%2C%22port%22%3A10001%2C%22scheduled%22%3Afalse%2C%22serviceName%22%3A%22DEFAULT_GROUP%40%40GATEWAY-SERVER%22%2C%22stopped%22%3Afalse%2C%22weight%22%3A1.0%7D&app=unknown&serviceName=DEFAULT_GROUP%40%40GATEWAY-SERVER&encoding=UTF-8&namespaceId=public HTTP/1.1" 200 75 5 Nacos-Java-Client:v1.1.4
127.0.0.1 - - [22/Jun/2020:15:25:30 +0800] "PUT /nacos/v1/ns/instance/beat?beat=%7B%22cluster%22%3A%22DEFAULT%22%2C%22ip%22%3A%22192.168.8.184%22%2C%22metadata%22%3A%7B%22preserved.register.source%22%3A%22SPRING_CLOUD%22%7D%2C%22period%22%3A5000%2C%22port%22%3A10001%2C%22scheduled%22%3Afalse%2C%22serviceName%22%3A%22DEFAULT_GROUP%40%40GATEWAY-SERVER%22%2C%22stopped%22%3Afalse%2C%22weight%22%3A1.0%7D&app=unknown&serviceName=DEFAULT_GROUP%40%40GATEWAY-SERVER&encoding=UTF-8&namespaceId=public HTTP/1.1" 200 75 8 Nacos-Java-Client:v1.1.4
