127.0.0.1 - - [22/Jun/2020:14:43:38 +0800] "PUT /nacos/v1/ns/instance/beat?beat=%7B%22cluster%22%3A%22DEFAULT%22%2C%22ip%22%3A%22192.168.8.184%22%2C%22metadata%22%3A%7B%22preserved.register.source%22%3A%22SPRING_CLOUD%22%7D%2C%22period%22%3A5000%2C%22port%22%3A8080%2C%22scheduled%22%3Afalse%2C%22serviceName%22%3A%22DEFAULT_GROUP%40%40GATEWAY-SERVER%22%2C%22stopped%22%3Afalse%2C%22weight%22%3A1.0%7D&app=unknown&serviceName=DEFAULT_GROUP%40%40GATEWAY-SERVER&encoding=UTF-8&namespaceId=public HTTP/1.1" 200 75 2 Nacos-Java-Client:v1.1.4
127.0.0.1 - - [22/Jun/2020:14:43:43 +0800] "PUT /nacos/v1/ns/instance/beat?beat=%7B%22cluster%22%3A%22DEFAULT%22%2C%22ip%22%3A%22192.168.8.184%22%2C%22metadata%22%3A%7B%22preserved.register.source%22%3A%22SPRING_CLOUD%22%7D%2C%22period%22%3A5000%2C%22port%22%3A8080%2C%22scheduled%22%3Afalse%2C%22serviceName%22%3A%22DEFAULT_GROUP%40%40GATEWAY-SERVER%22%2C%22stopped%22%3Afalse%2C%22weight%22%3A1.0%7D&app=unknown&serviceName=DEFAULT_GROUP%40%40GATEWAY-SERVER&encoding=UTF-8&namespaceId=public HTTP/1.1" 200 75 3 Nacos-Java-Client:v1.1.4
127.0.0.1 - - [22/Jun/2020:14:43:48 +0800] "PUT /nacos/v1/ns/instance/beat?beat=%7B%22cluster%22%3A%22DEFAULT%22%2C%22ip%22%3A%22192.168.8.184%22%2C%22metadata%22%3A%7B%22preserved.register.source%22%3A%22SPRING_CLOUD%22%7D%2C%22period%22%3A5000%2C%22port%22%3A8080%2C%22scheduled%22%3Afalse%2C%22serviceName%22%3A%22DEFAULT_GROUP%40%40GATEWAY-SERVER%22%2C%22stopped%22%3Afalse%2C%22weight%22%3A1.0%7D&app=unknown&serviceName=DEFAULT_GROUP%40%40GATEWAY-SERVER&encoding=UTF-8&namespaceId=public HTTP/1.1" 200 75 2 Nacos-Java-Client:v1.1.4
127.0.0.1 - - [22/Jun/2020:14:43:53 +0800] "PUT /nacos/v1/ns/instance/beat?beat=%7B%22cluster%22%3A%22DEFAULT%22%2C%22ip%22%3A%22192.168.8.184%22%2C%22metadata%22%3A%7B%22preserved.register.source%22%3A%22SPRING_CLOUD%22%7D%2C%22period%22%3A5000%2C%22port%22%3A8080%2C%22scheduled%22%3Afalse%2C%22serviceName%22%3A%22DEFAULT_GROUP%40%40GATEWAY-SERVER%22%2C%22stopped%22%3Afalse%2C%22weight%22%3A1.0%7D&app=unknown&serviceName=DEFAULT_GROUP%40%40GATEWAY-SERVER&encoding=UTF-8&namespaceId=public HTTP/1.1" 200 75 2 Nacos-Java-Client:v1.1.4
127.0.0.1 - - [22/Jun/2020:14:43:58 +0800] "PUT /nacos/v1/ns/instance/beat?beat=%7B%22cluster%22%3A%22DEFAULT%22%2C%22ip%22%3A%22192.168.8.184%22%2C%22metadata%22%3A%7B%22preserved.register.source%22%3A%22SPRING_CLOUD%22%7D%2C%22period%22%3A5000%2C%22port%22%3A8080%2C%22scheduled%22%3Afalse%2C%22serviceName%22%3A%22DEFAULT_GROUP%40%40GATEWAY-SERVER%22%2C%22stopped%22%3Afalse%2C%22weight%22%3A1.0%7D&app=unknown&serviceName=DEFAULT_GROUP%40%40GATEWAY-SERVER&encoding=UTF-8&namespaceId=public HTTP/1.1" 200 75 5 Nacos-Java-Client:v1.1.4
127.0.0.1 - - [22/Jun/2020:14:44:03 +0800] "PUT /nacos/v1/ns/instance/beat?beat=%7B%22cluster%22%3A%22DEFAULT%22%2C%22ip%22%3A%22192.168.8.184%22%2C%22metadata%22%3A%7B%22preserved.register.source%22%3A%22SPRING_CLOUD%22%7D%2C%22period%22%3A5000%2C%22port%22%3A8080%2C%22scheduled%22%3Afalse%2C%22serviceName%22%3A%22DEFAULT_GROUP%40%40GATEWAY-SERVER%22%2C%22stopped%22%3Afalse%2C%22weight%22%3A1.0%7D&app=unknown&serviceName=DEFAULT_GROUP%40%40GATEWAY-SERVER&encoding=UTF-8&namespaceId=public HTTP/1.1" 200 75 1 Nacos-Java-Client:v1.1.4
127.0.0.1 - - [22/Jun/2020:14:44:06 +0800] "POST /nacos/v1/cs/configs/listener HTTP/1.1" 200 - 29505 Java/1.8.0_91
127.0.0.1 - - [22/Jun/2020:14:44:08 +0800] "PUT /nacos/v1/ns/instance/beat?beat=%7B%22cluster%22%3A%22DEFAULT%22%2C%22ip%22%3A%22192.168.8.184%22%2C%22metadata%22%3A%7B%22preserved.register.source%22%3A%22SPRING_CLOUD%22%7D%2C%22period%22%3A5000%2C%22port%22%3A8080%2C%22scheduled%22%3Afalse%2C%22serviceName%22%3A%22DEFAULT_GROUP%40%40GATEWAY-SERVER%22%2C%22stopped%22%3Afalse%2C%22weight%22%3A1.0%7D&app=unknown&serviceName=DEFAULT_GROUP%40%40GATEWAY-SERVER&encoding=UTF-8&namespaceId=public HTTP/1.1" 200 75 2 Nacos-Java-Client:v1.1.4
127.0.0.1 - - [22/Jun/2020:14:44:13 +0800] "PUT /nacos/v1/ns/instance/beat?beat=%7B%22cluster%22%3A%22DEFAULT%22%2C%22ip%22%3A%22192.168.8.184%22%2C%22metadata%22%3A%7B%22preserved.register.source%22%3A%22SPRING_CLOUD%22%7D%2C%22period%22%3A5000%2C%22port%22%3A8080%2C%22scheduled%22%3Afalse%2C%22serviceName%22%3A%22DEFAULT_GROUP%40%40GATEWAY-SERVER%22%2C%22stopped%22%3Afalse%2C%22weight%22%3A1.0%7D&app=unknown&serviceName=DEFAULT_GROUP%40%40GATEWAY-SERVER&encoding=UTF-8&namespaceId=public HTTP/1.1" 200 75 3 Nacos-Java-Client:v1.1.4
127.0.0.1 - - [22/Jun/2020:14:44:16 +0800] "DELETE /nacos/v1/ns/instance?app=unknown&namespaceId=public&port=8080&clusterName=DEFAULT&ip=192.168.8.184&ephemeral=true&serviceName=DEFAULT_GROUP%40%40GATEWAY-SERVER&encoding=UTF-8 HTTP/1.1" 200 2 3 Nacos-Java-Client:v1.1.4
127.0.0.1 - - [22/Jun/2020:14:44:21 +0800] "GET /nacos/v1/cs/configs?dataId=GATEWAY-SERVER&group=develop&tenant=GATEWAY-SERVER HTTP/1.1" 404 23 2 Java/1.8.0_91
127.0.0.1 - - [22/Jun/2020:14:44:21 +0800] "GET /nacos/v1/cs/configs?dataId=GATEWAY-SERVER.properties&group=develop&tenant=GATEWAY-SERVER HTTP/1.1" 404 23 1 Java/1.8.0_91
127.0.0.1 - - [22/Jun/2020:14:44:26 +0800] "POST /nacos/v1/ns/instance?app=unknown&metadata=%7B%22preserved.register.source%22%3A%22SPRING_CLOUD%22%7D&ip=192.168.8.184&weight=1.0&ephemeral=true&serviceName=DEFAULT_GROUP%40%40GATEWAY-SERVER&encoding=UTF-8&groupName=DEFAULT_GROUP&namespaceId=public&port=10001&enable=true&healthy=true&clusterName=DEFAULT HTTP/1.1" 200 2 2 Nacos-Java-Client:v1.1.4
127.0.0.1 - - [22/Jun/2020:14:44:26 +0800] "POST /nacos/v1/cs/configs/listener HTTP/1.1" 200 - 1 Java/1.8.0_91
127.0.0.1 - - [22/Jun/2020:14:44:31 +0800] "PUT /nacos/v1/ns/instance/beat?beat=%7B%22cluster%22%3A%22DEFAULT%22%2C%22ip%22%3A%22192.168.8.184%22%2C%22metadata%22%3A%7B%22preserved.register.source%22%3A%22SPRING_CLOUD%22%7D%2C%22period%22%3A5000%2C%22port%22%3A10001%2C%22scheduled%22%3Afalse%2C%22serviceName%22%3A%22DEFAULT_GROUP%40%40GATEWAY-SERVER%22%2C%22stopped%22%3Afalse%2C%22weight%22%3A1.0%7D&app=unknown&serviceName=DEFAULT_GROUP%40%40GATEWAY-SERVER&encoding=UTF-8&namespaceId=public HTTP/1.1" 200 75 4 Nacos-Java-Client:v1.1.4
0:0:0:0:0:0:0:1 - - [22/Jun/2020:14:44:31 +0800] "GET /nacos/index.html HTTP/1.1" 304 - 17 Mozilla/5.0 (Windows NT 10.0; WOW64) AppleWebKit/537.36 (KHTML, like Gecko) Chrome/72.0.3626.121 Safari/537.36
0:0:0:0:0:0:0:1 - - [22/Jun/2020:14:44:31 +0800] "GET /nacos/v1/console/namespaces?&accessToken=eyJhbGciOiJIUzI1NiJ9.eyJzdWIiOiJuYWNvcyIsImV4cCI6MTU5MjgyMzk1NX0.yajrss_LacCbOpuOBnTtsC-utezL1sNOe6Q6MtDLh4c&namespaceId=fb00e33b-00f2-415a-9cd7-70408bf45f05 HTTP/1.1" 200 257 4 Mozilla/5.0 (Windows NT 10.0; WOW64) AppleWebKit/537.36 (KHTML, like Gecko) Chrome/72.0.3626.121 Safari/537.36
0:0:0:0:0:0:0:1 - - [22/Jun/2020:14:44:32 +0800] "GET /nacos/console-fe/public/icons/icon-font.woff2 HTTP/1.1" 404 177 29 Mozilla/5.0 (Windows NT 10.0; WOW64) AppleWebKit/537.36 (KHTML, like Gecko) Chrome/72.0.3626.121 Safari/537.36
0:0:0:0:0:0:0:1 - - [22/Jun/2020:14:44:32 +0800] "GET /nacos/v1/console/server/state?accessToken=eyJhbGciOiJIUzI1NiJ9.eyJzdWIiOiJuYWNvcyIsImV4cCI6MTU5MjgyMzk1NX0.yajrss_LacCbOpuOBnTtsC-utezL1sNOe6Q6MtDLh4c HTTP/1.1" 200 82 3 Mozilla/5.0 (Windows NT 10.0; WOW64) AppleWebKit/537.36 (KHTML, like Gecko) Chrome/72.0.3626.121 Safari/537.36
0:0:0:0:0:0:0:1 - - [22/Jun/2020:14:44:32 +0800] "GET /nacos/v1/cs/configs?dataId=&group=&appName=&config_tags=&pageNo=1&pageSize=10&tenant=fb00e33b-00f2-415a-9cd7-70408bf45f05&search=accurate&accessToken=eyJhbGciOiJIUzI1NiJ9.eyJzdWIiOiJuYWNvcyIsImV4cCI6MTU5MjgyMzk1NX0.yajrss_LacCbOpuOBnTtsC-utezL1sNOe6Q6MtDLh4c HTTP/1.1" 200 2620 4 Mozilla/5.0 (Windows NT 10.0; WOW64) AppleWebKit/537.36 (KHTML, like Gecko) Chrome/72.0.3626.121 Safari/537.36
0:0:0:0:0:0:0:1 - - [22/Jun/2020:14:44:32 +0800] "GET /nacos/console-fe/public/img/favicon.ico HTTP/1.1" 200 4286 16 Mozilla/5.0 (Windows NT 10.0; WOW64) AppleWebKit/537.36 (KHTML, like Gecko) Chrome/72.0.3626.121 Safari/537.36
0:0:0:0:0:0:0:1 - - [22/Jun/2020:14:44:33 +0800] "GET /nacos/v1/ns/catalog/services?hasIpCount=true&withInstances=false&pageNo=1&pageSize=10&serviceNameParam=&groupNameParam=&accessToken=eyJhbGciOiJIUzI1NiJ9.eyJzdWIiOiJuYWNvcyIsImV4cCI6MTU5MjgyMzk1NX0.yajrss_LacCbOpuOBnTtsC-utezL1sNOe6Q6MtDLh4c&namespaceId=fb00e33b-00f2-415a-9cd7-70408bf45f05 HTTP/1.1" 200 39 4 Mozilla/5.0 (Windows NT 10.0; WOW64) AppleWebKit/537.36 (KHTML, like Gecko) Chrome/72.0.3626.121 Safari/537.36
0:0:0:0:0:0:0:1 - - [22/Jun/2020:14:44:34 +0800] "GET /nacos/index.html HTTP/1.1" 304 - 16 Mozilla/5.0 (Windows NT 10.0; WOW64) AppleWebKit/537.36 (KHTML, like Gecko) Chrome/72.0.3626.121 Safari/537.36
0:0:0:0:0:0:0:1 - - [22/Jun/2020:14:44:34 +0800] "GET /nacos/v1/console/namespaces?&accessToken=eyJhbGciOiJIUzI1NiJ9.eyJzdWIiOiJuYWNvcyIsImV4cCI6MTU5MjgyMzk1NX0.yajrss_LacCbOpuOBnTtsC-utezL1sNOe6Q6MtDLh4c&namespaceId=fb00e33b-00f2-415a-9cd7-70408bf45f05 HTTP/1.1" 200 257 3 Mozilla/5.0 (Windows NT 10.0; WOW64) AppleWebKit/537.36 (KHTML, like Gecko) Chrome/72.0.3626.121 Safari/537.36
0:0:0:0:0:0:0:1 - - [22/Jun/2020:14:44:34 +0800] "GET /nacos/console-fe/public/icons/icon-font.woff2 HTTP/1.1" 404 177 36 Mozilla/5.0 (Windows NT 10.0; WOW64) AppleWebKit/537.36 (KHTML, like Gecko) Chrome/72.0.3626.121 Safari/537.36
0:0:0:0:0:0:0:1 - - [22/Jun/2020:14:44:34 +0800] "GET /nacos/v1/console/server/state?accessToken=eyJhbGciOiJIUzI1NiJ9.eyJzdWIiOiJuYWNvcyIsImV4cCI6MTU5MjgyMzk1NX0.yajrss_LacCbOpuOBnTtsC-utezL1sNOe6Q6MtDLh4c HTTP/1.1" 200 82 11 Mozilla/5.0 (Windows NT 10.0; WOW64) AppleWebKit/537.36 (KHTML, like Gecko) Chrome/72.0.3626.121 Safari/537.36
0:0:0:0:0:0:0:1 - - [22/Jun/2020:14:44:34 +0800] "GET /nacos/v1/ns/catalog/services?hasIpCount=true&withInstances=false&pageNo=1&pageSize=10&serviceNameParam=&groupNameParam=&accessToken=eyJhbGciOiJIUzI1NiJ9.eyJzdWIiOiJuYWNvcyIsImV4cCI6MTU5MjgyMzk1NX0.yajrss_LacCbOpuOBnTtsC-utezL1sNOe6Q6MtDLh4c&namespaceId=fb00e33b-00f2-415a-9cd7-70408bf45f05 HTTP/1.1" 200 39 3 Mozilla/5.0 (Windows NT 10.0; WOW64) AppleWebKit/537.36 (KHTML, like Gecko) Chrome/72.0.3626.121 Safari/537.36
0:0:0:0:0:0:0:1 - - [22/Jun/2020:14:44:35 +0800] "GET /nacos/console-fe/public/img/favicon.ico HTTP/1.1" 200 4286 15 Mozilla/5.0 (Windows NT 10.0; WOW64) AppleWebKit/537.36 (KHTML, like Gecko) Chrome/72.0.3626.121 Safari/537.36
0:0:0:0:0:0:0:1 - - [22/Jun/2020:14:44:35 +0800] "GET /nacos/index.html HTTP/1.1" 304 - 15 Mozilla/5.0 (Windows NT 10.0; WOW64) AppleWebKit/537.36 (KHTML, like Gecko) Chrome/72.0.3626.121 Safari/537.36
0:0:0:0:0:0:0:1 - - [22/Jun/2020:14:44:35 +0800] "GET /nacos/v1/console/namespaces?&accessToken=eyJhbGciOiJIUzI1NiJ9.eyJzdWIiOiJuYWNvcyIsImV4cCI6MTU5MjgyMzk1NX0.yajrss_LacCbOpuOBnTtsC-utezL1sNOe6Q6MtDLh4c&namespaceId=fb00e33b-00f2-415a-9cd7-70408bf45f05 HTTP/1.1" 200 257 3 Mozilla/5.0 (Windows NT 10.0; WOW64) AppleWebKit/537.36 (KHTML, like Gecko) Chrome/72.0.3626.121 Safari/537.36
0:0:0:0:0:0:0:1 - - [22/Jun/2020:14:44:35 +0800] "GET /nacos/v1/console/server/state?accessToken=eyJhbGciOiJIUzI1NiJ9.eyJzdWIiOiJuYWNvcyIsImV4cCI6MTU5MjgyMzk1NX0.yajrss_LacCbOpuOBnTtsC-utezL1sNOe6Q6MtDLh4c HTTP/1.1" 200 82 1 Mozilla/5.0 (Windows NT 10.0; WOW64) AppleWebKit/537.36 (KHTML, like Gecko) Chrome/72.0.3626.121 Safari/537.36
0:0:0:0:0:0:0:1 - - [22/Jun/2020:14:44:35 +0800] "GET /nacos/console-fe/public/icons/icon-font.woff2 HTTP/1.1" 404 177 29 Mozilla/5.0 (Windows NT 10.0; WOW64) AppleWebKit/537.36 (KHTML, like Gecko) Chrome/72.0.3626.121 Safari/537.36
0:0:0:0:0:0:0:1 - - [22/Jun/2020:14:44:35 +0800] "GET /nacos/v1/ns/catalog/services?hasIpCount=true&withInstances=false&pageNo=1&pageSize=10&serviceNameParam=&groupNameParam=&accessToken=eyJhbGciOiJIUzI1NiJ9.eyJzdWIiOiJuYWNvcyIsImV4cCI6MTU5MjgyMzk1NX0.yajrss_LacCbOpuOBnTtsC-utezL1sNOe6Q6MtDLh4c&namespaceId=fb00e33b-00f2-415a-9cd7-70408bf45f05 HTTP/1.1" 200 39 3 Mozilla/5.0 (Windows NT 10.0; WOW64) AppleWebKit/537.36 (KHTML, like Gecko) Chrome/72.0.3626.121 Safari/537.36
0:0:0:0:0:0:0:1 - - [22/Jun/2020:14:44:35 +0800] "GET /nacos/console-fe/public/img/favicon.ico HTTP/1.1" 200 4286 14 Mozilla/5.0 (Windows NT 10.0; WOW64) AppleWebKit/537.36 (KHTML, like Gecko) Chrome/72.0.3626.121 Safari/537.36
127.0.0.1 - - [22/Jun/2020:14:44:36 +0800] "PUT /nacos/v1/ns/instance/beat?beat=%7B%22cluster%22%3A%22DEFAULT%22%2C%22ip%22%3A%22192.168.8.184%22%2C%22metadata%22%3A%7B%22preserved.register.source%22%3A%22SPRING_CLOUD%22%7D%2C%22period%22%3A5000%2C%22port%22%3A10001%2C%22scheduled%22%3Afalse%2C%22serviceName%22%3A%22DEFAULT_GROUP%40%40GATEWAY-SERVER%22%2C%22stopped%22%3Afalse%2C%22weight%22%3A1.0%7D&app=unknown&serviceName=DEFAULT_GROUP%40%40GATEWAY-SERVER&encoding=UTF-8&namespaceId=public HTTP/1.1" 200 75 6 Nacos-Java-Client:v1.1.4
127.0.0.1 - - [22/Jun/2020:14:44:36 +0800] "POST /nacos/v1/cs/configs/listener HTTP/1.1" 500 - 29502 Java/1.8.0_91
0:0:0:0:0:0:0:1 - - [22/Jun/2020:14:44:36 +0800] "GET /nacos/index.html HTTP/1.1" 304 - 14 Mozilla/5.0 (Windows NT 10.0; WOW64) AppleWebKit/537.36 (KHTML, like Gecko) Chrome/72.0.3626.121 Safari/537.36
0:0:0:0:0:0:0:1 - - [22/Jun/2020:14:44:36 +0800] "GET /nacos/v1/console/namespaces?&accessToken=eyJhbGciOiJIUzI1NiJ9.eyJzdWIiOiJuYWNvcyIsImV4cCI6MTU5MjgyMzk1NX0.yajrss_LacCbOpuOBnTtsC-utezL1sNOe6Q6MtDLh4c&namespaceId=fb00e33b-00f2-415a-9cd7-70408bf45f05 HTTP/1.1" 200 257 1 Mozilla/5.0 (Windows NT 10.0; WOW64) AppleWebKit/537.36 (KHTML, like Gecko) Chrome/72.0.3626.121 Safari/537.36
0:0:0:0:0:0:0:1 - - [22/Jun/2020:14:44:36 +0800] "GET /nacos/v1/console/server/state?accessToken=eyJhbGciOiJIUzI1NiJ9.eyJzdWIiOiJuYWNvcyIsImV4cCI6MTU5MjgyMzk1NX0.yajrss_LacCbOpuOBnTtsC-utezL1sNOe6Q6MtDLh4c HTTP/1.1" 200 82 2 Mozilla/5.0 (Windows NT 10.0; WOW64) AppleWebKit/537.36 (KHTML, like Gecko) Chrome/72.0.3626.121 Safari/537.36
0:0:0:0:0:0:0:1 - - [22/Jun/2020:14:44:36 +0800] "GET /nacos/console-fe/public/icons/icon-font.woff2 HTTP/1.1" 404 177 28 Mozilla/5.0 (Windows NT 10.0; WOW64) AppleWebKit/537.36 (KHTML, like Gecko) Chrome/72.0.3626.121 Safari/537.36
0:0:0:0:0:0:0:1 - - [22/Jun/2020:14:44:36 +0800] "GET /nacos/v1/ns/catalog/services?hasIpCount=true&withInstances=false&pageNo=1&pageSize=10&serviceNameParam=&groupNameParam=&accessToken=eyJhbGciOiJIUzI1NiJ9.eyJzdWIiOiJuYWNvcyIsImV4cCI6MTU5MjgyMzk1NX0.yajrss_LacCbOpuOBnTtsC-utezL1sNOe6Q6MtDLh4c&namespaceId=fb00e33b-00f2-415a-9cd7-70408bf45f05 HTTP/1.1" 200 39 3 Mozilla/5.0 (Windows NT 10.0; WOW64) AppleWebKit/537.36 (KHTML, like Gecko) Chrome/72.0.3626.121 Safari/537.36
0:0:0:0:0:0:0:1 - - [22/Jun/2020:14:44:36 +0800] "GET /nacos/console-fe/public/img/favicon.ico HTTP/1.1" 200 4286 14 Mozilla/5.0 (Windows NT 10.0; WOW64) AppleWebKit/537.36 (KHTML, like Gecko) Chrome/72.0.3626.121 Safari/537.36
0:0:0:0:0:0:0:1 - - [22/Jun/2020:14:44:38 +0800] "GET /nacos/v1/ns/catalog/services?hasIpCount=false&withInstances=false&pageNo=1&pageSize=10&serviceNameParam=&groupNameParam=&accessToken=eyJhbGciOiJIUzI1NiJ9.eyJzdWIiOiJuYWNvcyIsImV4cCI6MTU5MjgyMzk1NX0.yajrss_LacCbOpuOBnTtsC-utezL1sNOe6Q6MtDLh4c&namespaceId=fb00e33b-00f2-415a-9cd7-70408bf45f05 HTTP/1.1" 200 39 3 Mozilla/5.0 (Windows NT 10.0; WOW64) AppleWebKit/537.36 (KHTML, like Gecko) Chrome/72.0.3626.121 Safari/537.36
0:0:0:0:0:0:0:1 - - [22/Jun/2020:14:44:38 +0800] "GET /nacos/v1/ns/catalog/services?hasIpCount=false&withInstances=false&pageNo=1&pageSize=10&serviceNameParam=&groupNameParam=&accessToken=eyJhbGciOiJIUzI1NiJ9.eyJzdWIiOiJuYWNvcyIsImV4cCI6MTU5MjgyMzk1NX0.yajrss_LacCbOpuOBnTtsC-utezL1sNOe6Q6MtDLh4c&namespaceId=fb00e33b-00f2-415a-9cd7-70408bf45f05 HTTP/1.1" 200 39 2 Mozilla/5.0 (Windows NT 10.0; WOW64) AppleWebKit/537.36 (KHTML, like Gecko) Chrome/72.0.3626.121 Safari/537.36
0:0:0:0:0:0:0:1 - - [22/Jun/2020:14:44:39 +0800] "GET /nacos/v1/ns/catalog/services?hasIpCount=false&withInstances=false&pageNo=1&pageSize=10&serviceNameParam=&groupNameParam=&accessToken=eyJhbGciOiJIUzI1NiJ9.eyJzdWIiOiJuYWNvcyIsImV4cCI6MTU5MjgyMzk1NX0.yajrss_LacCbOpuOBnTtsC-utezL1sNOe6Q6MtDLh4c&namespaceId=fb00e33b-00f2-415a-9cd7-70408bf45f05 HTTP/1.1" 200 39 2 Mozilla/5.0 (Windows NT 10.0; WOW64) AppleWebKit/537.36 (KHTML, like Gecko) Chrome/72.0.3626.121 Safari/537.36
0:0:0:0:0:0:0:1 - - [22/Jun/2020:14:44:40 +0800] "GET /nacos/index.html HTTP/1.1" 304 - 15 Mozilla/5.0 (Windows NT 10.0; WOW64) AppleWebKit/537.36 (KHTML, like Gecko) Chrome/72.0.3626.121 Safari/537.36
0:0:0:0:0:0:0:1 - - [22/Jun/2020:14:44:40 +0800] "GET /nacos/v1/console/namespaces?&accessToken=eyJhbGciOiJIUzI1NiJ9.eyJzdWIiOiJuYWNvcyIsImV4cCI6MTU5MjgyMzk1NX0.yajrss_LacCbOpuOBnTtsC-utezL1sNOe6Q6MtDLh4c&namespaceId=fb00e33b-00f2-415a-9cd7-70408bf45f05 HTTP/1.1" 200 257 4 Mozilla/5.0 (Windows NT 10.0; WOW64) AppleWebKit/537.36 (KHTML, like Gecko) Chrome/72.0.3626.121 Safari/537.36
0:0:0:0:0:0:0:1 - - [22/Jun/2020:14:44:40 +0800] "GET /nacos/v1/console/server/state?accessToken=eyJhbGciOiJIUzI1NiJ9.eyJzdWIiOiJuYWNvcyIsImV4cCI6MTU5MjgyMzk1NX0.yajrss_LacCbOpuOBnTtsC-utezL1sNOe6Q6MtDLh4c HTTP/1.1" 200 82 2 Mozilla/5.0 (Windows NT 10.0; WOW64) AppleWebKit/537.36 (KHTML, like Gecko) Chrome/72.0.3626.121 Safari/537.36
0:0:0:0:0:0:0:1 - - [22/Jun/2020:14:44:40 +0800] "GET /nacos/console-fe/public/icons/icon-font.woff2 HTTP/1.1" 404 177 29 Mozilla/5.0 (Windows NT 10.0; WOW64) AppleWebKit/537.36 (KHTML, like Gecko) Chrome/72.0.3626.121 Safari/537.36
0:0:0:0:0:0:0:1 - - [22/Jun/2020:14:44:40 +0800] "GET /nacos/v1/ns/catalog/services?hasIpCount=false&withInstances=false&pageNo=1&pageSize=10&serviceNameParam=&groupNameParam=&accessToken=eyJhbGciOiJIUzI1NiJ9.eyJzdWIiOiJuYWNvcyIsImV4cCI6MTU5MjgyMzk1NX0.yajrss_LacCbOpuOBnTtsC-utezL1sNOe6Q6MtDLh4c&namespaceId=fb00e33b-00f2-415a-9cd7-70408bf45f05 HTTP/1.1" 200 39 2 Mozilla/5.0 (Windows NT 10.0; WOW64) AppleWebKit/537.36 (KHTML, like Gecko) Chrome/72.0.3626.121 Safari/537.36
0:0:0:0:0:0:0:1 - - [22/Jun/2020:14:44:40 +0800] "GET /nacos/console-fe/public/img/favicon.ico HTTP/1.1" 200 4286 20 Mozilla/5.0 (Windows NT 10.0; WOW64) AppleWebKit/537.36 (KHTML, like Gecko) Chrome/72.0.3626.121 Safari/537.36
127.0.0.1 - - [22/Jun/2020:14:44:41 +0800] "PUT /nacos/v1/ns/instance/beat?beat=%7B%22cluster%22%3A%22DEFAULT%22%2C%22ip%22%3A%22192.168.8.184%22%2C%22metadata%22%3A%7B%22preserved.register.source%22%3A%22SPRING_CLOUD%22%7D%2C%22period%22%3A5000%2C%22port%22%3A10001%2C%22scheduled%22%3Afalse%2C%22serviceName%22%3A%22DEFAULT_GROUP%40%40GATEWAY-SERVER%22%2C%22stopped%22%3Afalse%2C%22weight%22%3A1.0%7D&app=unknown&serviceName=DEFAULT_GROUP%40%40GATEWAY-SERVER&encoding=UTF-8&namespaceId=public HTTP/1.1" 200 75 2 Nacos-Java-Client:v1.1.4
0:0:0:0:0:0:0:1 - - [22/Jun/2020:14:44:41 +0800] "GET /nacos/v1/ns/catalog/services?hasIpCount=true&withInstances=false&pageNo=1&pageSize=10&serviceNameParam=&groupNameParam=&accessToken=eyJhbGciOiJIUzI1NiJ9.eyJzdWIiOiJuYWNvcyIsImV4cCI6MTU5MjgyMzk1NX0.yajrss_LacCbOpuOBnTtsC-utezL1sNOe6Q6MtDLh4c&namespaceId=fb00e33b-00f2-415a-9cd7-70408bf45f05 HTTP/1.1" 200 39 3 Mozilla/5.0 (Windows NT 10.0; WOW64) AppleWebKit/537.36 (KHTML, like Gecko) Chrome/72.0.3626.121 Safari/537.36
0:0:0:0:0:0:0:1 - - [22/Jun/2020:14:44:43 +0800] "GET /nacos/index.html HTTP/1.1" 304 - 16 Mozilla/5.0 (Windows NT 10.0; WOW64) AppleWebKit/537.36 (KHTML, like Gecko) Chrome/72.0.3626.121 Safari/537.36
0:0:0:0:0:0:0:1 - - [22/Jun/2020:14:44:43 +0800] "GET /nacos/v1/console/namespaces?&accessToken=eyJhbGciOiJIUzI1NiJ9.eyJzdWIiOiJuYWNvcyIsImV4cCI6MTU5MjgyMzk1NX0.yajrss_LacCbOpuOBnTtsC-utezL1sNOe6Q6MtDLh4c&namespaceId=fb00e33b-00f2-415a-9cd7-70408bf45f05 HTTP/1.1" 200 257 2 Mozilla/5.0 (Windows NT 10.0; WOW64) AppleWebKit/537.36 (KHTML, like Gecko) Chrome/72.0.3626.121 Safari/537.36
0:0:0:0:0:0:0:1 - - [22/Jun/2020:14:44:43 +0800] "GET /nacos/v1/console/server/state?accessToken=eyJhbGciOiJIUzI1NiJ9.eyJzdWIiOiJuYWNvcyIsImV4cCI6MTU5MjgyMzk1NX0.yajrss_LacCbOpuOBnTtsC-utezL1sNOe6Q6MtDLh4c HTTP/1.1" 200 82 2 Mozilla/5.0 (Windows NT 10.0; WOW64) AppleWebKit/537.36 (KHTML, like Gecko) Chrome/72.0.3626.121 Safari/537.36
0:0:0:0:0:0:0:1 - - [22/Jun/2020:14:44:43 +0800] "GET /nacos/console-fe/public/icons/icon-font.woff2 HTTP/1.1" 404 177 28 Mozilla/5.0 (Windows NT 10.0; WOW64) AppleWebKit/537.36 (KHTML, like Gecko) Chrome/72.0.3626.121 Safari/537.36
0:0:0:0:0:0:0:1 - - [22/Jun/2020:14:44:43 +0800] "GET /nacos/v1/ns/catalog/services?hasIpCount=true&withInstances=false&pageNo=1&pageSize=10&serviceNameParam=&groupNameParam=&accessToken=eyJhbGciOiJIUzI1NiJ9.eyJzdWIiOiJuYWNvcyIsImV4cCI6MTU5MjgyMzk1NX0.yajrss_LacCbOpuOBnTtsC-utezL1sNOe6Q6MtDLh4c&namespaceId=fb00e33b-00f2-415a-9cd7-70408bf45f05 HTTP/1.1" 200 39 3 Mozilla/5.0 (Windows NT 10.0; WOW64) AppleWebKit/537.36 (KHTML, like Gecko) Chrome/72.0.3626.121 Safari/537.36
0:0:0:0:0:0:0:1 - - [22/Jun/2020:14:44:43 +0800] "GET /nacos/console-fe/public/img/favicon.ico HTTP/1.1" 200 4286 14 Mozilla/5.0 (Windows NT 10.0; WOW64) AppleWebKit/537.36 (KHTML, like Gecko) Chrome/72.0.3626.121 Safari/537.36
127.0.0.1 - - [22/Jun/2020:14:44:46 +0800] "PUT /nacos/v1/ns/instance/beat?beat=%7B%22cluster%22%3A%22DEFAULT%22%2C%22ip%22%3A%22192.168.8.184%22%2C%22metadata%22%3A%7B%22preserved.register.source%22%3A%22SPRING_CLOUD%22%7D%2C%22period%22%3A5000%2C%22port%22%3A10001%2C%22scheduled%22%3Afalse%2C%22serviceName%22%3A%22DEFAULT_GROUP%40%40GATEWAY-SERVER%22%2C%22stopped%22%3Afalse%2C%22weight%22%3A1.0%7D&app=unknown&serviceName=DEFAULT_GROUP%40%40GATEWAY-SERVER&encoding=UTF-8&namespaceId=public HTTP/1.1" 200 75 3 Nacos-Java-Client:v1.1.4
127.0.0.1 - - [22/Jun/2020:14:44:51 +0800] "PUT /nacos/v1/ns/instance/beat?beat=%7B%22cluster%22%3A%22DEFAULT%22%2C%22ip%22%3A%22192.168.8.184%22%2C%22metadata%22%3A%7B%22preserved.register.source%22%3A%22SPRING_CLOUD%22%7D%2C%22period%22%3A5000%2C%22port%22%3A10001%2C%22scheduled%22%3Afalse%2C%22serviceName%22%3A%22DEFAULT_GROUP%40%40GATEWAY-SERVER%22%2C%22stopped%22%3Afalse%2C%22weight%22%3A1.0%7D&app=unknown&serviceName=DEFAULT_GROUP%40%40GATEWAY-SERVER&encoding=UTF-8&namespaceId=public HTTP/1.1" 200 75 2 Nacos-Java-Client:v1.1.4
127.0.0.1 - - [22/Jun/2020:14:44:55 +0800] "POST /nacos/v1/cs/configs/listener HTTP/1.1" 200 - 29502 Java/1.8.0_91
127.0.0.1 - - [22/Jun/2020:14:44:56 +0800] "PUT /nacos/v1/ns/instance/beat?beat=%7B%22cluster%22%3A%22DEFAULT%22%2C%22ip%22%3A%22192.168.8.184%22%2C%22metadata%22%3A%7B%22preserved.register.source%22%3A%22SPRING_CLOUD%22%7D%2C%22period%22%3A5000%2C%22port%22%3A10001%2C%22scheduled%22%3Afalse%2C%22serviceName%22%3A%22DEFAULT_GROUP%40%40GATEWAY-SERVER%22%2C%22stopped%22%3Afalse%2C%22weight%22%3A1.0%7D&app=unknown&serviceName=DEFAULT_GROUP%40%40GATEWAY-SERVER&encoding=UTF-8&namespaceId=public HTTP/1.1" 200 75 3 Nacos-Java-Client:v1.1.4
127.0.0.1 - - [22/Jun/2020:14:45:01 +0800] "PUT /nacos/v1/ns/instance/beat?beat=%7B%22cluster%22%3A%22DEFAULT%22%2C%22ip%22%3A%22192.168.8.184%22%2C%22metadata%22%3A%7B%22preserved.register.source%22%3A%22SPRING_CLOUD%22%7D%2C%22period%22%3A5000%2C%22port%22%3A10001%2C%22scheduled%22%3Afalse%2C%22serviceName%22%3A%22DEFAULT_GROUP%40%40GATEWAY-SERVER%22%2C%22stopped%22%3Afalse%2C%22weight%22%3A1.0%7D&app=unknown&serviceName=DEFAULT_GROUP%40%40GATEWAY-SERVER&encoding=UTF-8&namespaceId=public HTTP/1.1" 200 75 3 Nacos-Java-Client:v1.1.4
127.0.0.1 - - [22/Jun/2020:14:45:06 +0800] "PUT /nacos/v1/ns/instance/beat?beat=%7B%22cluster%22%3A%22DEFAULT%22%2C%22ip%22%3A%22192.168.8.184%22%2C%22metadata%22%3A%7B%22preserved.register.source%22%3A%22SPRING_CLOUD%22%7D%2C%22period%22%3A5000%2C%22port%22%3A10001%2C%22scheduled%22%3Afalse%2C%22serviceName%22%3A%22DEFAULT_GROUP%40%40GATEWAY-SERVER%22%2C%22stopped%22%3Afalse%2C%22weight%22%3A1.0%7D&app=unknown&serviceName=DEFAULT_GROUP%40%40GATEWAY-SERVER&encoding=UTF-8&namespaceId=public HTTP/1.1" 200 75 6 Nacos-Java-Client:v1.1.4
127.0.0.1 - - [22/Jun/2020:14:45:11 +0800] "PUT /nacos/v1/ns/instance/beat?beat=%7B%22cluster%22%3A%22DEFAULT%22%2C%22ip%22%3A%22192.168.8.184%22%2C%22metadata%22%3A%7B%22preserved.register.source%22%3A%22SPRING_CLOUD%22%7D%2C%22period%22%3A5000%2C%22port%22%3A10001%2C%22scheduled%22%3Afalse%2C%22serviceName%22%3A%22DEFAULT_GROUP%40%40GATEWAY-SERVER%22%2C%22stopped%22%3Afalse%2C%22weight%22%3A1.0%7D&app=unknown&serviceName=DEFAULT_GROUP%40%40GATEWAY-SERVER&encoding=UTF-8&namespaceId=public HTTP/1.1" 200 75 2 Nacos-Java-Client:v1.1.4
0:0:0:0:0:0:0:1 - - [22/Jun/2020:14:45:14 +0800] "GET /nacos/index.html HTTP/1.1" 304 - 17 Mozilla/5.0 (Windows NT 10.0; WOW64) AppleWebKit/537.36 (KHTML, like Gecko) Chrome/72.0.3626.121 Safari/537.36
0:0:0:0:0:0:0:1 - - [22/Jun/2020:14:45:14 +0800] "GET /nacos/v1/console/namespaces?&accessToken=eyJhbGciOiJIUzI1NiJ9.eyJzdWIiOiJuYWNvcyIsImV4cCI6MTU5MjgyMzk1NX0.yajrss_LacCbOpuOBnTtsC-utezL1sNOe6Q6MtDLh4c&namespaceId=fb00e33b-00f2-415a-9cd7-70408bf45f05 HTTP/1.1" 200 257 4 Mozilla/5.0 (Windows NT 10.0; WOW64) AppleWebKit/537.36 (KHTML, like Gecko) Chrome/72.0.3626.121 Safari/537.36
0:0:0:0:0:0:0:1 - - [22/Jun/2020:14:45:14 +0800] "GET /nacos/v1/console/server/state?accessToken=eyJhbGciOiJIUzI1NiJ9.eyJzdWIiOiJuYWNvcyIsImV4cCI6MTU5MjgyMzk1NX0.yajrss_LacCbOpuOBnTtsC-utezL1sNOe6Q6MtDLh4c HTTP/1.1" 200 82 2 Mozilla/5.0 (Windows NT 10.0; WOW64) AppleWebKit/537.36 (KHTML, like Gecko) Chrome/72.0.3626.121 Safari/537.36
0:0:0:0:0:0:0:1 - - [22/Jun/2020:14:45:14 +0800] "GET /nacos/console-fe/public/icons/icon-font.woff2 HTTP/1.1" 404 177 30 Mozilla/5.0 (Windows NT 10.0; WOW64) AppleWebKit/537.36 (KHTML, like Gecko) Chrome/72.0.3626.121 Safari/537.36
0:0:0:0:0:0:0:1 - - [22/Jun/2020:14:45:14 +0800] "GET /nacos/v1/ns/catalog/services?hasIpCount=true&withInstances=false&pageNo=1&pageSize=10&serviceNameParam=&groupNameParam=&accessToken=eyJhbGciOiJIUzI1NiJ9.eyJzdWIiOiJuYWNvcyIsImV4cCI6MTU5MjgyMzk1NX0.yajrss_LacCbOpuOBnTtsC-utezL1sNOe6Q6MtDLh4c&namespaceId=fb00e33b-00f2-415a-9cd7-70408bf45f05 HTTP/1.1" 200 39 3 Mozilla/5.0 (Windows NT 10.0; WOW64) AppleWebKit/537.36 (KHTML, like Gecko) Chrome/72.0.3626.121 Safari/537.36
0:0:0:0:0:0:0:1 - - [22/Jun/2020:14:45:14 +0800] "GET /nacos/console-fe/public/img/favicon.ico HTTP/1.1" 200 4286 16 Mozilla/5.0 (Windows NT 10.0; WOW64) AppleWebKit/537.36 (KHTML, like Gecko) Chrome/72.0.3626.121 Safari/537.36
0:0:0:0:0:0:0:1 - - [22/Jun/2020:14:45:14 +0800] "GET /nacos/index.html HTTP/1.1" 304 - 14 Mozilla/5.0 (Windows NT 10.0; WOW64) AppleWebKit/537.36 (KHTML, like Gecko) Chrome/72.0.3626.121 Safari/537.36
0:0:0:0:0:0:0:1 - - [22/Jun/2020:14:45:14 +0800] "GET /nacos/v1/console/namespaces?&accessToken=eyJhbGciOiJIUzI1NiJ9.eyJzdWIiOiJuYWNvcyIsImV4cCI6MTU5MjgyMzk1NX0.yajrss_LacCbOpuOBnTtsC-utezL1sNOe6Q6MtDLh4c&namespaceId=fb00e33b-00f2-415a-9cd7-70408bf45f05 HTTP/1.1" 200 257 2 Mozilla/5.0 (Windows NT 10.0; WOW64) AppleWebKit/537.36 (KHTML, like Gecko) Chrome/72.0.3626.121 Safari/537.36
0:0:0:0:0:0:0:1 - - [22/Jun/2020:14:45:14 +0800] "GET /nacos/v1/console/server/state?accessToken=eyJhbGciOiJIUzI1NiJ9.eyJzdWIiOiJuYWNvcyIsImV4cCI6MTU5MjgyMzk1NX0.yajrss_LacCbOpuOBnTtsC-utezL1sNOe6Q6MtDLh4c HTTP/1.1" 200 82 2 Mozilla/5.0 (Windows NT 10.0; WOW64) AppleWebKit/537.36 (KHTML, like Gecko) Chrome/72.0.3626.121 Safari/537.36
0:0:0:0:0:0:0:1 - - [22/Jun/2020:14:45:14 +0800] "GET /nacos/console-fe/public/icons/icon-font.woff2 HTTP/1.1" 404 177 36 Mozilla/5.0 (Windows NT 10.0; WOW64) AppleWebKit/537.36 (KHTML, like Gecko) Chrome/72.0.3626.121 Safari/537.36
0:0:0:0:0:0:0:1 - - [22/Jun/2020:14:45:14 +0800] "GET /nacos/v1/ns/catalog/services?hasIpCount=true&withInstances=false&pageNo=1&pageSize=10&serviceNameParam=&groupNameParam=&accessToken=eyJhbGciOiJIUzI1NiJ9.eyJzdWIiOiJuYWNvcyIsImV4cCI6MTU5MjgyMzk1NX0.yajrss_LacCbOpuOBnTtsC-utezL1sNOe6Q6MtDLh4c&namespaceId=fb00e33b-00f2-415a-9cd7-70408bf45f05 HTTP/1.1" 200 39 3 Mozilla/5.0 (Windows NT 10.0; WOW64) AppleWebKit/537.36 (KHTML, like Gecko) Chrome/72.0.3626.121 Safari/537.36
0:0:0:0:0:0:0:1 - - [22/Jun/2020:14:45:14 +0800] "GET /nacos/console-fe/public/img/favicon.ico HTTP/1.1" 200 4286 14 Mozilla/5.0 (Windows NT 10.0; WOW64) AppleWebKit/537.36 (KHTML, like Gecko) Chrome/72.0.3626.121 Safari/537.36
127.0.0.1 - - [22/Jun/2020:14:45:16 +0800] "PUT /nacos/v1/ns/instance/beat?beat=%7B%22cluster%22%3A%22DEFAULT%22%2C%22ip%22%3A%22192.168.8.184%22%2C%22metadata%22%3A%7B%22preserved.register.source%22%3A%22SPRING_CLOUD%22%7D%2C%22period%22%3A5000%2C%22port%22%3A10001%2C%22scheduled%22%3Afalse%2C%22serviceName%22%3A%22DEFAULT_GROUP%40%40GATEWAY-SERVER%22%2C%22stopped%22%3Afalse%2C%22weight%22%3A1.0%7D&app=unknown&serviceName=DEFAULT_GROUP%40%40GATEWAY-SERVER&encoding=UTF-8&namespaceId=public HTTP/1.1" 200 75 3 Nacos-Java-Client:v1.1.4
127.0.0.1 - - [22/Jun/2020:14:45:21 +0800] "PUT /nacos/v1/ns/instance/beat?beat=%7B%22cluster%22%3A%22DEFAULT%22%2C%22ip%22%3A%22192.168.8.184%22%2C%22metadata%22%3A%7B%22preserved.register.source%22%3A%22SPRING_CLOUD%22%7D%2C%22period%22%3A5000%2C%22port%22%3A10001%2C%22scheduled%22%3Afalse%2C%22serviceName%22%3A%22DEFAULT_GROUP%40%40GATEWAY-SERVER%22%2C%22stopped%22%3Afalse%2C%22weight%22%3A1.0%7D&app=unknown&serviceName=DEFAULT_GROUP%40%40GATEWAY-SERVER&encoding=UTF-8&namespaceId=public HTTP/1.1" 200 75 4 Nacos-Java-Client:v1.1.4
127.0.0.1 - - [22/Jun/2020:14:45:25 +0800] "POST /nacos/v1/cs/configs/listener HTTP/1.1" 200 - 29504 Java/1.8.0_91
127.0.0.1 - - [22/Jun/2020:14:45:26 +0800] "PUT /nacos/v1/ns/instance/beat?beat=%7B%22cluster%22%3A%22DEFAULT%22%2C%22ip%22%3A%22192.168.8.184%22%2C%22metadata%22%3A%7B%22preserved.register.source%22%3A%22SPRING_CLOUD%22%7D%2C%22period%22%3A5000%2C%22port%22%3A10001%2C%22scheduled%22%3Afalse%2C%22serviceName%22%3A%22DEFAULT_GROUP%40%40GATEWAY-SERVER%22%2C%22stopped%22%3Afalse%2C%22weight%22%3A1.0%7D&app=unknown&serviceName=DEFAULT_GROUP%40%40GATEWAY-SERVER&encoding=UTF-8&namespaceId=public HTTP/1.1" 200 75 3 Nacos-Java-Client:v1.1.4
0:0:0:0:0:0:0:1 - - [22/Jun/2020:14:45:27 +0800] "GET /nacos/v1/auth/users?pageNo=1&pageSize=9&accessToken=eyJhbGciOiJIUzI1NiJ9.eyJzdWIiOiJuYWNvcyIsImV4cCI6MTU5MjgyMzk1NX0.yajrss_LacCbOpuOBnTtsC-utezL1sNOe6Q6MtDLh4c HTTP/1.1" 200 170 5 Mozilla/5.0 (Windows NT 10.0; WOW64) AppleWebKit/537.36 (KHTML, like Gecko) Chrome/72.0.3626.121 Safari/537.36
0:0:0:0:0:0:0:1 - - [22/Jun/2020:14:45:27 +0800] "GET /nacos/v1/auth/roles?pageNo=1&pageSize=9&accessToken=eyJhbGciOiJIUzI1NiJ9.eyJzdWIiOiJuYWNvcyIsImV4cCI6MTU5MjgyMzk1NX0.yajrss_LacCbOpuOBnTtsC-utezL1sNOe6Q6MtDLh4c HTTP/1.1" 200 116 4 Mozilla/5.0 (Windows NT 10.0; WOW64) AppleWebKit/537.36 (KHTML, like Gecko) Chrome/72.0.3626.121 Safari/537.36
0:0:0:0:0:0:0:1 - - [22/Jun/2020:14:45:29 +0800] "GET /nacos/v1/ns/catalog/services?hasIpCount=true&withInstances=false&pageNo=1&pageSize=10&serviceNameParam=&groupNameParam=&accessToken=eyJhbGciOiJIUzI1NiJ9.eyJzdWIiOiJuYWNvcyIsImV4cCI6MTU5MjgyMzk1NX0.yajrss_LacCbOpuOBnTtsC-utezL1sNOe6Q6MtDLh4c&namespaceId=fb00e33b-00f2-415a-9cd7-70408bf45f05 HTTP/1.1" 200 39 2 Mozilla/5.0 (Windows NT 10.0; WOW64) AppleWebKit/537.36 (KHTML, like Gecko) Chrome/72.0.3626.121 Safari/537.36
127.0.0.1 - - [22/Jun/2020:14:45:31 +0800] "PUT /nacos/v1/ns/instance/beat?beat=%7B%22cluster%22%3A%22DEFAULT%22%2C%22ip%22%3A%22192.168.8.184%22%2C%22metadata%22%3A%7B%22preserved.register.source%22%3A%22SPRING_CLOUD%22%7D%2C%22period%22%3A5000%2C%22port%22%3A10001%2C%22scheduled%22%3Afalse%2C%22serviceName%22%3A%22DEFAULT_GROUP%40%40GATEWAY-SERVER%22%2C%22stopped%22%3Afalse%2C%22weight%22%3A1.0%7D&app=unknown&serviceName=DEFAULT_GROUP%40%40GATEWAY-SERVER&encoding=UTF-8&namespaceId=public HTTP/1.1" 200 75 8 Nacos-Java-Client:v1.1.4
127.0.0.1 - - [22/Jun/2020:14:45:36 +0800] "PUT /nacos/v1/ns/instance/beat?beat=%7B%22cluster%22%3A%22DEFAULT%22%2C%22ip%22%3A%22192.168.8.184%22%2C%22metadata%22%3A%7B%22preserved.register.source%22%3A%22SPRING_CLOUD%22%7D%2C%22period%22%3A5000%2C%22port%22%3A10001%2C%22scheduled%22%3Afalse%2C%22serviceName%22%3A%22DEFAULT_GROUP%40%40GATEWAY-SERVER%22%2C%22stopped%22%3Afalse%2C%22weight%22%3A1.0%7D&app=unknown&serviceName=DEFAULT_GROUP%40%40GATEWAY-SERVER&encoding=UTF-8&namespaceId=public HTTP/1.1" 200 75 9 Nacos-Java-Client:v1.1.4
0:0:0:0:0:0:0:1 - - [22/Jun/2020:14:45:36 +0800] "GET /nacos/v1/ns/catalog/services?hasIpCount=true&withInstances=false&pageNo=1&pageSize=10&serviceNameParam=&groupNameParam=&accessToken=eyJhbGciOiJIUzI1NiJ9.eyJzdWIiOiJuYWNvcyIsImV4cCI6MTU5MjgyMzk1NX0.yajrss_LacCbOpuOBnTtsC-utezL1sNOe6Q6MtDLh4c&namespaceId=fb00e33b-00f2-415a-9cd7-70408bf45f05 HTTP/1.1" 200 39 4 Mozilla/5.0 (Windows NT 10.0; WOW64) AppleWebKit/537.36 (KHTML, like Gecko) Chrome/72.0.3626.121 Safari/537.36
0:0:0:0:0:0:0:1 - - [22/Jun/2020:14:45:37 +0800] "GET /nacos/v1/ns/catalog/services?hasIpCount=true&withInstances=false&pageNo=1&pageSize=10&serviceNameParam=&groupNameParam=&accessToken=eyJhbGciOiJIUzI1NiJ9.eyJzdWIiOiJuYWNvcyIsImV4cCI6MTU5MjgyMzk1NX0.yajrss_LacCbOpuOBnTtsC-utezL1sNOe6Q6MtDLh4c&namespaceId=fb00e33b-00f2-415a-9cd7-70408bf45f05 HTTP/1.1" 200 39 3 Mozilla/5.0 (Windows NT 10.0; WOW64) AppleWebKit/537.36 (KHTML, like Gecko) Chrome/72.0.3626.121 Safari/537.36
0:0:0:0:0:0:0:1 - - [22/Jun/2020:14:45:38 +0800] "GET /nacos/v1/ns/catalog/services?hasIpCount=true&withInstances=false&pageNo=1&pageSize=10&serviceNameParam=&groupNameParam=&accessToken=eyJhbGciOiJIUzI1NiJ9.eyJzdWIiOiJuYWNvcyIsImV4cCI6MTU5MjgyMzk1NX0.yajrss_LacCbOpuOBnTtsC-utezL1sNOe6Q6MtDLh4c&namespaceId= HTTP/1.1" 200 168 2 Mozilla/5.0 (Windows NT 10.0; WOW64) AppleWebKit/537.36 (KHTML, like Gecko) Chrome/72.0.3626.121 Safari/537.36
0:0:0:0:0:0:0:1 - - [22/Jun/2020:14:45:39 +0800] "GET /nacos/v1/ns/catalog/services?hasIpCount=true&withInstances=false&pageNo=1&pageSize=10&serviceNameParam=&groupNameParam=&accessToken=eyJhbGciOiJIUzI1NiJ9.eyJzdWIiOiJuYWNvcyIsImV4cCI6MTU5MjgyMzk1NX0.yajrss_LacCbOpuOBnTtsC-utezL1sNOe6Q6MtDLh4c&namespaceId= HTTP/1.1" 200 168 3 Mozilla/5.0 (Windows NT 10.0; WOW64) AppleWebKit/537.36 (KHTML, like Gecko) Chrome/72.0.3626.121 Safari/537.36
127.0.0.1 - - [22/Jun/2020:14:45:41 +0800] "PUT /nacos/v1/ns/instance/beat?beat=%7B%22cluster%22%3A%22DEFAULT%22%2C%22ip%22%3A%22192.168.8.184%22%2C%22metadata%22%3A%7B%22preserved.register.source%22%3A%22SPRING_CLOUD%22%7D%2C%22period%22%3A5000%2C%22port%22%3A10001%2C%22scheduled%22%3Afalse%2C%22serviceName%22%3A%22DEFAULT_GROUP%40%40GATEWAY-SERVER%22%2C%22stopped%22%3Afalse%2C%22weight%22%3A1.0%7D&app=unknown&serviceName=DEFAULT_GROUP%40%40GATEWAY-SERVER&encoding=UTF-8&namespaceId=public HTTP/1.1" 200 75 7 Nacos-Java-Client:v1.1.4
0:0:0:0:0:0:0:1 - - [22/Jun/2020:14:45:42 +0800] "GET /nacos/index.html HTTP/1.1" 304 - 16 Mozilla/5.0 (Windows NT 10.0; WOW64) AppleWebKit/537.36 (KHTML, like Gecko) Chrome/72.0.3626.121 Safari/537.36
0:0:0:0:0:0:0:1 - - [22/Jun/2020:14:45:42 +0800] "GET /nacos/v1/console/namespaces?&accessToken=eyJhbGciOiJIUzI1NiJ9.eyJzdWIiOiJuYWNvcyIsImV4cCI6MTU5MjgyMzk1NX0.yajrss_LacCbOpuOBnTtsC-utezL1sNOe6Q6MtDLh4c&namespaceId= HTTP/1.1" 200 257 3 Mozilla/5.0 (Windows NT 10.0; WOW64) AppleWebKit/537.36 (KHTML, like Gecko) Chrome/72.0.3626.121 Safari/537.36
0:0:0:0:0:0:0:1 - - [22/Jun/2020:14:45:42 +0800] "GET /nacos/v1/console/server/state?accessToken=eyJhbGciOiJIUzI1NiJ9.eyJzdWIiOiJuYWNvcyIsImV4cCI6MTU5MjgyMzk1NX0.yajrss_LacCbOpuOBnTtsC-utezL1sNOe6Q6MtDLh4c HTTP/1.1" 200 82 2 Mozilla/5.0 (Windows NT 10.0; WOW64) AppleWebKit/537.36 (KHTML, like Gecko) Chrome/72.0.3626.121 Safari/537.36
0:0:0:0:0:0:0:1 - - [22/Jun/2020:14:45:42 +0800] "GET /nacos/console-fe/public/icons/icon-font.woff2 HTTP/1.1" 404 177 29 Mozilla/5.0 (Windows NT 10.0; WOW64) AppleWebKit/537.36 (KHTML, like Gecko) Chrome/72.0.3626.121 Safari/537.36
0:0:0:0:0:0:0:1 - - [22/Jun/2020:14:45:42 +0800] "GET /nacos/v1/ns/catalog/services?hasIpCount=true&withInstances=false&pageNo=1&pageSize=10&serviceNameParam=&groupNameParam=&accessToken=eyJhbGciOiJIUzI1NiJ9.eyJzdWIiOiJuYWNvcyIsImV4cCI6MTU5MjgyMzk1NX0.yajrss_LacCbOpuOBnTtsC-utezL1sNOe6Q6MtDLh4c&namespaceId= HTTP/1.1" 200 168 4 Mozilla/5.0 (Windows NT 10.0; WOW64) AppleWebKit/537.36 (KHTML, like Gecko) Chrome/72.0.3626.121 Safari/537.36
0:0:0:0:0:0:0:1 - - [22/Jun/2020:14:45:42 +0800] "GET /nacos/console-fe/public/img/favicon.ico HTTP/1.1" 200 4286 13 Mozilla/5.0 (Windows NT 10.0; WOW64) AppleWebKit/537.36 (KHTML, like Gecko) Chrome/72.0.3626.121 Safari/537.36
0:0:0:0:0:0:0:1 - - [22/Jun/2020:14:45:42 +0800] "GET /nacos/index.html HTTP/1.1" 304 - 14 Mozilla/5.0 (Windows NT 10.0; WOW64) AppleWebKit/537.36 (KHTML, like Gecko) Chrome/72.0.3626.121 Safari/537.36
0:0:0:0:0:0:0:1 - - [22/Jun/2020:14:45:42 +0800] "GET /nacos/v1/console/namespaces?&accessToken=eyJhbGciOiJIUzI1NiJ9.eyJzdWIiOiJuYWNvcyIsImV4cCI6MTU5MjgyMzk1NX0.yajrss_LacCbOpuOBnTtsC-utezL1sNOe6Q6MtDLh4c&namespaceId= HTTP/1.1" 200 257 3 Mozilla/5.0 (Windows NT 10.0; WOW64) AppleWebKit/537.36 (KHTML, like Gecko) Chrome/72.0.3626.121 Safari/537.36
0:0:0:0:0:0:0:1 - - [22/Jun/2020:14:45:42 +0800] "GET /nacos/v1/console/server/state?accessToken=eyJhbGciOiJIUzI1NiJ9.eyJzdWIiOiJuYWNvcyIsImV4cCI6MTU5MjgyMzk1NX0.yajrss_LacCbOpuOBnTtsC-utezL1sNOe6Q6MtDLh4c HTTP/1.1" 200 82 2 Mozilla/5.0 (Windows NT 10.0; WOW64) AppleWebKit/537.36 (KHTML, like Gecko) Chrome/72.0.3626.121 Safari/537.36
0:0:0:0:0:0:0:1 - - [22/Jun/2020:14:45:42 +0800] "GET /nacos/console-fe/public/icons/icon-font.woff2 HTTP/1.1" 404 177 30 Mozilla/5.0 (Windows NT 10.0; WOW64) AppleWebKit/537.36 (KHTML, like Gecko) Chrome/72.0.3626.121 Safari/537.36
0:0:0:0:0:0:0:1 - - [22/Jun/2020:14:45:42 +0800] "GET /nacos/v1/ns/catalog/services?hasIpCount=true&withInstances=false&pageNo=1&pageSize=10&serviceNameParam=&groupNameParam=&accessToken=eyJhbGciOiJIUzI1NiJ9.eyJzdWIiOiJuYWNvcyIsImV4cCI6MTU5MjgyMzk1NX0.yajrss_LacCbOpuOBnTtsC-utezL1sNOe6Q6MtDLh4c&namespaceId= HTTP/1.1" 200 168 2 Mozilla/5.0 (Windows NT 10.0; WOW64) AppleWebKit/537.36 (KHTML, like Gecko) Chrome/72.0.3626.121 Safari/537.36
0:0:0:0:0:0:0:1 - - [22/Jun/2020:14:45:42 +0800] "GET /nacos/console-fe/public/img/favicon.ico HTTP/1.1" 200 4286 15 Mozilla/5.0 (Windows NT 10.0; WOW64) AppleWebKit/537.36 (KHTML, like Gecko) Chrome/72.0.3626.121 Safari/537.36
0:0:0:0:0:0:0:1 - - [22/Jun/2020:14:45:43 +0800] "GET /nacos/index.html HTTP/1.1" 304 - 14 Mozilla/5.0 (Windows NT 10.0; WOW64) AppleWebKit/537.36 (KHTML, like Gecko) Chrome/72.0.3626.121 Safari/537.36
0:0:0:0:0:0:0:1 - - [22/Jun/2020:14:45:43 +0800] "GET /nacos/v1/console/namespaces?&accessToken=eyJhbGciOiJIUzI1NiJ9.eyJzdWIiOiJuYWNvcyIsImV4cCI6MTU5MjgyMzk1NX0.yajrss_LacCbOpuOBnTtsC-utezL1sNOe6Q6MtDLh4c&namespaceId= HTTP/1.1" 200 257 3 Mozilla/5.0 (Windows NT 10.0; WOW64) AppleWebKit/537.36 (KHTML, like Gecko) Chrome/72.0.3626.121 Safari/537.36
0:0:0:0:0:0:0:1 - - [22/Jun/2020:14:45:43 +0800] "GET /nacos/v1/console/server/state?accessToken=eyJhbGciOiJIUzI1NiJ9.eyJzdWIiOiJuYWNvcyIsImV4cCI6MTU5MjgyMzk1NX0.yajrss_LacCbOpuOBnTtsC-utezL1sNOe6Q6MtDLh4c HTTP/1.1" 200 82 2 Mozilla/5.0 (Windows NT 10.0; WOW64) AppleWebKit/537.36 (KHTML, like Gecko) Chrome/72.0.3626.121 Safari/537.36
0:0:0:0:0:0:0:1 - - [22/Jun/2020:14:45:43 +0800] "GET /nacos/console-fe/public/icons/icon-font.woff2 HTTP/1.1" 404 177 37 Mozilla/5.0 (Windows NT 10.0; WOW64) AppleWebKit/537.36 (KHTML, like Gecko) Chrome/72.0.3626.121 Safari/537.36
0:0:0:0:0:0:0:1 - - [22/Jun/2020:14:45:43 +0800] "GET /nacos/v1/ns/catalog/services?hasIpCount=true&withInstances=false&pageNo=1&pageSize=10&serviceNameParam=&groupNameParam=&accessToken=eyJhbGciOiJIUzI1NiJ9.eyJzdWIiOiJuYWNvcyIsImV4cCI6MTU5MjgyMzk1NX0.yajrss_LacCbOpuOBnTtsC-utezL1sNOe6Q6MtDLh4c&namespaceId= HTTP/1.1" 200 168 3 Mozilla/5.0 (Windows NT 10.0; WOW64) AppleWebKit/537.36 (KHTML, like Gecko) Chrome/72.0.3626.121 Safari/537.36
0:0:0:0:0:0:0:1 - - [22/Jun/2020:14:45:43 +0800] "GET /nacos/console-fe/public/img/favicon.ico HTTP/1.1" 200 4286 16 Mozilla/5.0 (Windows NT 10.0; WOW64) AppleWebKit/537.36 (KHTML, like Gecko) Chrome/72.0.3626.121 Safari/537.36
127.0.0.1 - - [22/Jun/2020:14:45:46 +0800] "PUT /nacos/v1/ns/instance/beat?beat=%7B%22cluster%22%3A%22DEFAULT%22%2C%22ip%22%3A%22192.168.8.184%22%2C%22metadata%22%3A%7B%22preserved.register.source%22%3A%22SPRING_CLOUD%22%7D%2C%22period%22%3A5000%2C%22port%22%3A10001%2C%22scheduled%22%3Afalse%2C%22serviceName%22%3A%22DEFAULT_GROUP%40%40GATEWAY-SERVER%22%2C%22stopped%22%3Afalse%2C%22weight%22%3A1.0%7D&app=unknown&serviceName=DEFAULT_GROUP%40%40GATEWAY-SERVER&encoding=UTF-8&namespaceId=public HTTP/1.1" 200 75 4 Nacos-Java-Client:v1.1.4
0:0:0:0:0:0:0:1 - - [22/Jun/2020:14:45:46 +0800] "GET /nacos/v1/ns/catalog/services?hasIpCount=true&withInstances=false&pageNo=1&pageSize=10&serviceNameParam=&groupNameParam=&accessToken=eyJhbGciOiJIUzI1NiJ9.eyJzdWIiOiJuYWNvcyIsImV4cCI6MTU5MjgyMzk1NX0.yajrss_LacCbOpuOBnTtsC-utezL1sNOe6Q6MtDLh4c&namespaceId=fb00e33b-00f2-415a-9cd7-70408bf45f05 HTTP/1.1" 200 39 2 Mozilla/5.0 (Windows NT 10.0; WOW64) AppleWebKit/537.36 (KHTML, like Gecko) Chrome/72.0.3626.121 Safari/537.36
0:0:0:0:0:0:0:1 - - [22/Jun/2020:14:45:48 +0800] "GET /nacos/index.html HTTP/1.1" 304 - 15 Mozilla/5.0 (Windows NT 10.0; WOW64) AppleWebKit/537.36 (KHTML, like Gecko) Chrome/72.0.3626.121 Safari/537.36
0:0:0:0:0:0:0:1 - - [22/Jun/2020:14:45:49 +0800] "GET /nacos/v1/console/namespaces?&accessToken=eyJhbGciOiJIUzI1NiJ9.eyJzdWIiOiJuYWNvcyIsImV4cCI6MTU5MjgyMzk1NX0.yajrss_LacCbOpuOBnTtsC-utezL1sNOe6Q6MtDLh4c&namespaceId=fb00e33b-00f2-415a-9cd7-70408bf45f05 HTTP/1.1" 200 257 4 Mozilla/5.0 (Windows NT 10.0; WOW64) AppleWebKit/537.36 (KHTML, like Gecko) Chrome/72.0.3626.121 Safari/537.36
0:0:0:0:0:0:0:1 - - [22/Jun/2020:14:45:49 +0800] "GET /nacos/v1/console/server/state?accessToken=eyJhbGciOiJIUzI1NiJ9.eyJzdWIiOiJuYWNvcyIsImV4cCI6MTU5MjgyMzk1NX0.yajrss_LacCbOpuOBnTtsC-utezL1sNOe6Q6MtDLh4c HTTP/1.1" 200 82 3 Mozilla/5.0 (Windows NT 10.0; WOW64) AppleWebKit/537.36 (KHTML, like Gecko) Chrome/72.0.3626.121 Safari/537.36
0:0:0:0:0:0:0:1 - - [22/Jun/2020:14:45:49 +0800] "GET /nacos/console-fe/public/icons/icon-font.woff2 HTTP/1.1" 404 177 29 Mozilla/5.0 (Windows NT 10.0; WOW64) AppleWebKit/537.36 (KHTML, like Gecko) Chrome/72.0.3626.121 Safari/537.36
0:0:0:0:0:0:0:1 - - [22/Jun/2020:14:45:49 +0800] "GET /nacos/v1/ns/catalog/services?hasIpCount=true&withInstances=false&pageNo=1&pageSize=10&serviceNameParam=&groupNameParam=&accessToken=eyJhbGciOiJIUzI1NiJ9.eyJzdWIiOiJuYWNvcyIsImV4cCI6MTU5MjgyMzk1NX0.yajrss_LacCbOpuOBnTtsC-utezL1sNOe6Q6MtDLh4c&namespaceId=fb00e33b-00f2-415a-9cd7-70408bf45f05 HTTP/1.1" 200 39 4 Mozilla/5.0 (Windows NT 10.0; WOW64) AppleWebKit/537.36 (KHTML, like Gecko) Chrome/72.0.3626.121 Safari/537.36
0:0:0:0:0:0:0:1 - - [22/Jun/2020:14:45:49 +0800] "GET /nacos/console-fe/public/img/favicon.ico HTTP/1.1" 200 4286 14 Mozilla/5.0 (Windows NT 10.0; WOW64) AppleWebKit/537.36 (KHTML, like Gecko) Chrome/72.0.3626.121 Safari/537.36
0:0:0:0:0:0:0:1 - - [22/Jun/2020:14:45:50 +0800] "GET /nacos/v1/ns/catalog/services?hasIpCount=true&withInstances=false&pageNo=1&pageSize=10&serviceNameParam=&groupNameParam=&accessToken=eyJhbGciOiJIUzI1NiJ9.eyJzdWIiOiJuYWNvcyIsImV4cCI6MTU5MjgyMzk1NX0.yajrss_LacCbOpuOBnTtsC-utezL1sNOe6Q6MtDLh4c&namespaceId= HTTP/1.1" 200 168 3 Mozilla/5.0 (Windows NT 10.0; WOW64) AppleWebKit/537.36 (KHTML, like Gecko) Chrome/72.0.3626.121 Safari/537.36
127.0.0.1 - - [22/Jun/2020:14:45:51 +0800] "PUT /nacos/v1/ns/instance/beat?beat=%7B%22cluster%22%3A%22DEFAULT%22%2C%22ip%22%3A%22192.168.8.184%22%2C%22metadata%22%3A%7B%22preserved.register.source%22%3A%22SPRING_CLOUD%22%7D%2C%22period%22%3A5000%2C%22port%22%3A10001%2C%22scheduled%22%3Afalse%2C%22serviceName%22%3A%22DEFAULT_GROUP%40%40GATEWAY-SERVER%22%2C%22stopped%22%3Afalse%2C%22weight%22%3A1.0%7D&app=unknown&serviceName=DEFAULT_GROUP%40%40GATEWAY-SERVER&encoding=UTF-8&namespaceId=public HTTP/1.1" 200 75 4 Nacos-Java-Client:v1.1.4
127.0.0.1 - - [22/Jun/2020:14:45:54 +0800] "POST /nacos/v1/cs/configs/listener HTTP/1.1" 200 - 29503 Java/1.8.0_91
127.0.0.1 - - [22/Jun/2020:14:45:56 +0800] "PUT /nacos/v1/ns/instance/beat?beat=%7B%22cluster%22%3A%22DEFAULT%22%2C%22ip%22%3A%22192.168.8.184%22%2C%22metadata%22%3A%7B%22preserved.register.source%22%3A%22SPRING_CLOUD%22%7D%2C%22period%22%3A5000%2C%22port%22%3A10001%2C%22scheduled%22%3Afalse%2C%22serviceName%22%3A%22DEFAULT_GROUP%40%40GATEWAY-SERVER%22%2C%22stopped%22%3Afalse%2C%22weight%22%3A1.0%7D&app=unknown&serviceName=DEFAULT_GROUP%40%40GATEWAY-SERVER&encoding=UTF-8&namespaceId=public HTTP/1.1" 200 75 2 Nacos-Java-Client:v1.1.4
0:0:0:0:0:0:0:1 - - [22/Jun/2020:14:45:59 +0800] "GET /nacos/v1/cs/configs?dataId=&group=&appName=&config_tags=&pageNo=1&pageSize=10&tenant=fb00e33b-00f2-415a-9cd7-70408bf45f05&search=accurate&accessToken=eyJhbGciOiJIUzI1NiJ9.eyJzdWIiOiJuYWNvcyIsImV4cCI6MTU5MjgyMzk1NX0.yajrss_LacCbOpuOBnTtsC-utezL1sNOe6Q6MtDLh4c HTTP/1.1" 200 2620 6 Mozilla/5.0 (Windows NT 10.0; WOW64) AppleWebKit/537.36 (KHTML, like Gecko) Chrome/72.0.3626.121 Safari/537.36
0:0:0:0:0:0:0:1 - - [22/Jun/2020:14:46:00 +0800] "GET /nacos/v1/console/namespaces?&accessToken=eyJhbGciOiJIUzI1NiJ9.eyJzdWIiOiJuYWNvcyIsImV4cCI6MTU5MjgyMzk1NX0.yajrss_LacCbOpuOBnTtsC-utezL1sNOe6Q6MtDLh4c&namespaceId=fb00e33b-00f2-415a-9cd7-70408bf45f05 HTTP/1.1" 200 257 4 Mozilla/5.0 (Windows NT 10.0; WOW64) AppleWebKit/537.36 (KHTML, like Gecko) Chrome/72.0.3626.121 Safari/537.36
127.0.0.1 - - [22/Jun/2020:14:46:01 +0800] "PUT /nacos/v1/ns/instance/beat?beat=%7B%22cluster%22%3A%22DEFAULT%22%2C%22ip%22%3A%22192.168.8.184%22%2C%22metadata%22%3A%7B%22preserved.register.source%22%3A%22SPRING_CLOUD%22%7D%2C%22period%22%3A5000%2C%22port%22%3A10001%2C%22scheduled%22%3Afalse%2C%22serviceName%22%3A%22DEFAULT_GROUP%40%40GATEWAY-SERVER%22%2C%22stopped%22%3Afalse%2C%22weight%22%3A1.0%7D&app=unknown&serviceName=DEFAULT_GROUP%40%40GATEWAY-SERVER&encoding=UTF-8&namespaceId=public HTTP/1.1" 200 75 5 Nacos-Java-Client:v1.1.4
0:0:0:0:0:0:0:1 - - [22/Jun/2020:14:46:05 +0800] "GET /nacos/v1/cs/configs?dataId=&group=&appName=&config_tags=&pageNo=1&pageSize=10&tenant=fb00e33b-00f2-415a-9cd7-70408bf45f05&search=accurate&accessToken=eyJhbGciOiJIUzI1NiJ9.eyJzdWIiOiJuYWNvcyIsImV4cCI6MTU5MjgyMzk1NX0.yajrss_LacCbOpuOBnTtsC-utezL1sNOe6Q6MtDLh4c HTTP/1.1" 200 2620 4 Mozilla/5.0 (Windows NT 10.0; WOW64) AppleWebKit/537.36 (KHTML, like Gecko) Chrome/72.0.3626.121 Safari/537.36
127.0.0.1 - - [22/Jun/2020:14:46:06 +0800] "PUT /nacos/v1/ns/instance/beat?beat=%7B%22cluster%22%3A%22DEFAULT%22%2C%22ip%22%3A%22192.168.8.184%22%2C%22metadata%22%3A%7B%22preserved.register.source%22%3A%22SPRING_CLOUD%22%7D%2C%22period%22%3A5000%2C%22port%22%3A10001%2C%22scheduled%22%3Afalse%2C%22serviceName%22%3A%22DEFAULT_GROUP%40%40GATEWAY-SERVER%22%2C%22stopped%22%3Afalse%2C%22weight%22%3A1.0%7D&app=unknown&serviceName=DEFAULT_GROUP%40%40GATEWAY-SERVER&encoding=UTF-8&namespaceId=public HTTP/1.1" 200 75 4 Nacos-Java-Client:v1.1.4
0:0:0:0:0:0:0:1 - - [22/Jun/2020:14:46:08 +0800] "GET /nacos/v1/ns/catalog/services?hasIpCount=true&withInstances=false&pageNo=1&pageSize=10&serviceNameParam=&groupNameParam=&accessToken=eyJhbGciOiJIUzI1NiJ9.eyJzdWIiOiJuYWNvcyIsImV4cCI6MTU5MjgyMzk1NX0.yajrss_LacCbOpuOBnTtsC-utezL1sNOe6Q6MtDLh4c&namespaceId=fb00e33b-00f2-415a-9cd7-70408bf45f05 HTTP/1.1" 200 39 3 Mozilla/5.0 (Windows NT 10.0; WOW64) AppleWebKit/537.36 (KHTML, like Gecko) Chrome/72.0.3626.121 Safari/537.36
127.0.0.1 - - [22/Jun/2020:14:46:11 +0800] "PUT /nacos/v1/ns/instance/beat?beat=%7B%22cluster%22%3A%22DEFAULT%22%2C%22ip%22%3A%22192.168.8.184%22%2C%22metadata%22%3A%7B%22preserved.register.source%22%3A%22SPRING_CLOUD%22%7D%2C%22period%22%3A5000%2C%22port%22%3A10001%2C%22scheduled%22%3Afalse%2C%22serviceName%22%3A%22DEFAULT_GROUP%40%40GATEWAY-SERVER%22%2C%22stopped%22%3Afalse%2C%22weight%22%3A1.0%7D&app=unknown&serviceName=DEFAULT_GROUP%40%40GATEWAY-SERVER&encoding=UTF-8&namespaceId=public HTTP/1.1" 200 75 6 Nacos-Java-Client:v1.1.4
0:0:0:0:0:0:0:1 - - [22/Jun/2020:14:46:13 +0800] "GET /nacos/v1/ns/catalog/services?hasIpCount=true&withInstances=false&pageNo=1&pageSize=10&serviceNameParam=&groupNameParam=&accessToken=eyJhbGciOiJIUzI1NiJ9.eyJzdWIiOiJuYWNvcyIsImV4cCI6MTU5MjgyMzk1NX0.yajrss_LacCbOpuOBnTtsC-utezL1sNOe6Q6MtDLh4c&namespaceId= HTTP/1.1" 200 168 2 Mozilla/5.0 (Windows NT 10.0; WOW64) AppleWebKit/537.36 (KHTML, like Gecko) Chrome/72.0.3626.121 Safari/537.36
127.0.0.1 - - [22/Jun/2020:14:46:16 +0800] "PUT /nacos/v1/ns/instance/beat?beat=%7B%22cluster%22%3A%22DEFAULT%22%2C%22ip%22%3A%22192.168.8.184%22%2C%22metadata%22%3A%7B%22preserved.register.source%22%3A%22SPRING_CLOUD%22%7D%2C%22period%22%3A5000%2C%22port%22%3A10001%2C%22scheduled%22%3Afalse%2C%22serviceName%22%3A%22DEFAULT_GROUP%40%40GATEWAY-SERVER%22%2C%22stopped%22%3Afalse%2C%22weight%22%3A1.0%7D&app=unknown&serviceName=DEFAULT_GROUP%40%40GATEWAY-SERVER&encoding=UTF-8&namespaceId=public HTTP/1.1" 200 75 7 Nacos-Java-Client:v1.1.4
0:0:0:0:0:0:0:1 - - [22/Jun/2020:14:46:20 +0800] "GET /nacos/v1/console/namespaces?&accessToken=eyJhbGciOiJIUzI1NiJ9.eyJzdWIiOiJuYWNvcyIsImV4cCI6MTU5MjgyMzk1NX0.yajrss_LacCbOpuOBnTtsC-utezL1sNOe6Q6MtDLh4c&namespaceId= HTTP/1.1" 200 257 4 Mozilla/5.0 (Windows NT 10.0; WOW64) AppleWebKit/537.36 (KHTML, like Gecko) Chrome/72.0.3626.121 Safari/537.36
127.0.0.1 - - [22/Jun/2020:14:46:21 +0800] "PUT /nacos/v1/ns/instance/beat?beat=%7B%22cluster%22%3A%22DEFAULT%22%2C%22ip%22%3A%22192.168.8.184%22%2C%22metadata%22%3A%7B%22preserved.register.source%22%3A%22SPRING_CLOUD%22%7D%2C%22period%22%3A5000%2C%22port%22%3A10001%2C%22scheduled%22%3Afalse%2C%22serviceName%22%3A%22DEFAULT_GROUP%40%40GATEWAY-SERVER%22%2C%22stopped%22%3Afalse%2C%22weight%22%3A1.0%7D&app=unknown&serviceName=DEFAULT_GROUP%40%40GATEWAY-SERVER&encoding=UTF-8&namespaceId=public HTTP/1.1" 200 75 2 Nacos-Java-Client:v1.1.4
127.0.0.1 - - [22/Jun/2020:14:46:24 +0800] "POST /nacos/v1/cs/configs/listener HTTP/1.1" 200 - 29503 Java/1.8.0_91
0:0:0:0:0:0:0:1 - - [22/Jun/2020:14:46:24 +0800] "GET /nacos/v1/ns/catalog/services?hasIpCount=true&withInstances=false&pageNo=1&pageSize=10&serviceNameParam=&groupNameParam=&accessToken=eyJhbGciOiJIUzI1NiJ9.eyJzdWIiOiJuYWNvcyIsImV4cCI6MTU5MjgyMzk1NX0.yajrss_LacCbOpuOBnTtsC-utezL1sNOe6Q6MtDLh4c&namespaceId=fb00e33b-00f2-415a-9cd7-70408bf45f05 HTTP/1.1" 200 39 3 Mozilla/5.0 (Windows NT 10.0; WOW64) AppleWebKit/537.36 (KHTML, like Gecko) Chrome/72.0.3626.121 Safari/537.36
